Component: ARM Compiler 5.06 update 7 (build 960) Tool: armlink [4d3601]

==============================================================================

Section Cross References

    startup_stm32f103xb.o(STACK) refers (Special) to heapauxi.o(.text) for __use_two_region_memory
    startup_stm32f103xb.o(HEAP) refers (Special) to heapauxi.o(.text) for __use_two_region_memory
    startup_stm32f103xb.o(RESET) refers (Special) to heapauxi.o(.text) for __use_two_region_memory
    startup_stm32f103xb.o(RESET) refers to startup_stm32f103xb.o(STACK) for __initial_sp
    startup_stm32f103xb.o(RESET) refers to startup_stm32f103xb.o(.text) for Reset_Handler
    startup_stm32f103xb.o(RESET) refers to stm32f1xx_it.o(i.NMI_Handler) for NMI_Handler
    startup_stm32f103xb.o(RESET) refers to stm32f1xx_it.o(i.HardFault_Handler) for HardFault_Handler
    startup_stm32f103xb.o(RESET) refers to stm32f1xx_it.o(i.MemManage_Handler) for MemManage_Handler
    startup_stm32f103xb.o(RESET) refers to stm32f1xx_it.o(i.BusFault_Handler) for BusFault_Handler
    startup_stm32f103xb.o(RESET) refers to stm32f1xx_it.o(i.UsageFault_Handler) for UsageFault_Handler
    startup_stm32f103xb.o(RESET) refers to port.o(.emb_text) for SVC_Handler
    startup_stm32f103xb.o(RESET) refers to stm32f1xx_it.o(i.DebugMon_Handler) for DebugMon_Handler
    startup_stm32f103xb.o(RESET) refers to port.o(i.SysTick_Handler) for SysTick_Handler
    startup_stm32f103xb.o(RESET) refers to stm32f1xx_it.o(i.TIM2_IRQHandler) for TIM2_IRQHandler
    startup_stm32f103xb.o(RESET) refers to stm32f1xx_it.o(i.USART3_IRQHandler) for USART3_IRQHandler
    startup_stm32f103xb.o(.text) refers (Special) to heapauxi.o(.text) for __use_two_region_memory
    startup_stm32f103xb.o(.text) refers to system_stm32f1xx.o(i.SystemInit) for SystemInit
    startup_stm32f103xb.o(.text) refers to __main.o(!!!main) for __main
    startup_stm32f103xb.o(.text) refers to startup_stm32f103xb.o(HEAP) for Heap_Mem
    startup_stm32f103xb.o(.text) refers to startup_stm32f103xb.o(STACK) for Stack_Mem
    hal_usart.o(i.HAL_usart_init) refers to hal_usart.o(.data) for .data
    hal_usart.o(i.HAL_usart_send) refers to strlen.o(.text) for strlen
    hal_usart.o(i.HAL_usart_send) refers to stm32f1xx_hal_uart.o(i.HAL_UART_Transmit) for HAL_UART_Transmit
    hal_usart.o(i.HAL_usart_send) refers to hal_usart.o(.data) for .data
    main.o(i.HAL_TIM_PeriodElapsedCallback) refers to stm32f1xx_hal.o(i.HAL_IncTick) for HAL_IncTick
    main.o(i.SystemClock_Config) refers to rt_memclr_w.o(.text) for __aeabi_memclr4
    main.o(i.SystemClock_Config) refers to stm32f1xx_hal_rcc.o(i.HAL_RCC_OscConfig) for HAL_RCC_OscConfig
    main.o(i.SystemClock_Config) refers to stm32f1xx_hal_rcc.o(i.HAL_RCC_ClockConfig) for HAL_RCC_ClockConfig
    main.o(i.main) refers to stm32f1xx_hal.o(i.HAL_Init) for HAL_Init
    main.o(i.main) refers to main.o(i.SystemClock_Config) for SystemClock_Config
    main.o(i.main) refers to gpio.o(i.MX_GPIO_Init) for MX_GPIO_Init
    main.o(i.main) refers to usart.o(i.MX_USART3_UART_Init) for MX_USART3_UART_Init
    main.o(i.main) refers to cmsis_os2.o(i.osKernelInitialize) for osKernelInitialize
    main.o(i.main) refers to freertos.o(i.MX_FREERTOS_Init) for MX_FREERTOS_Init
    main.o(i.main) refers to cmsis_os2.o(i.osKernelStart) for osKernelStart
    gpio.o(i.MX_GPIO_Init) refers to stm32f1xx_hal_gpio.o(i.HAL_GPIO_WritePin) for HAL_GPIO_WritePin
    gpio.o(i.MX_GPIO_Init) refers to stm32f1xx_hal_gpio.o(i.HAL_GPIO_Init) for HAL_GPIO_Init
    freertos.o(i.MX_FREERTOS_Init) refers to cmsis_os2.o(i.osSemaphoreNew) for osSemaphoreNew
    freertos.o(i.MX_FREERTOS_Init) refers to cmsis_os2.o(i.osThreadNew) for osThreadNew
    freertos.o(i.MX_FREERTOS_Init) refers to freertos.o(.constdata) for .constdata
    freertos.o(i.MX_FREERTOS_Init) refers to freertos.o(.data) for .data
    freertos.o(i.MX_FREERTOS_Init) refers to freertos.o(i.Task_main_start) for Task_main_start
    freertos.o(i.MX_FREERTOS_Init) refers to freertos.o(i.vTaskScan) for vTaskScan
    freertos.o(i.MX_FREERTOS_Init) refers to freertos.o(i.vTaskusartTask) for vTaskusartTask
    freertos.o(i.Task_main_start) refers to cmsis_os2.o(i.osDelay) for osDelay
    freertos.o(i.Task_main_start) refers to dflt_clz.o(x$fpl$dfltu) for __aeabi_ui2d
    freertos.o(i.Task_main_start) refers to dmul.o(x$fpl$dmul) for __aeabi_dmul
    freertos.o(i.Task_main_start) refers to sin.o(i.sin) for sin
    freertos.o(i.Task_main_start) refers to freertos.o(.data) for .data
    freertos.o(i.vTaskScan) refers to cmsis_os2.o(i.osSemaphoreAcquire) for osSemaphoreAcquire
    freertos.o(i.vTaskScan) refers to stm32f1xx_hal_gpio.o(i.HAL_GPIO_ReadPin) for HAL_GPIO_ReadPin
    freertos.o(i.vTaskScan) refers to stm32f1xx_hal_gpio.o(i.HAL_GPIO_WritePin) for HAL_GPIO_WritePin
    freertos.o(i.vTaskScan) refers to cmsis_os2.o(i.osDelay) for osDelay
    freertos.o(i.vTaskScan) refers to freertos.o(.data) for .data
[...]
    __NVIC_SetPriority                       0x080019cf   Thumb Code    32  stm32f1xx_hal_cortex.o(i.__NVIC_SetPriority)
    i.__ieee754_rem_pio2                     0x080019f0   Section        0  rred.o(i.__ieee754_rem_pio2)
    i.__kernel_cos                           0x08001d78   Section        0  cos_i.o(i.__kernel_cos)
    i.__kernel_poly                          0x08001e74   Section        0  poly.o(i.__kernel_poly)
    i.__kernel_sin                           0x08001f20   Section        0  sin_i.o(i.__kernel_sin)
    i.__mathlib_dbl_infnan                   0x0800200c   Section        0  dunder.o(i.__mathlib_dbl_infnan)
    i.__mathlib_dbl_invalid                  0x08002012   Section        0  dunder.o(i.__mathlib_dbl_invalid)
    i.__mathlib_dbl_underflow                0x08002020   Section        0  dunder.o(i.__mathlib_dbl_underflow)
    i.main                                   0x08002030   Section        0  main.o(i.main)
    i.osDelay                                0x08002050   Section        0  cmsis_os2.o(i.osDelay)
    i.osKernelInitialize                     0x08002084   Section        0  cmsis_os2.o(i.osKernelInitialize)
    i.osKernelStart                          0x080020bc   Section        0  cmsis_os2.o(i.osKernelStart)
    i.osSemaphoreAcquire                     0x080020fc   Section        0  cmsis_os2.o(i.osSemaphoreAcquire)
    i.osSemaphoreNew                         0x08002170   Section        0  cmsis_os2.o(i.osSemaphoreNew)
    i.osThreadNew                            0x08002220   Section        0  cmsis_os2.o(i.osThreadNew)
    i.prvAddCurrentTaskToDelayedList         0x080022c4   Section        0  tasks.o(i.prvAddCurrentTaskToDelayedList)
    prvAddCurrentTaskToDelayedList           0x080022c5   Thumb Code    84  tasks.o(i.prvAddCurrentTaskToDelayedList)
    i.prvAddNewTaskToReadyList               0x08002320   Section        0  tasks.o(i.prvAddNewTaskToReadyList)
    prvAddNewTaskToReadyList                 0x08002321   Thumb Code   190  tasks.o(i.prvAddNewTaskToReadyList)
    i.prvCheckForValidListAndQueue           0x080023f0   Section        0  timers.o(i.prvCheckForValidListAndQueue)
    prvCheckForValidListAndQueue             0x080023f1   Thumb Code    72  timers.o(i.prvCheckForValidListAndQueue)
    i.prvCopyDataFromQueue                   0x08002448   Section        0  queue.o(i.prvCopyDataFromQueue)
    prvCopyDataFromQueue                     0x08002449   Thumb Code    38  queue.o(i.prvCopyDataFromQueue)
    i.prvCopyDataToQueue                     0x0800246e   Section        0  queue.o(i.prvCopyDataToQueue)
    prvCopyDataToQueue                       0x0800246f   Thumb Code   108  queue.o(i.prvCopyDataToQueue)
    i.prvDeleteTCB                           0x080024da   Section        0  tasks.o(i.prvDeleteTCB)
    prvDeleteTCB                             0x080024db   Thumb Code    52  tasks.o(i.prvDeleteTCB)
    i.prvHeapInit                            0x08002510   Section        0  heap_4.o(i.prvHeapInit)
    prvHeapInit                              0x08002511   Thumb Code    64  heap_4.o(i.prvHeapInit)
    i.prvIdleTask                            0x08002558   Section        0  tasks.o(i.prvIdleTask)
    prvIdleTask                              0x08002559   Thumb Code    82  tasks.o(i.prvIdleTask)
    i.prvInitialiseNewQueue                  0x080025b8   Section        0  queue.o(i.prvInitialiseNewQueue)
    prvInitialiseNewQueue                    0x080025b9   Thumb Code    34  queue.o(i.prvInitialiseNewQueue)
    i.prvInitialiseNewTask                   0x080025da   Section        0  tasks.o(i.prvInitialiseNewTask)
    prvInitialiseNewTask                     0x080025db   Thumb Code   156  tasks.o(i.prvInitialiseNewTask)
    i.prvInsertBlockIntoFreeList             0x08002678   Section        0  heap_4.o(i.prvInsertBlockIntoFreeList)
    prvInsertBlockIntoFreeList               0x08002679   Thumb Code    72  heap_4.o(i.prvInsertBlockIntoFreeList)
    i.prvInsertTimerInActiveList             0x080026c4   Section        0  timers.o(i.prvInsertTimerInActiveList)
    prvInsertTimerInActiveList               0x080026c5   Thumb Code    52  timers.o(i.prvInsertTimerInActiveList)
    i.prvIsQueueEmpty                        0x080026fc   Section        0  queue.o(i.prvIsQueueEmpty)
    prvIsQueueEmpty                          0x080026fd   Thumb Code    28  queue.o(i.prvIsQueueEmpty)
    i.prvProcessReceivedCommands             0x08002718   Section        0  timers.o(i.prvProcessReceivedCommands)
    prvProcessReceivedCommands               0x08002719   Thumb Code   198  timers.o(i.prvProcessReceivedCommands)
    i.prvProcessTimerOrBlockTask             0x080027e4   Section        0  timers.o(i.prvProcessTimerOrBlockTask)
    prvProcessTimerOrBlockTask               0x080027e5   Thumb Code   172  timers.o(i.prvProcessTimerOrBlockTask)
    i.prvResetNextTaskUnblockTime            0x08002898   Section        0  tasks.o(i.prvResetNextTaskUnblockTime)
    prvResetNextTaskUnblockTime              0x08002899   Thumb Code    26  tasks.o(i.prvResetNextTaskUnblockTime)
    i.prvSampleTimeNow                       0x080028b8   Section        0  timers.o(i.prvSampleTimeNow)
    prvSampleTimeNow                         0x080028b9   Thumb Code    36  timers.o(i.prvSampleTimeNow)
    i.prvSwitchTimerLists                    0x080028e0   Section        0  timers.o(i.prvSwitchTimerLists)
    prvSwitchTimerLists                      0x080028e1   Thumb Code   102  timers.o(i.prvSwitchTimerLists)
    i.prvTaskExitError                       0x0800294c   Section        0  port.o(i.prvTaskExitError)
    prvTaskExitError                         0x0800294d   Thumb Code    36  port.o(i.prvTaskExitError)
    i.prvTimerTask                           0x08002974   Section        0  timers.o(i.prvTimerTask)
    prvTimerTask                             0x08002975   Thumb Code    32  timers.o(i.prvTimerTask)
    i.prvUnlockQueue                         0x08002998   Section        0  queue.o(i.prvUnlockQueue)
    prvUnlockQueue                           0x08002999   Thumb Code   106  queue.o(i.prvUnlockQueue)
    i.pvPortMalloc                           0x08002a04   Section        0  heap_4.o(i.pvPortMalloc)
    i.pvTaskIncrementMutexHeldCount          0x08002adc   Section        0  tasks.o(i.pvTaskIncrementMutexHeldCount)
    i.pxPortInitialiseStack                  0x08002af4   Section        0  port.o(i.pxPortInitialiseStack)
    i.sin                                    0x08002b18   Section        0  sin.o(i.sin)
    i.uxListRemove                           0x08002bb8   Section        0  list.o(i.uxListRemove)
    i.vApplicationGetIdleTaskMemory          0x08002be0   Section        0  cmsis_os2.o(i.vApplicationGetIdleTaskMemory)
    i.vApplicationGetTimerTaskMemory         0x08002bf4   Section        0  cmsis_os2.o(i.vApplicationGetTimerTaskMemory)
    i.vListInitialise                        0x08002c0c   Section        0  list.o(i.vListInitialise)
    i.vListInitialiseItem                    0x08002c22   Section        0  list.o(i.vListInitialiseItem)
    i.vListInsert                            0x08002c28   Section        0  list.o(i.vListInsert)
    i.vListInsertEnd                         0x08002c58   Section        0  list.o(i.vListInsertEnd)
    i.vPortEnterCritical                     0x08002c70   Section        0  port.o(i.vPortEnterCritical)
    i.vPortExitCritical                      0x08002cb0   Section        0  port.o(i.vPortExitCritical)
    i.vPortFree                              0x08002cd8   Section        0  heap_4.o(i.vPortFree)
    i.vPortSetupTimerInterrupt               0x08002d34   Section        0  port.o(i.vPortSetupTimerInterrupt)
    i.vPortValidateInterruptPriority         0x08002d58   Section        0  port.o(i.vPortValidateInterruptPriority)
    i.vQueueAddToRegistry                    0x08002dac   Section        0  queue.o(i.vQueueAddToRegistry)
    i.vQueueDelete                           0x08002dd4   Section        0  queue.o(i.vQueueDelete)
    i.vQueueUnregisterQueue                  0x08002e04   Section        0  queue.o(i.vQueueUnregisterQueue)
    i.vQueueWaitForMessageRestricted         0x08002e2c   Section        0  queue.o(i.vQueueWaitForMessageRestricted)
    i.vTaskDelay                             0x08002e70   Section        0  tasks.o(i.vTaskDelay)
    i.vTaskInternalSetTimeOutState           0x08002ebc   Section        0  tasks.o(i.vTaskInternalSetTimeOutState)
    i.vTaskMissedYield                       0x08002ecc   Section        0  tasks.o(i.vTaskMissedYield)
    i.vTaskPlaceOnEventList                  0x08002ed8   Section        0  tasks.o(i.vTaskPlaceOnEventList)
    i.vTaskPlaceOnEventListRestricted        0x08002f08   Section        0  tasks.o(i.vTaskPlaceOnEventListRestricted)
    i.vTaskPriorityDisinheritAfterTimeout    0x08002f40   Section        0  tasks.o(i.vTaskPriorityDisinheritAfterTimeout)
    i.vTaskScan                              0x08002fd0   Section        0  freertos.o(i.vTaskScan)
    i.vTaskStartScheduler                    0x08003014   Section        0  tasks.o(i.vTaskStartScheduler)
    i.vTaskSuspendAll                        0x0800309c   Section        0  tasks.o(i.vTaskSuspendAll)
    i.vTaskSwitchContext                     0x080030ac   Section        0  tasks.o(i.vTaskSwitchContext)
    i.vTaskusartTask                         0x08003110   Section        0  freertos.o(i.vTaskusartTask)
    i.xPortStartScheduler                    0x08003140   Section        0  port.o(i.xPortStartScheduler)
    i.xQueueCreateCountingSemaphore          0x080031e8   Section        0  queue.o(i.xQueueCreateCountingSemaphore)
    i.xQueueCreateCountingSemaphoreStatic    0x08003222   Section        0  queue.o(i.xQueueCreateCountingSemaphoreStatic)
    i.xQueueGenericCreate                    0x08003262   Section        0  queue.o(i.xQueueGenericCreate)
    i.xQueueGenericCreateStatic              0x080032aa   Section        0  queue.o(i.xQueueGenericCreateStatic)
    i.xQueueGenericReset                     0x08003310   Section        0  queue.o(i.xQueueGenericReset)
    i.xQueueGenericSend                      0x08003398   Section        0  queue.o(i.xQueueGenericSend)
    i.xQueueGenericSendFromISR               0x080034f8   Section        0  queue.o(i.xQueueGenericSendFromISR)
    i.xQueueReceive                          0x080035b4   Section        0  queue.o(i.xQueueReceive)
    i.xQueueReceiveFromISR                   0x080036ec   Section        0  queue.o(i.xQueueReceiveFromISR)
    i.xQueueSemaphoreTake                    0x08003788   Section        0  queue.o(i.xQueueSemaphoreTake)
    i.xTaskCheckForTimeOut                   0x08003900   Section        0  tasks.o(i.xTaskCheckForTimeOut)
    i.xTaskCreate                            0x08003974   Section        0  tasks.o(i.xTaskCreate)
    i.xTaskCreateStatic                      0x080039ce   Section        0  tasks.o(i.xTaskCreateStatic)
    i.xTaskGetSchedulerState                 0x08003a24   Section        0  tasks.o(i.xTaskGetSchedulerState)
    i.xTaskGetTickCount                      0x08003a40   Section        0  tasks.o(i.xTaskGetTickCount)
    i.xTaskIncrementTick                     0x08003a4c   Section        0  tasks.o(i.xTaskIncrementTick)
    i.xTaskPriorityDisinherit                0x08003b14   Section        0  tasks.o(i.xTaskPriorityDisinherit)
    i.xTaskPriorityInherit                   0x08003b94   Section        0  tasks.o(i.xTaskPriorityInherit)
    i.xTaskRemoveFromEventList               0x08003c0c   Section        0  tasks.o(i.xTaskRemoveFromEventList)
    i.xTaskResumeAll                         0x08003c7c   Section        0  tasks.o(i.xTaskResumeAll)
    i.xTimerCreateTimerTask                  0x08003d40   Section        0  timers.o(i.xTimerCreateTimerTask)
    i.xTimerGenericCommand                   0x08003da0   Section        0  timers.o(i.xTimerGenericCommand)
    x$fpl$dadd                               0x08003e08   Section      336  daddsub_clz.o(x$fpl$dadd)
    _dadd1                                   0x08003e19   Thumb Code     0  daddsub_clz.o(x$fpl$dadd)
    x$fpl$dcheck1                            0x08003f58   Section       16  dcheck1.o(x$fpl$dcheck1)
    x$fpl$ddiv                               0x08003f68   Section      688  ddiv.o(x$fpl$ddiv)
    ddiv_entry                               0x08003f6f   Thumb Code     0  ddiv.o(x$fpl$ddiv)
    x$fpl$dfix                               0x08004218   Section       94  dfix.o(x$fpl$dfix)
    x$fpl$dflt                               0x08004276   Section       46  dflt_clz.o(x$fpl$dflt)
    x$fpl$dfltu                              0x080042a4   Section       38  dflt_clz.o(x$fpl$dfltu)
    x$fpl$dmul                               0x080042cc   Section      340  dmul.o(x$fpl$dmul)
    x$fpl$dnaninf                            0x08004420   Section      156  dnaninf.o(x$fpl$dnaninf)
    x$fpl$dretinf                            0x080044bc   Section       12  dretinf.o(x$fpl$dretinf)
    x$fpl$drsb                               0x080044c8   Section       22  daddsub_clz.o(x$fpl$drsb)
    x$fpl$dsub                               0x080044e0   Section      468  daddsub_clz.o(x$fpl$dsub)
    _dsub1                                   0x080044f1   Thumb Code     0  daddsub_clz.o(x$fpl$dsub)
    x$fpl$retnan                             0x080046b4   Section      100  retnan.o(x$fpl$retnan)
    x$fpl$scalbn                             0x08004718   Section       92  scalbn.o(x$fpl$scalbn)
    x$fpl$trapveneer                         0x08004774   Section       48  trapv.o(x$fpl$trapveneer)
    .constdata                               0x080047a4   Section      124  freertos.o(.constdata)
    x$fpl$usenofp                            0x080047a4   Section        0  usenofp.o(x$fpl$usenofp)
    .constdata                               0x08004820   Section       18  stm32f1xx_hal_rcc.o(.constdata)
    aPredivFactorTable                       0x08004820   Data           2  stm32f1xx_hal_rcc.o(.constdata)
    aPLLMULFactorTable                       0x08004822   Data          16  stm32f1xx_hal_rcc.o(.constdata)
    .constdata                               0x08004832   Section       16  system_stm32f1xx.o(.constdata)
    .constdata                               0x08004842   Section        8  system_stm32f1xx.o(.constdata)
    .constdata                               0x08004850   Section       48  cos_i.o(.constdata)
    C                                        0x08004850   Data          48  cos_i.o(.constdata)
    .constdata                               0x08004880   Section      200  rred.o(.constdata)
    pio2s                                    0x08004880   Data          48  rred.o(.constdata)
    twooverpi                                0x080048b0   Data         152  rred.o(.constdata)
    .constdata                               0x08004948   Section       40  sin_i.o(.constdata)
    S                                        0x08004948   Data          40  sin_i.o(.constdata)
    .conststring                             0x08004970   Section       42  freertos.o(.conststring)
    .data                                    0x20000000   Section        4  hal_usart.o(.data)
    g_huart                                  0x20000000   Data           4  hal_usart.o(.data)
    .data                                    0x20000008   Section       24  freertos.o(.data)
    .data                                    0x20000020   Section       12  stm32f1xx_hal.o(.data)
    .data                                    0x2000002c   Section        4  system_stm32f1xx.o(.data)
    .data                                    0x20000030   Section       60  tasks.o(.data)
    pxDelayedTaskList                        0x20000034   Data           4  tasks.o(.data)
    pxOverflowDelayedTaskList                0x20000038   Data           4  tasks.o(.data)
    uxDeletedTasksWaitingCleanUp             0x2000003c   Data           4  tasks.o(.data)
    uxCurrentNumberOfTasks                   0x20000040   Data           4  tasks.o(.data)
    xTickCount                               0x20000044   Data           4  tasks.o(.data)
    uxTopReadyPriority                       0x20000048   Data           4  tasks.o(.data)
    xSchedulerRunning                        0x2000004c   Data           4  tasks.o(.data)
    uxPendedTicks                            0x20000050   Data           4  tasks.o(.data)
    xYieldPending                            0x20000054   Data           4  tasks.o(.data)
    xNumOfOverflows                          0x20000058   Data           4  tasks.o(.data)
    uxTaskNumber                             0x2000005c   Data           4  tasks.o(.data)
    xNextTaskUnblockTime                     0x20000060   Data           4  tasks.o(.data)
    xIdleTaskHandle                          0x20000064   Data           4  tasks.o(.data)
    uxSchedulerSuspended                     0x20000068   Data           4  tasks.o(.data)
    .data                                    0x2000006c   Section       20  timers.o(.data)
    pxCurrentTimerList                       0x2000006c   Data           4  timers.o(.data)
    pxOverflowTimerList                      0x20000070   Data           4  timers.o(.data)
    xTimerQueue                              0x20000074   Data           4  timers.o(.data)
    xTimerTaskHandle                         0x20000078   Data           4  timers.o(.data)
    xLastTime                                0x2000007c   Data           4  timers.o(.data)
    .data                                    0x20000080   Section        4  cmsis_os2.o(.data)
    KernelState                              0x20000080   Data           4  cmsis_os2.o(.data)
    .data                                    0x20000084   Section       24  heap_4.o(.data)
    pxEnd                                    0x20000084   Data           4  heap_4.o(.data)
    xFreeBytesRemaining                      0x20000088   Data           4  heap_4.o(.data)
    xMinimumEverFreeBytesRemaining           0x2000008c   Data           4  heap_4.o(.data)
    xBlockAllocatedBit                       0x20000090   Data           4  heap_4.o(.data)
    xStart                                   0x20000094   Data           8  heap_4.o(.data)
    .data                                    0x2000009c   Section       12  port.o(.data)
    ucMaxSysCallPriority                     0x2000009c   Data           1  port.o(.data)
    uxCriticalNesting                        0x200000a0   Data           4  port.o(.data)
    ulMaxPRIGROUPValue                       0x200000a4   Data           4  port.o(.data)
    .bss                                     0x200000a8   Section       72  usart.o(.bss)
    .bss                                     0x200000f0   Section       72  stm32f1xx_hal_timebase_tim.o(.bss)
    .bss                                     0x20000138   Section       64  queue.o(.bss)
    .bss                                     0x20000178   Section     1220  tasks.o(.bss)
    pxReadyTasksLists                        0x20000178   Data        1120  tasks.o(.bss)
    xDelayedTaskList1                        0x200005d8   Data          20  tasks.o(.bss)
    xDelayedTaskList2                        0x200005ec   Data          20  tasks.o(.bss)
    xPendingReadyList                        0x20000600   Data          20  tasks.o(.bss)
    xTasksWaitingTermination                 0x20000614   Data          20  tasks.o(.bss)
    xSuspendedTaskList                       0x20000628   Data          20  tasks.o(.bss)
    .bss                                     0x2000063c   Section      280  timers.o(.bss)
    xActiveTimerList1                        0x2000063c   Data          20  timers.o(.bss)
    xActiveTimerList2                        0x20000650   Data          20  timers.o(.bss)
    xStaticTimerQueue                        0x20000664   Data          80  timers.o(.bss)
    ucStaticTimerQueueStorage                0x200006b4   Data         160  timers.o(.bss)
    .bss                                     0x20000754   Section     1720  cmsis_os2.o(.bss)
    Idle_TCB                                 0x20000754   Data          92  cmsis_os2.o(.bss)
    Idle_Stack                               0x200007b0   Data         512  cmsis_os2.o(.bss)
    Timer_TCB                                0x200009b0   Data          92  cmsis_os2.o(.bss)
    Timer_Stack                              0x20000a0c   Data        1024  cmsis_os2.o(.bss)
    .bss                                     0x20000e0c   Section    10000  heap_4.o(.bss)
    ucHeap                                   0x20000e0c   Data       10000  heap_4.o(.bss)
    .bss                                     0x2000351c   Section       96  libspace.o(.bss)
    HEAP                                     0x20003580   Section      512  startup_stm32f103xb.o(HEAP)
    Heap_Mem                                 0x20003580   Data         512  startup_stm32f103xb.o(HEAP)
    STACK                                    0x20003780   Section     1024  startup_stm32f103xb.o(STACK)
    Stack_Mem                                0x20003780   Data        1024  startup_stm32f103xb.o(STACK)
    __initial_sp                             0x20003b80   Data           0  startup_stm32f103xb.o(STACK)

    Global Symbols

    Symbol Name                              Value     Ov Type        Size  Object(Section)

    BuildAttributes$$THM_ISAv4$P$D$K$B$S$PE$A:L22UL41UL21$X:L11$S22US41US21$IEEE1$IW$USESV6$~STKCKD$USESV7$~SHL$OTIME$ROPI$IEEEX$EBA8$UX$STANDARDLIB$REQ8$PRES8$EABIv2 0x00000000   Number         0  anon$$obj.o ABSOLUTE
    __ARM_use_no_argv                        0x00000000   Number         0  main.o ABSOLUTE
    __ARM_exceptions_init                     - Undefined Weak Reference
    __alloca_initialize                       - Undefined Weak Reference
    __arm_fini_                               - Undefined Weak Reference
    __arm_preinit_                            - Undefined Weak Reference
    __cpp_initialize__aeabi_                  - Undefined Weak Reference
    __cxa_finalize                            - Undefined Weak Reference
    __rt_locale                               - Undefined Weak Reference
    __sigvec_lookup                           - Undefined Weak Reference
    _atexit_init                              - Undefined Weak Reference
    _call_atexit_fns                          - Undefined Weak Reference
    _clock_init                               - Undefined Weak Reference
    _fp_trap_init                             - Undefined Weak Reference
    _fp_trap_shutdown                         - Undefined Weak Reference
    _get_lc_collate                           - Undefined Weak Reference
    _get_lc_ctype                             - Undefined Weak Reference
    _get_lc_monetary                          - Undefined Weak Reference
    _get_lc_numeric                           - Undefined Weak Reference
    _get_lc_time                              - Undefined Weak Reference
    _getenv_init                              - Undefined Weak Reference
    _handle_redirection                       - Undefined Weak Reference
    _init_alloc                               - Undefined Weak Reference
    _init_user_alloc                          - Undefined Weak Reference
    _initio                                   - Undefined Weak Reference
    _rand_init                                - Undefined Weak Reference
    _signal_finish                            - Undefined Weak Reference
    _signal_init                              - Undefined Weak Reference
    _terminate_alloc                          - Undefined Weak Reference
    _terminate_user_alloc                     - Undefined Weak Reference
    _terminateio                              - Undefined Weak Reference
    __Vectors_Size                           0x000000ec   Number         0  startup_stm32f103xb.o ABSOLUTE
    __Vectors                                0x08000000   Data           4  startup_stm32f103xb.o(RESET)
    __Vectors_End                            0x080000ec   Data           0  startup_stm32f103xb.o(RESET)
    __main                                   0x080000ed   Thumb Code     8  __main.o(!!!main)
    __scatterload                            0x080000f5   Thumb Code     0  __scatter.o(!!!scatter)
    __scatterload_rt2                        0x080000f5   Thumb Code    44  __scatter.o(!!!scatter)
    __scatterload_rt2_thumb_only             0x080000f5   Thumb Code     0  __scatter.o(!!!scatter)
    __scatterload_null                       0x08000103   Thumb Code     0  __scatter.o(!!!scatter)
    __scatterload_copy                       0x08000129   Thumb Code    26  __scatter_copy.o(!!handler_copy)
    __scatterload_zeroinit                   0x08000145   Thumb Code    28  __scatter_zi.o(!!handler_zi)
    __rt_lib_init                            0x08000161   Thumb Code     0  libinit.o(.ARM.Collect$$libinit$$00000000)
    __rt_lib_init_alloca_1                   0x08000163   Thumb Code     0  libinit2.o(.ARM.Collect$$libinit$$0000002E)
    __rt_lib_init_argv_1                     0x08000163   Thumb Code     0  libinit2.o(.ARM.Collect$$libinit$$0000002C)
    __rt_lib_init_atexit_1                   0x08000163   Thumb Code     0  libinit2.o(.ARM.Collect$$libinit$$0000001B)
    __rt_lib_init_clock_1                    0x08000163   Thumb Code     0  libinit2.o(.ARM.Collect$$libinit$$00000021)
    __rt_lib_init_cpp_1                      0x08000163   Thumb Code     0  libinit2.o(.ARM.Collect$$libinit$$00000032)
    __rt_lib_init_exceptions_1               0x08000163   Thumb Code     0  libinit2.o(.ARM.Collect$$libinit$$00000030)
    __rt_lib_init_fp_1                       0x08000163   Thumb Code     0  libinit2.o(.ARM.Collect$$libinit$$00000002)
    __rt_lib_init_fp_trap_1                  0x08000163   Thumb Code     0  libinit2.o(.ARM.Collect$$libinit$$0000001F)
    __rt_lib_init_getenv_1                   0x08000163   Thumb Code     0  libinit2.o(.ARM.Collect$$libinit$$00000023)
    __rt_lib_init_heap_1                     0x08000163   Thumb Code     0  libinit2.o(.ARM.Collect$$libinit$$0000000A)
    __rt_lib_init_lc_collate_1               0x08000163   Thumb Code     0  libinit2.o(.ARM.Collect$$libinit$$00000011)
    __rt_lib_init_lc_ctype_1                 0x08000163   Thumb Code     0  libinit2.o(.ARM.Collect$$libinit$$00000013)
    __rt_lib_init_lc_monetary_1              0x08000163   Thumb Code     0  libinit2.o(.ARM.Collect$$libinit$$00000015)
    __rt_lib_init_lc_numeric_1               0x08000163   Thumb Code     0  libinit2.o(.ARM.Collect$$libinit$$00000017)
    __rt_lib_init_lc_time_1                  0x08000163   Thumb Code     0  libinit2.o(.ARM.Collect$$libinit$$00000019)
    __rt_lib_init_preinit_1                  0x08000163   Thumb Code     0  libinit2.o(.ARM.Collect$$libinit$$00000004)
    __rt_lib_init_rand_1                     0x08000163   Thumb Code     0  libinit2.o(.ARM.Collect$$libinit$$0000000E)
    __rt_lib_init_return                     0x08000163   Thumb Code     0  libinit2.o(.ARM.Collect$$libinit$$00000033)
    __rt_lib_init_signal_1                   0x08000163   Thumb Code     0  libinit2.o(.ARM.Collect$$libinit$$0000001D)
    __rt_lib_init_stdio_1                    0x08000163   Thumb Code     0  libinit2.o(.ARM.Collect$$libinit$$00000025)
    __rt_lib_init_user_alloc_1               0x08000163   Thumb Code     0  libinit2.o(.ARM.Collect$$libinit$$0000000C)
    __rt_lib_shutdown                        0x08000165   Thumb Code     0  libshutdown.o(.ARM.Collect$$libshutdown$$00000000)
    __rt_lib_shutdown_cpp_1                  0x08000167   Thumb Code     0  libshutdown2.o(.ARM.Collect$$libshutdown$$00000004)
    __rt_lib_shutdown_fini_1                 0x08000167   Thumb Code     0  libshutdown2.o(.ARM.Collect$$libshutdown$$00000002)
    __rt_lib_shutdown_fp_trap_1              0x08000167   Thumb Code     0  libshutdown2.o(.ARM.Collect$$libshutdown$$00000009)
    __rt_lib_shutdown_heap_1                 0x08000167   Thumb Code     0  libshutdown2.o(.ARM.Collect$$libshutdown$$00000011)
    __rt_lib_shutdown_return                 0x08000167   Thumb Code     0  libshutdown2.o(.ARM.Collect$$libshutdown$$00000012)
    __rt_lib_shutdown_signal_1               0x08000167   Thumb Code     0  libshutdown2.o(.ARM.Collect$$libshutdown$$0000000C)
    __rt_lib_shutdown_stdio_1                0x08000167   Thumb Code     0  libshutdown2.o(.ARM.Collect$$libshutdown$$00000006)
    __rt_lib_shutdown_user_alloc_1           0x08000167   Thumb Code     0  libshutdown2.o(.ARM.Collect$$libshutdown$$0000000E)
    __rt_entry                               0x08000169   Thumb Code     0  __rtentry.o(.ARM.Collect$$rtentry$$00000000)
    __rt_entry_presh_1                       0x08000169   Thumb Code     0  __rtentry2.o(.ARM.Collect$$rtentry$$00000002)
    __rt_entry_sh                            0x08000169   Thumb Code     0  __rtentry4.o(.ARM.Collect$$rtentry$$00000004)
    __rt_entry_li                            0x0800016f   Thumb Code     0  __rtentry2.o(.ARM.Collect$$rtentry$$0000000A)
    __rt_entry_postsh_1                      0x0800016f   Thumb Code     0  __rtentry2.o(.ARM.Collect$$rtentry$$00000009)
    __rt_entry_main                          0x08000173   Thumb Code     0  __rtentry2.o(.ARM.Collect$$rtentry$$0000000D)
    __rt_entry_postli_1                      0x08000173   Thumb Code     0  __rtentry2.o(.ARM.Collect$$rtentry$$0000000C)
    __rt_exit                                0x0800017b   Thumb Code     0  rtexit.o(.ARM.Collect$$rtexit$$00000000)
    __rt_exit_ls                             0x0800017d   Thumb Code     0  rtexit2.o(.ARM.Collect$$rtexit$$00000003)
    __rt_exit_prels_1                        0x0800017d   Thumb Code     0  rtexit2.o(.ARM.Collect$$rtexit$$00000002)
    __rt_exit_exit                           0x08000181   Thumb Code     0  rtexit2.o(.ARM.Collect$$rtexit$$00000004)
    SVC_Handler                              0x08000189   Thumb Code    32  port.o(.emb_text)
    __asm___6_port_c_39a90d8d__prvStartFirstTask 0x080001ad   Thumb Code    28  port.o(.emb_text)
    PendSV_Handler                           0x080001cd   Thumb Code    72  port.o(.emb_text)
    vPortGetIPSR                             0x08000219   Thumb Code     6  port.o(.emb_text)
    Reset_Handler                            0x08000221   Thumb Code     8  startup_stm32f103xb.o(.text)
    ADC1_2_IRQHandler                        0x0800023b   Thumb Code     0  startup_stm32f103xb.o(.text)
    CAN1_RX1_IRQHandler                      0x0800023b   Thumb Code     0  startup_stm32f103xb.o(.text)
    CAN1_SCE_IRQHandler                      0x0800023b   Thumb Code     0  startup_stm32f103xb.o(.text)
    DMA1_Channel1_IRQHandler                 0x0800023b   Thumb Code     0  startup_stm32f103xb.o(.text)
    DMA1_Channel2_IRQHandler                 0x0800023b   Thumb Code     0  startup_stm32f103xb.o(.text)
    DMA1_Channel3_IRQHandler                 0x0800023b   Thumb Code     0  startup_stm32f103xb.o(.text)
    DMA1_Channel4_IRQHandler                 0x0800023b   Thumb Code     0  startup_stm32f103xb.o(.text)
    DMA1_Channel5_IRQHandler                 0x0800023b   Thumb Code     0  startup_stm32f103xb.o(.text)
    DMA1_Channel6_IRQHandler                 0x0800023b   Thumb Code     0  startup_stm32f103xb.o(.text)
    DMA1_Channel7_IRQHandler                 0x0800023b   Thumb Code     0  startup_stm32f103xb.o(.text)
    EXTI0_IRQHandler                         0x0800023b   Thumb Code     0  startup_stm32f103xb.o(.text)
    EXTI15_10_IRQHandler                     0x0800023b   Thumb Code     0  startup_stm32f103xb.o(.text)
    EXTI1_IRQHandler                         0x0800023b   Thumb Code     0  startup_stm32f103xb.o(.text)
    EXTI2_IRQHandler                         0x0800023b   Thumb Code     0  startup_stm32f103xb.o(.text)
    EXTI3_IRQHandler                         0x0800023b   Thumb Code     0  startup_stm32f103xb.o(.text)
    EXTI4_IRQHandler                         0x0800023b   Thumb Code     0  startup_stm32f103xb.o(.text)
    EXTI9_5_IRQHandler                       0x0800023b   Thumb Code     0  startup_stm32f103xb.o(.text)
    FLASH_IRQHandler                         0x0800023b   Thumb Code     0  startup_stm32f103xb.o(.text)
    I2C1_ER_IRQHandler                       0x0800023b   Thumb Code     0  startup_stm32f103xb.o(.text)
    I2C1_EV_IRQHandler                       0x0800023b   Thumb Code     0  startup_stm32f103xb.o(.text)
    I2C2_ER_IRQHandler                       0x0800023b   Thumb Code     0  startup_stm32f103xb.o(.text)
    I2C2_EV_IRQHandler                       0x0800023b   Thumb Code     0  startup_stm32f103xb.o(.text)
    PVD_IRQHandler                           0x0800023b   Thumb Code     0  startup_stm32f103xb.o(.text)
    RCC_IRQHandler                           0x0800023b   Thumb Code     0  startup_stm32f103xb.o(.text)
    RTC_Alarm_IRQHandler                     0x0800023b   Thumb Code     0  startup_stm32f103xb.o(.text)
    RTC_IRQHandler                           0x0800023b   Thumb Code     0  startup_stm32f103xb.o(.text)
    SPI1_IRQHandler                          0x0800023b   Thumb Code     0  startup_stm32f103xb.o(.text)
    SPI2_IRQHandler                          0x0800023b   Thumb Code     0  startup_stm32f103xb.o(.text)
    TAMPER_IRQHandler                        0x0800023b   Thumb Code     0  startup_stm32f103xb.o(.text)
    TIM1_BRK_IRQHandler                      0x0800023b   Thumb Code     0  startup_stm32f103xb.o(.text)
    TIM1_CC_IRQHandler                       0x0800023b   Thumb Code     0  startup_stm32f103xb.o(.text)
    TIM1_TRG_COM_IRQHandler                  0x0800023b   Thumb Code     0  startup_stm32f103xb.o(.text)
    TIM1_UP_IRQHandler                       0x0800023b   Thumb Code     0  startup_stm32f103xb.o(.text)
    TIM3_IRQHandler                          0x0800023b   Thumb Code     0  startup_stm32f103xb.o(.text)
    TIM4_IRQHandler                          0x0800023b   Thumb Code     0  startup_stm32f103xb.o(.text)
    USART1_IRQHandler                        0x0800023b   Thumb Code     0  startup_stm32f103xb.o(.text)
    USART2_IRQHandler                        0x0800023b   Thumb Code     0  startup_stm32f103xb.o(.text)
    USBWakeUp_IRQHandler                     0x0800023b   Thumb Code     0  startup_stm32f103xb.o(.text)
    USB_HP_CAN1_TX_IRQHandler                0x0800023b   Thumb Code     0  startup_stm32f103xb.o(.text)
    USB_LP_CAN1_RX0_IRQHandler               0x0800023b   Thumb Code     0  startup_stm32f103xb.o(.text)
    WWDG_IRQHandler                          0x0800023b   Thumb Code     0  startup_stm32f103xb.o(.text)
    __user_initial_stackheap                 0x0800023d   Thumb Code     0  startup_stm32f103xb.o(.text)
    strlen                                   0x08000261   Thumb Code    62  strlen.o(.text)
    __aeabi_memcpy                           0x0800029f   Thumb Code     0  rt_memcpy_v6.o(.text)
    __rt_memcpy                              0x0800029f   Thumb Code   138  rt_memcpy_v6.o(.text)
    _memcpy_lastbytes                        0x08000305   Thumb Code     0  rt_memcpy_v6.o(.text)
    __aeabi_memset                           0x08000329   Thumb Code    16  aeabi_memset.o(.text)
    __aeabi_memclr4                          0x08000339   Thumb Code     0  rt_memclr_w.o(.text)
    __aeabi_memclr8                          0x08000339   Thumb Code     0  rt_memclr_w.o(.text)
    __rt_memclr_w                            0x08000339   Thumb Code    78  rt_memclr_w.o(.text)
    _memset_w                                0x0800033d   Thumb Code     0  rt_memclr_w.o(.text)
    __use_two_region_memory                  0x08000387   Thumb Code     2  heapauxi.o(.text)
    __rt_heap_escrow$2region                 0x08000389   Thumb Code     2  heapauxi.o(.text)
    __rt_heap_expand$2region                 0x0800038b   Thumb Code     2  heapauxi.o(.text)
    __read_errno                             0x0800038d   Thumb Code    10  _rserrno.o(.text)
    __set_errno                              0x08000397   Thumb Code    12  _rserrno.o(.text)
    __aeabi_memcpy4                          0x080003a3   Thumb Code     0  rt_memcpy_w.o(.text)
    __aeabi_memcpy8                          0x080003a3   Thumb Code     0  rt_memcpy_w.o(.text)
    __rt_memcpy_w                            0x080003a3   Thumb Code   100  rt_memcpy_w.o(.text)
    _memcpy_lastbytes_aligned                0x080003eb   Thumb Code     0  rt_memcpy_w.o(.text)
    __aeabi_memclr                           0x08000407   Thumb Code     0  rt_memclr.o(.text)
    __rt_memclr                              0x08000407   Thumb Code    68  rt_memclr.o(.text)
    _memset                                  0x0800040b   Thumb Code     0  rt_memclr.o(.text)
    __aeabi_errno_addr                       0x0800044d   Thumb Code     8  rt_errno_addr_intlibspace.o(.text)
    __errno$intlibspace                      0x0800044d   Thumb Code     0  rt_errno_addr_intlibspace.o(.text)
    __rt_errno_addr$intlibspace              0x0800044d   Thumb Code     0  rt_errno_addr_intlibspace.o(.text)
    __user_libspace                          0x08000455   Thumb Code     8  libspace.o(.text)
    __user_perproc_libspace                  0x08000455   Thumb Code     0  libspace.o(.text)
    __user_perthread_libspace                0x08000455   Thumb Code     0  libspace.o(.text)
    __user_setup_stackheap                   0x0800045d   Thumb Code    74  sys_stackheap_outer.o(.text)
    exit                                     0x080004a7   Thumb Code    18  exit.o(.text)
    _sys_exit                                0x080004b9   Thumb Code     8  sys_exit.o(.text)
    __I$use$semihosting                      0x080004c5   Thumb Code     0  use_no_semi.o(.text)
    __use_no_semihosting_swi                 0x080004c5   Thumb Code     2  use_no_semi.o(.text)
    BusFault_Handler                         0x080004c7   Thumb Code     2  stm32f1xx_it.o(i.BusFault_Handler)
    __semihosting_library_function           0x080004c7   Thumb Code     0  indicate_semi.o(.text)
    DebugMon_Handler                         0x080004c9   Thumb Code     2  stm32f1xx_it.o(i.DebugMon_Handler)
    Error_Handler                            0x080004cb   Thumb Code     4  main.o(i.Error_Handler)
    HAL_DMA_Abort                            0x080004cf   Thumb Code    70  stm32f1xx_hal_dma.o(i.HAL_DMA_Abort)
    HAL_DMA_Abort_IT                         0x08000515   Thumb Code   148  stm32f1xx_hal_dma.o(i.HAL_DMA_Abort_IT)
    HAL_GPIO_Init                            0x080005ad   Thumb Code   446  stm32f1xx_hal_gpio.o(i.HAL_GPIO_Init)
    HAL_GPIO_ReadPin                         0x0800078d   Thumb Code    10  stm32f1xx_hal_gpio.o(i.HAL_GPIO_ReadPin)
    HAL_GPIO_WritePin                        0x08000797   Thumb Code    10  stm32f1xx_hal_gpio.o(i.HAL_GPIO_WritePin)
    HAL_GetTick                              0x080007a1   Thumb Code     6  stm32f1xx_hal.o(i.HAL_GetTick)
    HAL_IncTick                              0x080007ad   Thumb Code    12  stm32f1xx_hal.o(i.HAL_IncTick)
    HAL_Init                                 0x080007bd   Thumb Code    32  stm32f1xx_hal.o(i.HAL_Init)
    HAL_InitTick                             0x080007e1   Thumb Code   134  stm32f1xx_hal_timebase_tim.o(i.HAL_InitTick)
    HAL_MspInit                              0x08000879   Thumb Code    62  stm32f1xx_hal_msp.o(i.HAL_MspInit)
    HAL_NVIC_EnableIRQ                       0x080008c1   Thumb Code    26  stm32f1xx_hal_cortex.o(i.HAL_NVIC_EnableIRQ)
    HAL_NVIC_SetPriority                     0x080008dd   Thumb Code    60  stm32f1xx_hal_cortex.o(i.HAL_NVIC_SetPriority)
    HAL_NVIC_SetPriorityGrouping             0x0800091d   Thumb Code    26  stm32f1xx_hal_cortex.o(i.HAL_NVIC_SetPriorityGrouping)
    HAL_RCC_ClockConfig                      0x08000941   Thumb Code   280  stm32f1xx_hal_rcc.o(i.HAL_RCC_ClockConfig)
    HAL_RCC_GetClockConfig                   0x08000a6d   Thumb Code    54  stm32f1xx_hal_rcc.o(i.HAL_RCC_GetClockConfig)
    HAL_RCC_GetPCLK1Freq                     0x08000aad   Thumb Code    20  stm32f1xx_hal_rcc.o(i.HAL_RCC_GetPCLK1Freq)
    HAL_RCC_GetPCLK2Freq                     0x08000acd   Thumb Code    20  stm32f1xx_hal_rcc.o(i.HAL_RCC_GetPCLK2Freq)
    HAL_RCC_GetSysClockFreq                  0x08000aed   Thumb Code    58  stm32f1xx_hal_rcc.o(i.HAL_RCC_GetSysClockFreq)
    HAL_RCC_OscConfig                        0x08000b39   Thumb Code   778  stm32f1xx_hal_rcc.o(i.HAL_RCC_OscConfig)
    HAL_TIMEx_BreakCallback                  0x08000e59   Thumb Code     2  stm32f1xx_hal_tim_ex.o(i.HAL_TIMEx_BreakCallback)
    HAL_TIMEx_CommutCallback                 0x08000e5b   Thumb Code     2  stm32f1xx_hal_tim_ex.o(i.HAL_TIMEx_CommutCallback)
    HAL_TIM_Base_Init                        0x08000e5d   Thumb Code    90  stm32f1xx_hal_tim.o(i.HAL_TIM_Base_Init)
    HAL_TIM_Base_MspInit                     0x08000eb7   Thumb Code     2  stm32f1xx_hal_tim.o(i.HAL_TIM_Base_MspInit)
    HAL_TIM_Base_Start_IT                    0x08000eb9   Thumb Code    76  stm32f1xx_hal_tim.o(i.HAL_TIM_Base_Start_IT)
    HAL_TIM_IC_CaptureCallback               0x08000f11   Thumb Code     2  stm32f1xx_hal_tim.o(i.HAL_TIM_IC_CaptureCallback)
    HAL_TIM_IRQHandler                       0x08000f13   Thumb Code   358  stm32f1xx_hal_tim.o(i.HAL_TIM_IRQHandler)
    HAL_TIM_OC_DelayElapsedCallback          0x08001079   Thumb Code     2  stm32f1xx_hal_tim.o(i.HAL_TIM_OC_DelayElapsedCallback)
    HAL_TIM_PWM_PulseFinishedCallback        0x0800107b   Thumb Code     2  stm32f1xx_hal_tim.o(i.HAL_TIM_PWM_PulseFinishedCallback)
    HAL_TIM_PeriodElapsedCallback            0x0800107d   Thumb Code    14  main.o(i.HAL_TIM_PeriodElapsedCallback)
    HAL_TIM_TriggerCallback                  0x0800108b   Thumb Code     2  stm32f1xx_hal_tim.o(i.HAL_TIM_TriggerCallback)
    HAL_UARTEx_RxEventCallback               0x0800108d   Thumb Code     2  stm32f1xx_hal_uart.o(i.HAL_UARTEx_RxEventCallback)
    HAL_UART_ErrorCallback                   0x0800108f   Thumb Code     2  stm32f1xx_hal_uart.o(i.HAL_UART_ErrorCallback)
    HAL_UART_IRQHandler                      0x08001091   Thumb Code   616  stm32f1xx_hal_uart.o(i.HAL_UART_IRQHandler)
    HAL_UART_Init                            0x080012fd   Thumb Code   100  stm32f1xx_hal_uart.o(i.HAL_UART_Init)
    HAL_UART_MspInit                         0x08001361   Thumb Code   116  usart.o(i.HAL_UART_MspInit)
    HAL_UART_RxCpltCallback                  0x080013e1   Thumb Code     2  stm32f1xx_hal_uart.o(i.HAL_UART_RxCpltCallback)
    HAL_UART_Transmit                        0x080013e3   Thumb Code   154  stm32f1xx_hal_uart.o(i.HAL_UART_Transmit)
    HAL_UART_TxCpltCallback                  0x0800147d   Thumb Code     2  stm32f1xx_hal_uart.o(i.HAL_UART_TxCpltCallback)
    HAL_usart_init                           0x08001481   Thumb Code     6  hal_usart.o(i.HAL_usart_init)
    HAL_usart_send                           0x0800148d   Thumb Code    38  hal_usart.o(i.HAL_usart_send)
    HardFault_Handler                        0x080014b9   Thumb Code     2  stm32f1xx_it.o(i.HardFault_Handler)
    MX_FREERTOS_Init                         0x080014bd   Thumb Code    60  freertos.o(i.MX_FREERTOS_Init)
    MX_GPIO_Init                             0x0800150d   Thumb Code   172  gpio.o(i.MX_GPIO_Init)
    MX_USART3_UART_Init                      0x080015c9   Thumb Code    48  usart.o(i.MX_USART3_UART_Init)
    MemManage_Handler                        0x08001601   Thumb Code     2  stm32f1xx_it.o(i.MemManage_Handler)
    NMI_Handler                              0x08001603   Thumb Code     2  stm32f1xx_it.o(i.NMI_Handler)
    SysTick_Handler                          0x08001605   Thumb Code    38  port.o(i.SysTick_Handler)
    SystemClock_Config                       0x08001631   Thumb Code    94  main.o(i.SystemClock_Config)
    SystemInit                               0x0800168f   Thumb Code     2  system_stm32f1xx.o(i.SystemInit)
    TIM2_IRQHandler                          0x08001691   Thumb Code     6  stm32f1xx_it.o(i.TIM2_IRQHandler)
    TIM_Base_SetConfig                       0x0800169d   Thumb Code    94  stm32f1xx_hal_tim.o(i.TIM_Base_SetConfig)
    Task_main_start                          0x08001709   Thumb Code    52  freertos.o(i.Task_main_start)
    USART3_IRQHandler                        0x08001999   Thumb Code     6  stm32f1xx_it.o(i.USART3_IRQHandler)
    UsageFault_Handler                       0x080019a5   Thumb Code     2  stm32f1xx_it.o(i.UsageFault_Handler)
    __ARM_fpclassify                         0x080019a7   Thumb Code    40  fpclassify.o(i.__ARM_fpclassify)
    __ieee754_rem_pio2                       0x080019f1   Thumb Code   828  rred.o(i.__ieee754_rem_pio2)
    __kernel_cos                             0x08001d79   Thumb Code   230  cos_i.o(i.__kernel_cos)
    __kernel_poly                            0x08001e75   Thumb Code   170  poly.o(i.__kernel_poly)
    __kernel_sin                             0x08001f21   Thumb Code   224  sin_i.o(i.__kernel_sin)
    __mathlib_dbl_infnan                     0x0800200d   Thumb Code     6  dunder.o(i.__mathlib_dbl_infnan)
    __mathlib_dbl_invalid                    0x08002013   Thumb Code    12  dunder.o(i.__mathlib_dbl_invalid)
    __mathlib_dbl_underflow                  0x08002021   Thumb Code    10  dunder.o(i.__mathlib_dbl_underflow)
    main                                     0x08002031   Thumb Code    30  main.o(i.main)
    osDelay                                  0x08002051   Thumb Code    46  cmsis_os2.o(i.osDelay)
    osKernelInitialize                       0x08002085   Thumb Code    50  cmsis_os2.o(i.osKernelInitialize)
    osKernelStart                            0x080020bd   Thumb Code    58  cmsis_os2.o(i.osKernelStart)
    osSemaphoreAcquire                       0x080020fd   Thumb Code   108  cmsis_os2.o(i.osSemaphoreAcquire)
    osSemaphoreNew                           0x08002171   Thumb Code   172  cmsis_os2.o(i.osSemaphoreNew)
    osThreadNew                              0x08002221   Thumb Code   160  cmsis_os2.o(i.osThreadNew)
    pvPortMalloc                             0x08002a05   Thumb Code   210  heap_4.o(i.pvPortMalloc)
    pvTaskIncrementMutexHeldCount            0x08002add   Thumb Code    18  tasks.o(i.pvTaskIncrementMutexHeldCount)
    pxPortInitialiseStack                    0x08002af5   Thumb Code    32  port.o(i.pxPortInitialiseStack)
    sin                                      0x08002b19   Thumb Code   150  sin.o(i.sin)
    uxListRemove                             0x08002bb9   Thumb Code    38  list.o(i.uxListRemove)
    vApplicationGetIdleTaskMemory            0x08002be1   Thumb Code    16  cmsis_os2.o(i.vApplicationGetIdleTaskMemory)
    vApplicationGetTimerTaskMemory           0x08002bf5   Thumb Code    18  cmsis_os2.o(i.vApplicationGetTimerTaskMemory)
    vListInitialise                          0x08002c0d   Thumb Code    22  list.o(i.vListInitialise)
    vListInitialiseItem                      0x08002c23   Thumb Code     6  list.o(i.vListInitialiseItem)
    vListInsert                              0x08002c29   Thumb Code    48  list.o(i.vListInsert)
    vListInsertEnd                           0x08002c59   Thumb Code    24  list.o(i.vListInsertEnd)
    vPortEnterCritical                       0x08002c71   Thumb Code    54  port.o(i.vPortEnterCritical)
    vPortExitCritical                        0x08002cb1   Thumb Code    34  port.o(i.vPortExitCritical)
    vPortFree                                0x08002cd9   Thumb Code    88  heap_4.o(i.vPortFree)
    vPortSetupTimerInterrupt                 0x08002d35   Thumb Code    32  port.o(i.vPortSetupTimerInterrupt)
    vPortValidateInterruptPriority           0x08002d59   Thumb Code    74  port.o(i.vPortValidateInterruptPriority)
    vQueueAddToRegistry                      0x08002dad   Thumb Code    34  queue.o(i.vQueueAddToRegistry)
    vQueueDelete                             0x08002dd5   Thumb Code    46  queue.o(i.vQueueDelete)
    vQueueUnregisterQueue                    0x08002e05   Thumb Code    36  queue.o(i.vQueueUnregisterQueue)
    vQueueWaitForMessageRestricted           0x08002e2d   Thumb Code    68  queue.o(i.vQueueWaitForMessageRestricted)
    vTaskDelay                               0x08002e71   Thumb Code    66  tasks.o(i.vTaskDelay)
    vTaskInternalSetTimeOutState             0x08002ebd   Thumb Code    12  tasks.o(i.vTaskInternalSetTimeOutState)
    vTaskMissedYield                         0x08002ecd   Thumb Code     8  tasks.o(i.vTaskMissedYield)
    vTaskPlaceOnEventList                    0x08002ed9   Thumb Code    44  tasks.o(i.vTaskPlaceOnEventList)
    vTaskPlaceOnEventListRestricted          0x08002f09   Thumb Code    52  tasks.o(i.vTaskPlaceOnEventListRestricted)
    vTaskPriorityDisinheritAfterTimeout      0x08002f41   Thumb Code   134  tasks.o(i.vTaskPriorityDisinheritAfterTimeout)
    vTaskScan                                0x08002fd1   Thumb Code    54  freertos.o(i.vTaskScan)
    vTaskStartScheduler                      0x08003015   Thumb Code   118  tasks.o(i.vTaskStartScheduler)
    vTaskSuspendAll                          0x0800309d   Thumb Code    10  tasks.o(i.vTaskSuspendAll)
    vTaskSwitchContext                       0x080030ad   Thumb Code    90  tasks.o(i.vTaskSwitchContext)
    vTaskusartTask                           0x08003111   Thumb Code    24  freertos.o(i.vTaskusartTask)
    xPortStartScheduler                      0x08003141   Thumb Code   154  port.o(i.xPortStartScheduler)
    xQueueCreateCountingSemaphore            0x080031e9   Thumb Code    58  queue.o(i.xQueueCreateCountingSemaphore)
    xQueueCreateCountingSemaphoreStatic      0x08003223   Thumb Code    64  queue.o(i.xQueueCreateCountingSemaphoreStatic)
    xQueueGenericCreate                      0x08003263   Thumb Code    72  queue.o(i.xQueueGenericCreate)
    xQueueGenericCreateStatic                0x080032ab   Thumb Code   102  queue.o(i.xQueueGenericCreateStatic)
    xQueueGenericReset                       0x08003311   Thumb Code   132  queue.o(i.xQueueGenericReset)
    xQueueGenericSend                        0x08003399   Thumb Code   346  queue.o(i.xQueueGenericSend)
    xQueueGenericSendFromISR                 0x080034f9   Thumb Code   188  queue.o(i.xQueueGenericSendFromISR)
    xQueueReceive                            0x080035b5   Thumb Code   308  queue.o(i.xQueueReceive)
    xQueueReceiveFromISR                     0x080036ed   Thumb Code   154  queue.o(i.xQueueReceiveFromISR)
    xQueueSemaphoreTake                      0x08003789   Thumb Code   372  queue.o(i.xQueueSemaphoreTake)
    xTaskCheckForTimeOut                     0x08003901   Thumb Code   112  tasks.o(i.xTaskCheckForTimeOut)
    xTaskCreate                              0x08003975   Thumb Code    90  tasks.o(i.xTaskCreate)
    xTaskCreateStatic                        0x080039cf   Thumb Code    86  tasks.o(i.xTaskCreateStatic)
    xTaskGetSchedulerState                   0x08003a25   Thumb Code    22  tasks.o(i.xTaskGetSchedulerState)
    xTaskGetTickCount                        0x08003a41   Thumb Code     6  tasks.o(i.xTaskGetTickCount)
    xTaskIncrementTick                       0x08003a4d   Thumb Code   190  tasks.o(i.xTaskIncrementTick)
    xTaskPriorityDisinherit                  0x08003b15   Thumb Code   118  tasks.o(i.xTaskPriorityDisinherit)
    xTaskPriorityInherit                     0x08003b95   Thumb Code   112  tasks.o(i.xTaskPriorityInherit)
    xTaskRemoveFromEventList                 0x08003c0d   Thumb Code    98  tasks.o(i.xTaskRemoveFromEventList)
    xTaskResumeAll                           0x08003c7d   Thumb Code   182  tasks.o(i.xTaskResumeAll)
    xTimerCreateTimerTask                    0x08003d41   Thumb Code    78  timers.o(i.xTimerCreateTimerTask)
    xTimerGenericCommand                     0x08003da1   Thumb Code    98  timers.o(i.xTimerGenericCommand)
    __aeabi_dadd                             0x08003e09   Thumb Code     0  daddsub_clz.o(x$fpl$dadd)
    _dadd                                    0x08003e09   Thumb Code   332  daddsub_clz.o(x$fpl$dadd)
    __fpl_dcheck_NaN1                        0x08003f59   Thumb Code    10  dcheck1.o(x$fpl$dcheck1)
    __aeabi_ddiv                             0x08003f69   Thumb Code     0  ddiv.o(x$fpl$ddiv)
    _ddiv                                    0x08003f69   Thumb Code   552  ddiv.o(x$fpl$ddiv)
    __aeabi_d2iz                             0x08004219   Thumb Code     0  dfix.o(x$fpl$dfix)
    _dfix                                    0x08004219   Thumb Code    94  dfix.o(x$fpl$dfix)
    __aeabi_i2d                              0x08004277   Thumb Code     0  dflt_clz.o(x$fpl$dflt)
    _dflt                                    0x08004277   Thumb Code    46  dflt_clz.o(x$fpl$dflt)
    __aeabi_ui2d                             0x080042a5   Thumb Code     0  dflt_clz.o(x$fpl$dfltu)
    _dfltu                                   0x080042a5   Thumb Code    38  dflt_clz.o(x$fpl$dfltu)
    __aeabi_dmul                             0x080042cd   Thumb Code     0  dmul.o(x$fpl$dmul)
    _dmul                                    0x080042cd   Thumb Code   332  dmul.o(x$fpl$dmul)
    __fpl_dnaninf                            0x08004421   Thumb Code   156  dnaninf.o(x$fpl$dnaninf)
    __fpl_dretinf                            0x080044bd   Thumb Code    12  dretinf.o(x$fpl$dretinf)
    __aeabi_drsub                            0x080044c9   Thumb Code     0  daddsub_clz.o(x$fpl$drsb)
    _drsb                                    0x080044c9   Thumb Code    22  daddsub_clz.o(x$fpl$drsb)
    __aeabi_dsub                             0x080044e1   Thumb Code     0  daddsub_clz.o(x$fpl$dsub)
    _dsub                                    0x080044e1   Thumb Code   464  daddsub_clz.o(x$fpl$dsub)
    __fpl_return_NaN                         0x080046b5   Thumb Code   100  retnan.o(x$fpl$retnan)
    __ARM_scalbn                             0x08004719   Thumb Code    92  scalbn.o(x$fpl$scalbn)
    __fpl_cmpreturn                          0x08004775   Thumb Code    48  trapv.o(x$fpl$trapveneer)
    Task_main_attributes                     0x080047a4   Data          36  freertos.o(.constdata)
    __I$use$fp                               0x080047a4   Number         0  usenofp.o(x$fpl$usenofp)
    Scan_attributes                          0x080047c8   Data          36  freertos.o(.constdata)
    usartTask_attributes                     0x080047ec   Data          36  freertos.o(.constdata)
    binarySem_attributes                     0x08004810   Data          16  freertos.o(.constdata)
    AHBPrescTable                            0x08004832   Data          16  system_stm32f1xx.o(.constdata)
    APBPrescTable                            0x08004842   Data           8  system_stm32f1xx.o(.constdata)
    Region$$Table$$Base                      0x0800499c   Number         0  anon$$obj.o(Region$$Table)
    Region$$Table$$Limit                     0x080049bc   Number         0  anon$$obj.o(Region$$Table)
    Task_mainHandle                          0x20000008   Data           4  freertos.o(.data)
    ScanHandle                               0x2000000c   Data           4  freertos.o(.data)
    usartTaskHandle                          0x20000010   Data           4  freertos.o(.data)
    binarySemHandle                          0x20000014   Data           4  freertos.o(.data)
    brightNess                               0x20000018   Data           8  freertos.o(.data)
    uwTickFreq                               0x20000020   Data           1  stm32f1xx_hal.o(.data)
    uwTickPrio                               0x20000024   Data           4  stm32f1xx_hal.o(.data)
    uwTick                                   0x20000028   Data           4  stm32f1xx_hal.o(.data)
    SystemCoreClock                          0x2000002c   Data           4  system_stm32f1xx.o(.data)
    pxCurrentTCB                             0x20000030   Data           4  tasks.o(.data)
    huart3                                   0x200000a8   Data          72  usart.o(.bss)
    htim2                                    0x200000f0   Data          72  stm32f1xx_hal_timebase_tim.o(.bss)
    xQueueRegistry                           0x20000138   Data          64  queue.o(.bss)
    __libspace_start                         0x2000351c   Data          96  libspace.o(.bss)
    __temporary_stack_top$libspace           0x2000357c   Data           0  libspace.o(.bss)



==============================================================================

Memory Map of the image

  Image Entry point : 0x080000ed

  Load Region LR_IROM1 (Base: 0x08000000, Size: 0x00004a64, Max: 0x00010000, ABSOLUTE)

    Execution Region ER_IROM1 (Exec base: 0x08000000, Load base: 0x08000000, Size: 0x000049bc, Max: 0x00010000, ABSOLUTE)

    Exec Addr    Load Addr    Size         Type   Attr      Idx    E Section Name        Object

    0x08000000   0x08000000   0x000000ec   Data   RO            3    RESET               startup_stm32f103xb.o
    0x080000ec   0x080000ec   0x00000008   Code   RO         4646  * !!!main             c_w.l(__main.o)
    0x080000f4   0x080000f4   0x00000034   Code   RO         4891    !!!scatter          c_w.l(__scatter.o)
    0x08000128   0x08000128   0x0000001a   Code   RO         4893    !!handler_copy      c_w.l(__scatter_copy.o)
    0x08000142   0x08000142   0x00000002   PAD
    0x08000144   0x08000144   0x0000001c   Code   RO         4895    !!handler_zi        c_w.l(__scatter_zi.o)
    0x08000160   0x08000160   0x00000002   Code   RO         4756    .ARM.Collect$$libinit$$00000000  c_w.l(libinit.o)
    0x08000162   0x08000162   0x00000000   Code   RO         4762    .ARM.Collect$$libinit$$00000002  c_w.l(libinit2.o)
    0x08000162   0x08000162   0x00000000   Code   RO         4764    .ARM.Collect$$libinit$$00000004  c_w.l(libinit2.o)
    0x08000162   0x08000162   0x00000000   Code   RO         4767    .ARM.Collect$$libinit$$0000000A  c_w.l(libinit2.o)
    0x08000162   0x08000162   0x00000000   Code   RO         4769    .ARM.Collect$$libinit$$0000000C  c_w.l(libinit2.o)
    0x08000162   0x08000162   0x00000000   Code   RO         4771    .ARM.Collect$$libinit$$0000000E  c_w.l(libinit2.o)
    0x08000162   0x08000162   0x00000000   Code   RO         4774    .ARM.Collect$$libinit$$00000011  c_w.l(libinit2.o)
    0x08000162   0x08000162   0x00000000   Code   RO         4776    .ARM.Collect$$libinit$$00000013  c_w.l(libinit2.o)
    0x08000162   0x08000162   0x00000000   Code   RO         4778    .ARM.Collect$$libinit$$00000015  c_w.l(libinit2.o)
    0x08000162   0x08000162   0x00000000   Code   RO         4780    .ARM.Collect$$libinit$$00000017  c_w.l(libinit2.o)
    0x08000162   0x08000162   0x00000000   Code   RO         4782    .ARM.Collect$$libinit$$00000019  c_w.l(libinit2.o)
    0x08000162   0x08000162   0x00000000   Code   RO         4784    .ARM.Collect$$libinit$$0000001B  c_w.l(libinit2.o)
    0x08000162   0x08000162   0x00000000   Code   RO         4786    .ARM.Collect$$libinit$$0000001D  c_w.l(libinit2.o)
    0x08000162   0x08000162   0x00000000   Code   RO         4788    .ARM.Collect$$libinit$$0000001F  c_w.l(libinit2.o)
    0x08000162   0x08000162   0x00000000   Code   RO         4790    .ARM.Collect$$libinit$$00000021  c_w.l(libinit2.o)
    0x08000162   0x08000162   0x00000000   Code   RO         4792    .ARM.Collect$$libinit$$00000023  c_w.l(libinit2.o)
    0x08000162   0x08000162   0x00000000   Code   RO         4794    .ARM.Collect$$libinit$$00000025  c_w.l(libinit2.o)
    0x08000162   0x08000162   0x00000000   Code   RO         4798    .ARM.Collect$$libinit$$0000002C  c_w.l(libinit2.o)
    0x08000162   0x08000162   0x00000000   Code   RO         4800    .ARM.Collect$$libinit$$0000002E  c_w.l(libinit2.o)
    0x08000162   0x08000162   0x00000000   Code   RO         4802    .ARM.Collect$$libinit$$00000030  c_w.l(libinit2.o)
    0x08000162   0x08000162   0x00000000   Code   RO         4804    .ARM.Collect$$libinit$$00000032  c_w.l(libinit2.o)
    0x08000162   0x08000162   0x00000002   Code   RO         4805    .ARM.Collect$$libinit$$00000033  c_w.l(libinit2.o)
    0x08000164   0x08000164   0x00000002   Code   RO         4829    .ARM.Collect$$libshutdown$$00000000  c_w.l(libshutdown.o)
    0x08000166   0x08000166   0x00000000   Code   RO         4842    .ARM.Collect$$libshutdown$$00000002  c_w.l(libshutdown2.o)
    0x08000166   0x08000166   0x00000000   Code   RO         4844    .ARM.Collect$$libshutdown$$00000004  c_w.l(libshutdown2.o)
    0x08000166   0x08000166   0x00000000   Code   RO         4846    .ARM.Collect$$libshutdown$$00000006  c_w.l(libshutdown2.o)
    0x08000166   0x08000166   0x00000000   Code   RO         4849    .ARM.Collect$$libshutdown$$00000009  c_w.l(libshutdown2.o)
    0x08000166   0x08000166   0x00000000   Code   RO         4852    .ARM.Collect$$libshutdown$$0000000C  c_w.l(libshutdown2.o)
    0x08000166   0x08000166   0x00000000   Code   RO         4854    .ARM.Collect$$libshutdown$$0000000E  c_w.l(libshutdown2.o)
    0x08000166   0x08000166   0x00000000   Code   RO         4857    .ARM.Collect$$libshutdown$$00000011  c_w.l(libshutdown2.o)
    0x08000166   0x08000166   0x00000002   Code   RO         4858    .ARM.Collect$$libshutdown$$00000012  c_w.l(libshutdown2.o)
    0x08000168   0x08000168   0x00000000   Code   RO         4664    .ARM.Collect$$rtentry$$00000000  c_w.l(__rtentry.o)
    0x08000168   0x08000168   0x00000000   Code   RO         4705    .ARM.Collect$$rtentry$$00000002  c_w.l(__rtentry2.o)
    0x08000168   0x08000168   0x00000006   Code   RO         4717    .ARM.Collect$$rtentry$$00000004  c_w.l(__rtentry4.o)
    0x0800016e   0x0800016e   0x00000000   Code   RO         4707    .ARM.Collect$$rtentry$$00000009  c_w.l(__rtentry2.o)
    0x0800016e   0x0800016e   0x00000004   Code   RO         4708    .ARM.Collect$$rtentry$$0000000A  c_w.l(__rtentry2.o)
    0x08000172   0x08000172   0x00000000   Code   RO         4710    .ARM.Collect$$rtentry$$0000000C  c_w.l(__rtentry2.o)
    0x08000172   0x08000172   0x00000008   Code   RO         4711    .ARM.Collect$$rtentry$$0000000D  c_w.l(__rtentry2.o)
    0x0800017a   0x0800017a   0x00000002   Code   RO         4759    .ARM.Collect$$rtexit$$00000000  c_w.l(rtexit.o)
    0x0800017c   0x0800017c   0x00000000   Code   RO         4809    .ARM.Collect$$rtexit$$00000002  c_w.l(rtexit2.o)
    0x0800017c   0x0800017c   0x00000004   Code   RO         4810    .ARM.Collect$$rtexit$$00000003  c_w.l(rtexit2.o)
    0x08000180   0x08000180   0x00000006   Code   RO         4811    .ARM.Collect$$rtexit$$00000004  c_w.l(rtexit2.o)
    0x08000186   0x08000186   0x00000002   PAD
    0x08000188   0x08000188   0x00000096   Code   RO         4553    .emb_text           port.o
    0x0800021e   0x0800021e   0x00000002   PAD
    0x08000220   0x08000220   0x00000040   Code   RO            4    .text               startup_stm32f103xb.o
    0x08000260   0x08000260   0x0000003e   Code   RO         4634    .text               c_w.l(strlen.o)
    0x0800029e   0x0800029e   0x0000008a   Code   RO         4636    .text               c_w.l(rt_memcpy_v6.o)
    0x08000328   0x08000328   0x00000010   Code   RO         4640    .text               c_w.l(aeabi_memset.o)
    0x08000338   0x08000338   0x0000004e   Code   RO         4642    .text               c_w.l(rt_memclr_w.o)
    0x08000386   0x08000386   0x00000006   Code   RO         4644    .text               c_w.l(heapauxi.o)
    0x0800038c   0x0800038c   0x00000016   Code   RO         4665    .text               c_w.l(_rserrno.o)
    0x080003a2   0x080003a2   0x00000064   Code   RO         4667    .text               c_w.l(rt_memcpy_w.o)
    0x08000406   0x08000406   0x00000044   Code   RO         4669    .text               c_w.l(rt_memclr.o)
    0x0800044a   0x0800044a   0x00000002   PAD
    0x0800044c   0x0800044c   0x00000008   Code   RO         4722    .text               c_w.l(rt_errno_addr_intlibspace.o)
    0x08000454   0x08000454   0x00000008   Code   RO         4744    .text               c_w.l(libspace.o)
    0x0800045c   0x0800045c   0x0000004a   Code   RO         4747    .text               c_w.l(sys_stackheap_outer.o)
    0x080004a6   0x080004a6   0x00000012   Code   RO         4749    .text               c_w.l(exit.o)
    0x080004b8   0x080004b8   0x0000000c   Code   RO         4821    .text               c_w.l(sys_exit.o)
    0x080004c4   0x080004c4   0x00000002   Code   RO         4832    .text               c_w.l(use_no_semi.o)
    0x080004c6   0x080004c6   0x00000000   Code   RO         4834    .text               c_w.l(indicate_semi.o)
    0x080004c6   0x080004c6   0x00000002   Code   RO          466    i.BusFault_Handler  stm32f1xx_it.o
    0x080004c8   0x080004c8   0x00000002   Code   RO          467    i.DebugMon_Handler  stm32f1xx_it.o
    0x080004ca   0x080004ca   0x00000004   Code   RO          171    i.Error_Handler     main.o
    0x080004ce   0x080004ce   0x00000046   Code   RO         1016    i.HAL_DMA_Abort     stm32f1xx_hal_dma.o
    0x08000514   0x08000514   0x00000098   Code   RO         1017    i.HAL_DMA_Abort_IT  stm32f1xx_hal_dma.o
    0x080005ac   0x080005ac   0x000001e0   Code   RO          952    i.HAL_GPIO_Init     stm32f1xx_hal_gpio.o
    0x0800078c   0x0800078c   0x0000000a   Code   RO          954    i.HAL_GPIO_ReadPin  stm32f1xx_hal_gpio.o
    0x08000796   0x08000796   0x0000000a   Code   RO          956    i.HAL_GPIO_WritePin  stm32f1xx_hal_gpio.o
    0x080007a0   0x080007a0   0x0000000c   Code   RO          646    i.HAL_GetTick       stm32f1xx_hal.o
    0x080007ac   0x080007ac   0x00000010   Code   RO          652    i.HAL_IncTick       stm32f1xx_hal.o
    0x080007bc   0x080007bc   0x00000024   Code   RO          653    i.HAL_Init          stm32f1xx_hal.o
    0x080007e0   0x080007e0   0x00000098   Code   RO          560    i.HAL_InitTick      stm32f1xx_hal_timebase_tim.o
    0x08000878   0x08000878   0x00000048   Code   RO          536    i.HAL_MspInit       stm32f1xx_hal_msp.o
    0x080008c0   0x080008c0   0x0000001a   Code   RO         1112    i.HAL_NVIC_EnableIRQ  stm32f1xx_hal_cortex.o
    0x080008da   0x080008da   0x00000002   PAD
    0x080008dc   0x080008dc   0x00000040   Code   RO         1118    i.HAL_NVIC_SetPriority  stm32f1xx_hal_cortex.o
    0x0800091c   0x0800091c   0x00000024   Code   RO         1119    i.HAL_NVIC_SetPriorityGrouping  stm32f1xx_hal_cortex.o
    0x08000940   0x08000940   0x0000012c   Code   RO          810    i.HAL_RCC_ClockConfig  stm32f1xx_hal_rcc.o
    0x08000a6c   0x08000a6c   0x00000040   Code   RO          814    i.HAL_RCC_GetClockConfig  stm32f1xx_hal_rcc.o
    0x08000aac   0x08000aac   0x00000020   Code   RO          817    i.HAL_RCC_GetPCLK1Freq  stm32f1xx_hal_rcc.o
    0x08000acc   0x08000acc   0x00000020   Code   RO          818    i.HAL_RCC_GetPCLK2Freq  stm32f1xx_hal_rcc.o
    0x08000aec   0x08000aec   0x0000004c   Code   RO          819    i.HAL_RCC_GetSysClockFreq  stm32f1xx_hal_rcc.o
    0x08000b38   0x08000b38   0x00000320   Code   RO          822    i.HAL_RCC_OscConfig  stm32f1xx_hal_rcc.o
    0x08000e58   0x08000e58   0x00000002   Code   RO         2318    i.HAL_TIMEx_BreakCallback  stm32f1xx_hal_tim_ex.o
    0x08000e5a   0x08000e5a   0x00000002   Code   RO         2319    i.HAL_TIMEx_CommutCallback  stm32f1xx_hal_tim_ex.o
    0x08000e5c   0x08000e5c   0x0000005a   Code   RO         1614    i.HAL_TIM_Base_Init  stm32f1xx_hal_tim.o
    0x08000eb6   0x08000eb6   0x00000002   Code   RO         1616    i.HAL_TIM_Base_MspInit  stm32f1xx_hal_tim.o
    0x08000eb8   0x08000eb8   0x00000058   Code   RO         1619    i.HAL_TIM_Base_Start_IT  stm32f1xx_hal_tim.o
    0x08000f10   0x08000f10   0x00000002   Code   RO         1648    i.HAL_TIM_IC_CaptureCallback  stm32f1xx_hal_tim.o
    0x08000f12   0x08000f12   0x00000166   Code   RO         1662    i.HAL_TIM_IRQHandler  stm32f1xx_hal_tim.o
    0x08001078   0x08001078   0x00000002   Code   RO         1665    i.HAL_TIM_OC_DelayElapsedCallback  stm32f1xx_hal_tim.o
    0x0800107a   0x0800107a   0x00000002   Code   RO         1692    i.HAL_TIM_PWM_PulseFinishedCallback  stm32f1xx_hal_tim.o
    0x0800107c   0x0800107c   0x0000000e   Code   RO          172    i.HAL_TIM_PeriodElapsedCallback  main.o
    0x0800108a   0x0800108a   0x00000002   Code   RO         1705    i.HAL_TIM_TriggerCallback  stm32f1xx_hal_tim.o
    0x0800108c   0x0800108c   0x00000002   Code   RO         2597    i.HAL_UARTEx_RxEventCallback  stm32f1xx_hal_uart.o
    0x0800108e   0x0800108e   0x00000002   Code   RO         2611    i.HAL_UART_ErrorCallback  stm32f1xx_hal_uart.o
    0x08001090   0x08001090   0x0000026c   Code   RO         2614    i.HAL_UART_IRQHandler  stm32f1xx_hal_uart.o
    0x080012fc   0x080012fc   0x00000064   Code   RO         2615    i.HAL_UART_Init     stm32f1xx_hal_uart.o
    0x08001360   0x08001360   0x00000080   Code   RO          425    i.HAL_UART_MspInit  usart.o
    0x080013e0   0x080013e0   0x00000002   Code   RO         2621    i.HAL_UART_RxCpltCallback  stm32f1xx_hal_uart.o
    0x080013e2   0x080013e2   0x0000009a   Code   RO         2623    i.HAL_UART_Transmit  stm32f1xx_hal_uart.o
    0x0800147c   0x0800147c   0x00000002   Code   RO         2626    i.HAL_UART_TxCpltCallback  stm32f1xx_hal_uart.o
    0x0800147e   0x0800147e   0x00000002   PAD
    0x08001480   0x08001480   0x0000000c   Code   RO           13    i.HAL_usart_init    hal_usart.o
    0x0800148c   0x0800148c   0x0000002c   Code   RO           14    i.HAL_usart_send    hal_usart.o
    0x080014b8   0x080014b8   0x00000002   Code   RO          468    i.HardFault_Handler  stm32f1xx_it.o
    0x080014ba   0x080014ba   0x00000002   PAD
    0x080014bc   0x080014bc   0x00000050   Code   RO          357    i.MX_FREERTOS_Init  freertos.o
    0x0800150c   0x0800150c   0x000000bc   Code   RO          333    i.MX_GPIO_Init      gpio.o
    0x080015c8   0x080015c8   0x00000038   Code   RO          426    i.MX_USART3_UART_Init  usart.o
    0x08001600   0x08001600   0x00000002   Code   RO          469    i.MemManage_Handler  stm32f1xx_it.o
    0x08001602   0x08001602   0x00000002   Code   RO          470    i.NMI_Handler       stm32f1xx_it.o
    0x08001604   0x08001604   0x0000002c   Code   RO         4554    i.SysTick_Handler   port.o
    0x08001630   0x08001630   0x0000005e   Code   RO          173    i.SystemClock_Config  main.o
    0x0800168e   0x0800168e   0x00000002   Code   RO         2949    i.SystemInit        system_stm32f1xx.o
    0x08001690   0x08001690   0x0000000c   Code   RO          471    i.TIM2_IRQHandler   stm32f1xx_it.o
    0x0800169c   0x0800169c   0x0000006c   Code   RO         1707    i.TIM_Base_SetConfig  stm32f1xx_hal_tim.o
    0x08001708   0x08001708   0x00000040   Code   RO          358    i.Task_main_start   freertos.o
    0x08001748   0x08001748   0x00000010   Code   RO         2628    i.UART_DMAAbortOnError  stm32f1xx_hal_uart.o
    0x08001758   0x08001758   0x0000004e   Code   RO         2638    i.UART_EndRxTransfer  stm32f1xx_hal_uart.o
    0x080017a6   0x080017a6   0x000000c2   Code   RO         2640    i.UART_Receive_IT   stm32f1xx_hal_uart.o
    0x08001868   0x08001868   0x000000b8   Code   RO         2641    i.UART_SetConfig    stm32f1xx_hal_uart.o
    0x08001920   0x08001920   0x00000078   Code   RO         2644    i.UART_WaitOnFlagUntilTimeout  stm32f1xx_hal_uart.o
    0x08001998   0x08001998   0x0000000c   Code   RO          472    i.USART3_IRQHandler  stm32f1xx_it.o
    0x080019a4   0x080019a4   0x00000002   Code   RO          473    i.UsageFault_Handler  stm32f1xx_it.o
    0x080019a6   0x080019a6   0x00000028   Code   RO         4740    i.__ARM_fpclassify  m_ws.l(fpclassify.o)
    0x080019ce   0x080019ce   0x00000020   Code   RO         1125    i.__NVIC_SetPriority  stm32f1xx_hal_cortex.o
    0x080019ee   0x080019ee   0x00000002   PAD
    0x080019f0   0x080019f0   0x00000388   Code   RO         4693    i.__ieee754_rem_pio2  m_ws.l(rred.o)
    0x08001d78   0x08001d78   0x000000fc   Code   RO         4676    i.__kernel_cos      m_ws.l(cos_i.o)
    0x08001e74   0x08001e74   0x000000aa   Code   RO         4742    i.__kernel_poly     m_ws.l(poly.o)
    0x08001f1e   0x08001f1e   0x00000002   PAD
    0x08001f20   0x08001f20   0x000000ec   Code   RO         4698    i.__kernel_sin      m_ws.l(sin_i.o)
    0x0800200c   0x0800200c   0x00000006   Code   RO         4680    i.__mathlib_dbl_infnan  m_ws.l(dunder.o)
    0x08002012   0x08002012   0x0000000c   Code   RO         4682    i.__mathlib_dbl_invalid  m_ws.l(dunder.o)
    0x0800201e   0x0800201e   0x00000002   PAD
    0x08002020   0x08002020   0x00000010   Code   RO         4685    i.__mathlib_dbl_underflow  m_ws.l(dunder.o)
    0x08002030   0x08002030   0x0000001e   Code   RO          174    i.main              main.o
    0x0800204e   0x0800204e   0x00000002   PAD
    0x08002050   0x08002050   0x00000034   Code   RO         4083    i.osDelay           cmsis_os2.o
    0x08002084   0x08002084   0x00000038   Code   RO         4097    i.osKernelInitialize  cmsis_os2.o
    0x080020bc   0x080020bc   0x00000040   Code   RO         4100    i.osKernelStart     cmsis_os2.o
    0x080020fc   0x080020fc   0x00000074   Code   RO         4116    i.osSemaphoreAcquire  cmsis_os2.o
    0x08002170   0x08002170   0x000000b0   Code   RO         4119    i.osSemaphoreNew    cmsis_os2.o
    0x08002220   0x08002220   0x000000a4   Code   RO         4134    i.osThreadNew       cmsis_os2.o
    0x080022c4   0x080022c4   0x0000005c   Code   RO         3561    i.prvAddCurrentTaskToDelayedList  tasks.o
    0x08002320   0x08002320   0x000000d0   Code   RO         3562    i.prvAddNewTaskToReadyList  tasks.o
    0x080023f0   0x080023f0   0x00000058   Code   RO         3929    i.prvCheckForValidListAndQueue  timers.o
    0x08002448   0x08002448   0x00000026   Code   RO         3164    i.prvCopyDataFromQueue  queue.o
    0x0800246e   0x0800246e   0x0000006c   Code   RO         3165    i.prvCopyDataToQueue  queue.o
    0x080024da   0x080024da   0x00000034   Code   RO         3563    i.prvDeleteTCB      tasks.o
    0x0800250e   0x0800250e   0x00000002   PAD
    0x08002510   0x08002510   0x00000048   Code   RO         4504    i.prvHeapInit       heap_4.o
    0x08002558   0x08002558   0x00000060   Code   RO         3564    i.prvIdleTask       tasks.o
    0x080025b8   0x080025b8   0x00000022   Code   RO         3167    i.prvInitialiseNewQueue  queue.o
    0x080025da   0x080025da   0x0000009c   Code   RO         3565    i.prvInitialiseNewTask  tasks.o
    0x08002676   0x08002676   0x00000002   PAD
    0x08002678   0x08002678   0x0000004c   Code   RO         4505    i.prvInsertBlockIntoFreeList  heap_4.o
    0x080026c4   0x080026c4   0x00000038   Code   RO         3931    i.prvInsertTimerInActiveList  timers.o
    0x080026fc   0x080026fc   0x0000001c   Code   RO         3168    i.prvIsQueueEmpty   queue.o
    0x08002718   0x08002718   0x000000cc   Code   RO         3932    i.prvProcessReceivedCommands  timers.o
    0x080027e4   0x080027e4   0x000000b4   Code   RO         3933    i.prvProcessTimerOrBlockTask  timers.o
    0x08002898   0x08002898   0x00000020   Code   RO         3567    i.prvResetNextTaskUnblockTime  tasks.o
    0x080028b8   0x080028b8   0x00000028   Code   RO         3934    i.prvSampleTimeNow  timers.o
    0x080028e0   0x080028e0   0x0000006c   Code   RO         3935    i.prvSwitchTimerLists  timers.o
    0x0800294c   0x0800294c   0x00000028   Code   RO         4555    i.prvTaskExitError  port.o
    0x08002974   0x08002974   0x00000024   Code   RO         3936    i.prvTimerTask      timers.o
    0x08002998   0x08002998   0x0000006a   Code   RO         3169    i.prvUnlockQueue    queue.o
    0x08002a02   0x08002a02   0x00000002   PAD
    0x08002a04   0x08002a04   0x000000d8   Code   RO         4506    i.pvPortMalloc      heap_4.o
    0x08002adc   0x08002adc   0x00000018   Code   RO         3570    i.pvTaskIncrementMutexHeldCount  tasks.o
    0x08002af4   0x08002af4   0x00000024   Code   RO         4556    i.pxPortInitialiseStack  port.o
    0x08002b18   0x08002b18   0x000000a0   Code   RO         4657    i.sin               m_ws.l(sin.o)
    0x08002bb8   0x08002bb8   0x00000026   Code   RO         3124    i.uxListRemove      list.o
    0x08002bde   0x08002bde   0x00000002   PAD
    0x08002be0   0x08002be0   0x00000014   Code   RO         4146    i.vApplicationGetIdleTaskMemory  cmsis_os2.o
    0x08002bf4   0x08002bf4   0x00000018   Code   RO         4147    i.vApplicationGetTimerTaskMemory  cmsis_os2.o
    0x08002c0c   0x08002c0c   0x00000016   Code   RO         3125    i.vListInitialise   list.o
    0x08002c22   0x08002c22   0x00000006   Code   RO         3126    i.vListInitialiseItem  list.o
    0x08002c28   0x08002c28   0x00000030   Code   RO         3127    i.vListInsert       list.o
    0x08002c58   0x08002c58   0x00000018   Code   RO         3128    i.vListInsertEnd    list.o
    0x08002c70   0x08002c70   0x00000040   Code   RO         4558    i.vPortEnterCritical  port.o
    0x08002cb0   0x08002cb0   0x00000028   Code   RO         4559    i.vPortExitCritical  port.o
    0x08002cd8   0x08002cd8   0x0000005c   Code   RO         4507    i.vPortFree         heap_4.o
    0x08002d34   0x08002d34   0x00000024   Code   RO         4560    i.vPortSetupTimerInterrupt  port.o
    0x08002d58   0x08002d58   0x00000054   Code   RO         4561    i.vPortValidateInterruptPriority  port.o
    0x08002dac   0x08002dac   0x00000028   Code   RO         3175    i.vQueueAddToRegistry  queue.o
    0x08002dd4   0x08002dd4   0x0000002e   Code   RO         3176    i.vQueueDelete      queue.o
    0x08002e02   0x08002e02   0x00000002   PAD
    0x08002e04   0x08002e04   0x00000028   Code   RO         3178    i.vQueueUnregisterQueue  queue.o
    0x08002e2c   0x08002e2c   0x00000044   Code   RO         3179    i.vQueueWaitForMessageRestricted  queue.o
    0x08002e70   0x08002e70   0x0000004c   Code   RO         3579    i.vTaskDelay        tasks.o
    0x08002ebc   0x08002ebc   0x00000010   Code   RO         3584    i.vTaskInternalSetTimeOutState  tasks.o
    0x08002ecc   0x08002ecc   0x0000000c   Code   RO         3585    i.vTaskMissedYield  tasks.o
    0x08002ed8   0x08002ed8   0x00000030   Code   RO         3587    i.vTaskPlaceOnEventList  tasks.o
    0x08002f08   0x08002f08   0x00000038   Code   RO         3588    i.vTaskPlaceOnEventListRestricted  tasks.o
    0x08002f40   0x08002f40   0x00000090   Code   RO         3590    i.vTaskPriorityDisinheritAfterTimeout  tasks.o
    0x08002fd0   0x08002fd0   0x00000044   Code   RO          359    i.vTaskScan         freertos.o
    0x08003014   0x08003014   0x00000088   Code   RO         3596    i.vTaskStartScheduler  tasks.o
    0x0800309c   0x0800309c   0x00000010   Code   RO         3598    i.vTaskSuspendAll   tasks.o
    0x080030ac   0x080030ac   0x00000064   Code   RO         3599    i.vTaskSwitchContext  tasks.o
    0x08003110   0x08003110   0x00000030   Code   RO          360    i.vTaskusartTask    freertos.o
    0x08003140   0x08003140   0x000000a8   Code   RO         4562    i.xPortStartScheduler  port.o
    0x080031e8   0x080031e8   0x0000003a   Code   RO         3180    i.xQueueCreateCountingSemaphore  queue.o
    0x08003222   0x08003222   0x00000040   Code   RO         3181    i.xQueueCreateCountingSemaphoreStatic  queue.o
    0x08003262   0x08003262   0x00000048   Code   RO         3184    i.xQueueGenericCreate  queue.o
    0x080032aa   0x080032aa   0x00000066   Code   RO         3185    i.xQueueGenericCreateStatic  queue.o
    0x08003310   0x08003310   0x00000088   Code   RO         3186    i.xQueueGenericReset  queue.o
    0x08003398   0x08003398   0x00000160   Code   RO         3187    i.xQueueGenericSend  queue.o
    0x080034f8   0x080034f8   0x000000bc   Code   RO         3188    i.xQueueGenericSendFromISR  queue.o
    0x080035b4   0x080035b4   0x00000138   Code   RO         3197    i.xQueueReceive     queue.o
    0x080036ec   0x080036ec   0x0000009a   Code   RO         3198    i.xQueueReceiveFromISR  queue.o
    0x08003786   0x08003786   0x00000002   PAD
    0x08003788   0x08003788   0x00000178   Code   RO         3199    i.xQueueSemaphoreTake  queue.o
    0x08003900   0x08003900   0x00000074   Code   RO         3600    i.xTaskCheckForTimeOut  tasks.o
    0x08003974   0x08003974   0x0000005a   Code   RO         3601    i.xTaskCreate       tasks.o
    0x080039ce   0x080039ce   0x00000056   Code   RO         3602    i.xTaskCreateStatic  tasks.o
    0x08003a24   0x08003a24   0x0000001c   Code   RO         3606    i.xTaskGetSchedulerState  tasks.o
    0x08003a40   0x08003a40   0x0000000c   Code   RO         3607    i.xTaskGetTickCount  tasks.o
    0x08003a4c   0x08003a4c   0x000000c8   Code   RO         3609    i.xTaskIncrementTick  tasks.o
    0x08003b14   0x08003b14   0x00000080   Code   RO         3612    i.xTaskPriorityDisinherit  tasks.o
    0x08003b94   0x08003b94   0x00000078   Code   RO         3613    i.xTaskPriorityInherit  tasks.o
    0x08003c0c   0x08003c0c   0x00000070   Code   RO         3614    i.xTaskRemoveFromEventList  tasks.o
    0x08003c7c   0x08003c7c   0x000000c4   Code   RO         3615    i.xTaskResumeAll    tasks.o
    0x08003d40   0x08003d40   0x00000060   Code   RO         3943    i.xTimerCreateTimerTask  timers.o
    0x08003da0   0x08003da0   0x00000068   Code   RO         3944    i.xTimerGenericCommand  timers.o
    0x08003e08   0x08003e08   0x00000150   Code   RO         4724    x$fpl$dadd          fz_ws.l(daddsub_clz.o)
    0x08003f58   0x08003f58   0x00000010   Code   RO         4757    x$fpl$dcheck1       fz_ws.l(dcheck1.o)
    0x08003f68   0x08003f68   0x000002b0   Code   RO         4731    x$fpl$ddiv          fz_ws.l(ddiv.o)
    0x08004218   0x08004218   0x0000005e   Code   RO         4734    x$fpl$dfix          fz_ws.l(dfix.o)
    0x08004276   0x08004276   0x0000002e   Code   RO         4649    x$fpl$dflt          fz_ws.l(dflt_clz.o)
    0x080042a4   0x080042a4   0x00000026   Code   RO         4648    x$fpl$dfltu         fz_ws.l(dflt_clz.o)
    0x080042ca   0x080042ca   0x00000002   PAD
    0x080042cc   0x080042cc   0x00000154   Code   RO         4654    x$fpl$dmul          fz_ws.l(dmul.o)
    0x08004420   0x08004420   0x0000009c   Code   RO         4671    x$fpl$dnaninf       fz_ws.l(dnaninf.o)
    0x080044bc   0x080044bc   0x0000000c   Code   RO         4673    x$fpl$dretinf       fz_ws.l(dretinf.o)
    0x080044c8   0x080044c8   0x00000016   Code   RO         4725    x$fpl$drsb          fz_ws.l(daddsub_clz.o)
    0x080044de   0x080044de   0x00000002   PAD
    0x080044e0   0x080044e0   0x000001d4   Code   RO         4726    x$fpl$dsub          fz_ws.l(daddsub_clz.o)
    0x080046b4   0x080046b4   0x00000064   Code   RO         4806    x$fpl$retnan        fz_ws.l(retnan.o)
    0x08004718   0x08004718   0x0000005c   Code   RO         4738    x$fpl$scalbn        fz_ws.l(scalbn.o)
    0x08004774   0x08004774   0x00000030   Code   RO         4819    x$fpl$trapveneer    fz_ws.l(trapv.o)
    0x080047a4   0x080047a4   0x00000000   Code   RO         4675    x$fpl$usenofp       fz_ws.l(usenofp.o)
    0x080047a4   0x080047a4   0x0000007c   Data   RO          361    .constdata          freertos.o
    0x08004820   0x08004820   0x00000012   Data   RO          823    .constdata          stm32f1xx_hal_rcc.o
    0x08004832   0x08004832   0x00000010   Data   RO         2950    .constdata          system_stm32f1xx.o
    0x08004842   0x08004842   0x00000008   Data   RO         2951    .constdata          system_stm32f1xx.o
    0x0800484a   0x0800484a   0x00000006   PAD
    0x08004850   0x08004850   0x00000030   Data   RO         4677    .constdata          m_ws.l(cos_i.o)
    0x08004880   0x08004880   0x000000c8   Data   RO         4695    .constdata          m_ws.l(rred.o)
    0x08004948   0x08004948   0x00000028   Data   RO         4699    .constdata          m_ws.l(sin_i.o)
    0x08004970   0x08004970   0x0000002a   Data   RO          362    .conststring        freertos.o
    0x0800499a   0x0800499a   0x00000002   PAD
    0x0800499c   0x0800499c   0x00000020   Data   RO         4889    Region$$Table       anon$$obj.o


    Execution Region RW_IRAM1 (Exec base: 0x20000000, Load base: 0x080049bc, Size: 0x00003b80, Max: 0x00005000, ABSOLUTE)

    Exec Addr    Load Addr    Size         Type   Attr      Idx    E Section Name        Object

    0x20000000   0x080049bc   0x00000004   Data   RW           15    .data               hal_usart.o
    0x20000004   0x080049c0   0x00000004   PAD
    0x20000008   0x080049c4   0x00000018   Data   RW          363    .data               freertos.o
    0x20000020   0x080049dc   0x0000000c   Data   RW          660    .data               stm32f1xx_hal.o
    0x2000002c   0x080049e8   0x00000004   Data   RW         2952    .data               system_stm32f1xx.o
    0x20000030   0x080049ec   0x0000003c   Data   RW         3618    .data               tasks.o
    0x2000006c   0x08004a28   0x00000014   Data   RW         3952    .data               timers.o
    0x20000080   0x08004a3c   0x00000004   Data   RW         4149    .data               cmsis_os2.o
    0x20000084   0x08004a40   0x00000018   Data   RW         4512    .data               heap_4.o
    0x2000009c   0x08004a58   0x0000000c   Data   RW         4563    .data               port.o
    0x200000a8        -       0x00000048   Zero   RW          427    .bss                usart.o
    0x200000f0        -       0x00000048   Zero   RW          563    .bss                stm32f1xx_hal_timebase_tim.o
    0x20000138        -       0x00000040   Zero   RW         3201    .bss                queue.o
    0x20000178        -       0x000004c4   Zero   RW         3617    .bss                tasks.o
    0x2000063c        -       0x00000118   Zero   RW         3951    .bss                timers.o
    0x20000754        -       0x000006b8   Zero   RW         4148    .bss                cmsis_os2.o
    0x20000e0c        -       0x00002710   Zero   RW         4511    .bss                heap_4.o
    0x2000351c        -       0x00000060   Zero   RW         4745    .bss                c_w.l(libspace.o)
    0x2000357c   0x08004a64   0x00000004   PAD
    0x20003580        -       0x00000200   Zero   RW            2    HEAP                startup_stm32f103xb.o
    0x20003780        -       0x00000400   Zero   RW            1    STACK               startup_stm32f103xb.o


==============================================================================

Image component sizes


      Code (inc. data)   RO Data    RW Data    ZI Data      Debug   Object Name

       672         44          0          4       1720      19112   cmsis_os2.o
         0          0          0          0          0       2624   croutine.o
         0          0          0          0          0      20072   event_groups.o
       260         70        166         24          0       3013   freertos.o
       188         16          0          0          0        927   gpio.o
        56         12          0          4          0     363606   hal_usart.o
       456         22          0         24      10000       4543   heap_4.o
       138          0          0          0          0       3270   list.o
       142          0          0          0          0     427712   main.o
       662         70          0         12          0      10557   port.o
      2322         28          0          0         64      23864   queue.o
        64         26        236          0       1536        788   startup_stm32f103xb.o
        64         14          0         12          0       4510   stm32f1xx_hal.o
       158         14          0          0          0      28082   stm32f1xx_hal_cortex.o
       222          4          0          0          0       1707   stm32f1xx_hal_dma.o
       500         34          0          0          0       3431   stm32f1xx_hal_gpio.o
        72         10          0          0          0        826   stm32f1xx_hal_msp.o
      1304         94         18          0          0       5597   stm32f1xx_hal_rcc.o
       654         26          0          0          0       6860   stm32f1xx_hal_tim.o
         4          0          0          0          0       1521   stm32f1xx_hal_tim_ex.o
       152         18          0          0         72       1419   stm32f1xx_hal_timebase_tim.o
      1474         10          0          0          0       9740   stm32f1xx_hal_uart.o
        36         12          0          0          0       3287   stm32f1xx_it.o
         0          0          0          0          0       8876   stream_buffer.o
         2          0         24          4          0       1055   system_stm32f1xx.o
      2352        194          0         60       1220      41253   tasks.o
       912         82          0         20        280      25679   timers.o
       184         20          0          0         72       1606   usart.o

    ----------------------------------------------------------------------
     13074        820        484        168      14964    1025537   Object Totals
         0          0         32          0          0          0   (incl. Generated)
        24          0          8          4          0          0   (incl. Padding)

    ----------------------------------------------------------------------

      Code (inc. data)   RO Data    RW Data    ZI Data      Debug   Library Member Name

         8          0          0          0          0         68   __main.o
         0          0          0          0          0          0   __rtentry.o
        12          0          0          0          0          0   __rtentry2.o
         6          0          0          0          0          0   __rtentry4.o
        52          8          0          0          0          0   __scatter.o
        26          0          0          0          0          0   __scatter_copy.o
        28          0          0          0          0          0   __scatter_zi.o
        22          0          0          0          0        100   _rserrno.o
        16          0          0          0          0         68   aeabi_memset.o
        18          0          0          0          0         80   exit.o
         6          0          0          0          0        152   heapauxi.o
         0          0          0          0          0          0   indicate_semi.o
         2          0          0          0          0          0   libinit.o
         2          0          0          0          0          0   libinit2.o
         2          0          0          0          0          0   libshutdown.o
         2          0          0          0          0          0   libshutdown2.o
         8          4          0          0         96         68   libspace.o
         8          4          0          0          0         68   rt_errno_addr_intlibspace.o
        68          0          0          0          0         68   rt_memclr.o
        78          0          0          0          0         80   rt_memclr_w.o
       138          0          0          0          0         68   rt_memcpy_v6.o
       100          0          0          0          0         80   rt_memcpy_w.o
         2          0          0          0          0          0   rtexit.o
        10          0          0          0          0          0   rtexit2.o
        62          0          0          0          0         76   strlen.o
        12          4          0          0          0         68   sys_exit.o
        74          0          0          0          0         80   sys_stackheap_outer.o
         2          0          0          0          0         68   use_no_semi.o
       826         16          0          0          0        348   daddsub_clz.o
        16          4          0          0          0         68   dcheck1.o
       688        140          0          0          0        208   ddiv.o
        94          4          0          0          0         92   dfix.o
        84          0          0          0          0        136   dflt_clz.o
       340         12          0          0          0        104   dmul.o
       156          4          0          0          0         92   dnaninf.o
        12          0          0          0          0         68   dretinf.o
       100          0          0          0          0         68   retnan.o
        92          0          0          0          0         68   scalbn.o
        48          0          0          0          0         68   trapv.o
         0          0          0          0          0          0   usenofp.o
       252         22         48          0          0        124   cos_i.o
        34          6          0          0          0        204   dunder.o
        40          0          0          0          0         68   fpclassify.o
       170          0          0          0          0         96   poly.o
       904         76        200          0          0        140   rred.o
       160         10          0          0          0        108   sin.o
       236         12         40          0          0        128   sin_i.o

    ----------------------------------------------------------------------
      5030        326        288          0        100       3380   Library Totals
        14          0          0          0          4          0   (incl. Padding)

    ----------------------------------------------------------------------

      Code (inc. data)   RO Data    RW Data    ZI Data      Debug   Library Name

       764         20          0          0         96       1192   c_w.l
      2456        180          0          0          0       1320   fz_ws.l
      1796        126        288          0          0        868   m_ws.l

    ----------------------------------------------------------------------
      5030        326        288          0        100       3380   Library Totals

    ----------------------------------------------------------------------

==============================================================================


      Code (inc. data)   RO Data    RW Data    ZI Data      Debug   

     18104       1146        772        168      15064    1019865   Grand Totals
     18104       1146        772        168      15064    1019865   ELF Image Totals
     18104       1146        772        168          0          0   ROM Totals

==============================================================================

    Total RO  Size (Code + RO Data)                18876 (  18.43kB)
    Total RW  Size (RW Data + ZI Data)             15232 (  14.88kB)
    Total ROM Size (Code + RO Data + RW Data)      19044 (  18.60kB)

==============================================================================

