Component: ARM Compiler 5.06 update 7 (build 960) Tool: armlink [4d3601]

==============================================================================

Section Cross References

    startup_stm32f103xb.o(STACK) refers (Special) to heapauxi.o(.text) for __use_two_region_memory
    startup_stm32f103xb.o(HEAP) refers (Special) to heapauxi.o(.text) for __use_two_region_memory
    startup_stm32f103xb.o(RESET) refers (Special) to heapauxi.o(.text) for __use_two_region_memory
    startup_stm32f103xb.o(RESET) refers to startup_stm32f103xb.o(STACK) for __initial_sp
    startup_stm32f103xb.o(RESET) refers to startup_stm32f103xb.o(.text) for Reset_Handler
    startup_stm32f103xb.o(RESET) refers to stm32f1xx_it.o(i.NMI_Handler) for NMI_Handler
    startup_stm32f103xb.o(RESET) refers to stm32f1xx_it.o(i.HardFault_Handler) for HardFault_Handler
    startup_stm32f103xb.o(RESET) refers to stm32f1xx_it.o(i.MemManage_Handler) for MemManage_Handler
    startup_stm32f103xb.o(RESET) refers to stm32f1xx_it.o(i.BusFault_Handler) for BusFault_Handler
    startup_stm32f103xb.o(RESET) refers to stm32f1xx_it.o(i.UsageFault_Handler) for UsageFault_Handler
    startup_stm32f103xb.o(RESET) refers to port.o(.emb_text) for SVC_Handler
    startup_stm32f103xb.o(RESET) refers to stm32f1xx_it.o(i.DebugMon_Handler) for DebugMon_Handler
    startup_stm32f103xb.o(RESET) refers to port.o(i.SysTick_Handler) for SysTick_Handler
    startup_stm32f103xb.o(RESET) refers to stm32f1xx_it.o(i.TIM2_IRQHandler) for TIM2_IRQHandler
    startup_stm32f103xb.o(RESET) refers to stm32f1xx_it.o(i.USART2_IRQHandler) for USART2_IRQHandler
    startup_stm32f103xb.o(RESET) refers to stm32f1xx_it.o(i.USART3_IRQHandler) for USART3_IRQHandler
    startup_stm32f103xb.o(.text) refers (Special) to heapauxi.o(.text) for __use_two_region_memory
    startup_stm32f103xb.o(.text) refers to system_stm32f1xx.o(i.SystemInit) for SystemInit
    startup_stm32f103xb.o(.text) refers to __main.o(!!!main) for __main
    startup_stm32f103xb.o(.text) refers to startup_stm32f103xb.o(HEAP) for Heap_Mem
    startup_stm32f103xb.o(.text) refers to startup_stm32f103xb.o(STACK) for Stack_Mem
    hal_usart.o(i.HAL_usart_send) refers to strlen.o(.text) for strlen
    hal_usart.o(i.HAL_usart_send) refers to stm32f1xx_hal_uart.o(i.HAL_UART_Transmit) for HAL_UART_Transmit
    esp8266.o(i.ESP8266_Clear) refers to rt_memclr.o(.text) for __aeabi_memclr
    esp8266.o(i.ESP8266_Clear) refers to esp8266.o(.bss) for .bss
    esp8266.o(i.ESP8266_Clear) refers to esp8266.o(.data) for .data
    esp8266.o(i.ESP8266_GetIPD) refers to esp8266.o(i.ESP8266_WaitRecive) for ESP8266_WaitRecive
    esp8266.o(i.ESP8266_GetIPD) refers to strstr.o(.text) for strstr
    esp8266.o(i.ESP8266_GetIPD) refers to strchr.o(.text) for strchr
    esp8266.o(i.ESP8266_GetIPD) refers to hal_usart.o(i.HAL_usart_send) for HAL_usart_send
    esp8266.o(i.ESP8266_GetIPD) refers to stm32f1xx_hal.o(i.HAL_Delay) for HAL_Delay
    esp8266.o(i.ESP8266_GetIPD) refers to esp8266.o(.bss) for .bss
    esp8266.o(i.ESP8266_GetIPD) refers to usart.o(.bss) for huart2
    esp8266.o(i.ESP8266_Init) refers to esp8266.o(i.ESP8266_Clear) for ESP8266_Clear
    esp8266.o(i.ESP8266_Init) refers to hal_usart.o(i.HAL_usart_send) for HAL_usart_send
    esp8266.o(i.ESP8266_Init) refers to stm32f1xx_hal.o(i.HAL_Delay) for HAL_Delay
    esp8266.o(i.ESP8266_Init) refers to esp8266.o(i.ESP8266_SendCmd) for ESP8266_SendCmd
    esp8266.o(i.ESP8266_Init) refers to stm32f1xx_hal_uart.o(i.HAL_UART_Receive_IT) for HAL_UART_Receive_IT
    esp8266.o(i.ESP8266_Init) refers to usart.o(.bss) for huart3
    esp8266.o(i.ESP8266_Init) refers to esp8266.o(.data) for .data
    esp8266.o(i.ESP8266_SendCmd) refers to hal_usart.o(i.HAL_usart_send) for HAL_usart_send
    esp8266.o(i.ESP8266_SendCmd) refers to esp8266.o(i.ESP8266_WaitRecive) for ESP8266_WaitRecive
    esp8266.o(i.ESP8266_SendCmd) refers to strstr.o(.text) for strstr
    esp8266.o(i.ESP8266_SendCmd) refers to esp8266.o(i.ESP8266_Clear) for ESP8266_Clear
    esp8266.o(i.ESP8266_SendCmd) refers to stm32f1xx_hal.o(i.HAL_Delay) for HAL_Delay
    esp8266.o(i.ESP8266_SendCmd) refers to usart.o(.bss) for huart2
    esp8266.o(i.ESP8266_SendCmd) refers to esp8266.o(.bss) for .bss
    esp8266.o(i.ESP8266_SendData) refers to _printf_percent.o(.ARM.Collect$$_printf_percent$$00000000) for _printf_percent
    esp8266.o(i.ESP8266_SendData) refers to _printf_d.o(.ARM.Collect$$_printf_percent$$00000009) for _printf_d
    esp8266.o(i.ESP8266_SendData) refers to _printf_dec.o(.text) for _printf_int_dec
    esp8266.o(i.ESP8266_SendData) refers to esp8266.o(i.ESP8266_Clear) for ESP8266_Clear
    esp8266.o(i.ESP8266_SendData) refers to noretval__2sprintf.o(.text) for __2sprintf
    esp8266.o(i.ESP8266_SendData) refers to esp8266.o(i.ESP8266_SendCmd) for ESP8266_SendCmd
    esp8266.o(i.ESP8266_SendData) refers to hal_usart.o(i.HAL_usart_send) for HAL_usart_send
    esp8266.o(i.ESP8266_SendData) refers to usart.o(.bss) for huart2
[...]
    i.prvInsertBlockIntoFreeList             0x08002a1c   Section        0  heap_4.o(i.prvInsertBlockIntoFreeList)
    prvInsertBlockIntoFreeList               0x08002a1d   Thumb Code    72  heap_4.o(i.prvInsertBlockIntoFreeList)
    i.prvInsertTimerInActiveList             0x08002a68   Section        0  timers.o(i.prvInsertTimerInActiveList)
    prvInsertTimerInActiveList               0x08002a69   Thumb Code    52  timers.o(i.prvInsertTimerInActiveList)
    i.prvIsQueueEmpty                        0x08002aa0   Section        0  queue.o(i.prvIsQueueEmpty)
    prvIsQueueEmpty                          0x08002aa1   Thumb Code    28  queue.o(i.prvIsQueueEmpty)
    i.prvProcessReceivedCommands             0x08002abc   Section        0  timers.o(i.prvProcessReceivedCommands)
    prvProcessReceivedCommands               0x08002abd   Thumb Code   198  timers.o(i.prvProcessReceivedCommands)
    i.prvProcessTimerOrBlockTask             0x08002b88   Section        0  timers.o(i.prvProcessTimerOrBlockTask)
    prvProcessTimerOrBlockTask               0x08002b89   Thumb Code   172  timers.o(i.prvProcessTimerOrBlockTask)
    i.prvResetNextTaskUnblockTime            0x08002c3c   Section        0  tasks.o(i.prvResetNextTaskUnblockTime)
    prvResetNextTaskUnblockTime              0x08002c3d   Thumb Code    26  tasks.o(i.prvResetNextTaskUnblockTime)
    i.prvSampleTimeNow                       0x08002c5c   Section        0  timers.o(i.prvSampleTimeNow)
    prvSampleTimeNow                         0x08002c5d   Thumb Code    36  timers.o(i.prvSampleTimeNow)
    i.prvSwitchTimerLists                    0x08002c84   Section        0  timers.o(i.prvSwitchTimerLists)
    prvSwitchTimerLists                      0x08002c85   Thumb Code   102  timers.o(i.prvSwitchTimerLists)
    i.prvTaskExitError                       0x08002cf0   Section        0  port.o(i.prvTaskExitError)
    prvTaskExitError                         0x08002cf1   Thumb Code    36  port.o(i.prvTaskExitError)
    i.prvTimerTask                           0x08002d18   Section        0  timers.o(i.prvTimerTask)
    prvTimerTask                             0x08002d19   Thumb Code    32  timers.o(i.prvTimerTask)
    i.prvUnlockQueue                         0x08002d3c   Section        0  queue.o(i.prvUnlockQueue)
    prvUnlockQueue                           0x08002d3d   Thumb Code   106  queue.o(i.prvUnlockQueue)
    i.pvPortMalloc                           0x08002da8   Section        0  heap_4.o(i.pvPortMalloc)
    i.pvTaskIncrementMutexHeldCount          0x08002e80   Section        0  tasks.o(i.pvTaskIncrementMutexHeldCount)
    i.pxPortInitialiseStack                  0x08002e98   Section        0  port.o(i.pxPortInitialiseStack)
    i.sin                                    0x08002ebc   Section        0  sin.o(i.sin)
    i.uxListRemove                           0x08002f5c   Section        0  list.o(i.uxListRemove)
    i.vApplicationGetIdleTaskMemory          0x08002f84   Section        0  cmsis_os2.o(i.vApplicationGetIdleTaskMemory)
    i.vApplicationGetTimerTaskMemory         0x08002f98   Section        0  cmsis_os2.o(i.vApplicationGetTimerTaskMemory)
    i.vListInitialise                        0x08002fb0   Section        0  list.o(i.vListInitialise)
    i.vListInitialiseItem                    0x08002fc6   Section        0  list.o(i.vListInitialiseItem)
    i.vListInsert                            0x08002fcc   Section        0  list.o(i.vListInsert)
    i.vListInsertEnd                         0x08002ffc   Section        0  list.o(i.vListInsertEnd)
    i.vPortEnterCritical                     0x08003014   Section        0  port.o(i.vPortEnterCritical)
    i.vPortExitCritical                      0x08003054   Section        0  port.o(i.vPortExitCritical)
    i.vPortFree                              0x0800307c   Section        0  heap_4.o(i.vPortFree)
    i.vPortSetupTimerInterrupt               0x080030d8   Section        0  port.o(i.vPortSetupTimerInterrupt)
    i.vPortValidateInterruptPriority         0x080030fc   Section        0  port.o(i.vPortValidateInterruptPriority)
    i.vQueueAddToRegistry                    0x08003150   Section        0  queue.o(i.vQueueAddToRegistry)
    i.vQueueDelete                           0x08003178   Section        0  queue.o(i.vQueueDelete)
    i.vQueueUnregisterQueue                  0x080031a8   Section        0  queue.o(i.vQueueUnregisterQueue)
    i.vQueueWaitForMessageRestricted         0x080031d0   Section        0  queue.o(i.vQueueWaitForMessageRestricted)
    i.vTaskDelay                             0x08003214   Section        0  tasks.o(i.vTaskDelay)
    i.vTaskInternalSetTimeOutState           0x08003260   Section        0  tasks.o(i.vTaskInternalSetTimeOutState)
    i.vTaskMissedYield                       0x08003270   Section        0  tasks.o(i.vTaskMissedYield)
    i.vTaskOnenet                            0x0800327c   Section        0  freertos.o(i.vTaskOnenet)
    i.vTaskPlaceOnEventList                  0x080032ac   Section        0  tasks.o(i.vTaskPlaceOnEventList)
    i.vTaskPlaceOnEventListRestricted        0x080032dc   Section        0  tasks.o(i.vTaskPlaceOnEventListRestricted)
    i.vTaskPriorityDisinheritAfterTimeout    0x08003314   Section        0  tasks.o(i.vTaskPriorityDisinheritAfterTimeout)
    i.vTaskScan                              0x080033a4   Section        0  freertos.o(i.vTaskScan)
    i.vTaskStartScheduler                    0x080033e8   Section        0  tasks.o(i.vTaskStartScheduler)
    i.vTaskSuspendAll                        0x08003470   Section        0  tasks.o(i.vTaskSuspendAll)
    i.vTaskSwitchContext                     0x08003480   Section        0  tasks.o(i.vTaskSwitchContext)
    i.vTaskusartTask                         0x080034e4   Section        0  freertos.o(i.vTaskusartTask)
    i.xPortStartScheduler                    0x08003518   Section        0  port.o(i.xPortStartScheduler)
    i.xQueueCreateCountingSemaphore          0x080035c0   Section        0  queue.o(i.xQueueCreateCountingSemaphore)
    i.xQueueCreateCountingSemaphoreStatic    0x080035fa   Section        0  queue.o(i.xQueueCreateCountingSemaphoreStatic)
    i.xQueueGenericCreate                    0x0800363a   Section        0  queue.o(i.xQueueGenericCreate)
    i.xQueueGenericCreateStatic              0x08003682   Section        0  queue.o(i.xQueueGenericCreateStatic)
    i.xQueueGenericReset                     0x080036e8   Section        0  queue.o(i.xQueueGenericReset)
    i.xQueueGenericSend                      0x08003770   Section        0  queue.o(i.xQueueGenericSend)
    i.xQueueGenericSendFromISR               0x080038d0   Section        0  queue.o(i.xQueueGenericSendFromISR)
    i.xQueueReceive                          0x0800398c   Section        0  queue.o(i.xQueueReceive)
    i.xQueueReceiveFromISR                   0x08003ac4   Section        0  queue.o(i.xQueueReceiveFromISR)
    i.xQueueSemaphoreTake                    0x08003b60   Section        0  queue.o(i.xQueueSemaphoreTake)
    i.xTaskCheckForTimeOut                   0x08003cd8   Section        0  tasks.o(i.xTaskCheckForTimeOut)
    i.xTaskCreate                            0x08003d4c   Section        0  tasks.o(i.xTaskCreate)
    i.xTaskCreateStatic                      0x08003da6   Section        0  tasks.o(i.xTaskCreateStatic)
    i.xTaskGetSchedulerState                 0x08003dfc   Section        0  tasks.o(i.xTaskGetSchedulerState)
    i.xTaskGetTickCount                      0x08003e18   Section        0  tasks.o(i.xTaskGetTickCount)
    i.xTaskIncrementTick                     0x08003e24   Section        0  tasks.o(i.xTaskIncrementTick)
    i.xTaskPriorityDisinherit                0x08003eec   Section        0  tasks.o(i.xTaskPriorityDisinherit)
    i.xTaskPriorityInherit                   0x08003f6c   Section        0  tasks.o(i.xTaskPriorityInherit)
    i.xTaskRemoveFromEventList               0x08003fe4   Section        0  tasks.o(i.xTaskRemoveFromEventList)
    i.xTaskResumeAll                         0x08004054   Section        0  tasks.o(i.xTaskResumeAll)
    i.xTimerCreateTimerTask                  0x08004118   Section        0  timers.o(i.xTimerCreateTimerTask)
    i.xTimerGenericCommand                   0x08004178   Section        0  timers.o(i.xTimerGenericCommand)
    x$fpl$dadd                               0x080041e0   Section      336  daddsub_clz.o(x$fpl$dadd)
    _dadd1                                   0x080041f1   Thumb Code     0  daddsub_clz.o(x$fpl$dadd)
    x$fpl$dcheck1                            0x08004330   Section       16  dcheck1.o(x$fpl$dcheck1)
    x$fpl$ddiv                               0x08004340   Section      688  ddiv.o(x$fpl$ddiv)
    ddiv_entry                               0x08004347   Thumb Code     0  ddiv.o(x$fpl$ddiv)
    x$fpl$dfix                               0x080045f0   Section       94  dfix.o(x$fpl$dfix)
    x$fpl$dflt                               0x0800464e   Section       46  dflt_clz.o(x$fpl$dflt)
    x$fpl$dfltu                              0x0800467c   Section       38  dflt_clz.o(x$fpl$dfltu)
    x$fpl$dmul                               0x080046a4   Section      340  dmul.o(x$fpl$dmul)
    x$fpl$dnaninf                            0x080047f8   Section      156  dnaninf.o(x$fpl$dnaninf)
    x$fpl$dretinf                            0x08004894   Section       12  dretinf.o(x$fpl$dretinf)
    x$fpl$drsb                               0x080048a0   Section       22  daddsub_clz.o(x$fpl$drsb)
    x$fpl$dsub                               0x080048b8   Section      468  daddsub_clz.o(x$fpl$dsub)
    _dsub1                                   0x080048c9   Thumb Code     0  daddsub_clz.o(x$fpl$dsub)
    x$fpl$retnan                             0x08004a8c   Section      100  retnan.o(x$fpl$retnan)
    x$fpl$scalbn                             0x08004af0   Section       92  scalbn.o(x$fpl$scalbn)
    x$fpl$trapveneer                         0x08004b4c   Section       48  trapv.o(x$fpl$trapveneer)
    .constdata                               0x08004b7c   Section      160  freertos.o(.constdata)
    x$fpl$usenofp                            0x08004b7c   Section        0  usenofp.o(x$fpl$usenofp)
    .constdata                               0x08004c1c   Section       18  stm32f1xx_hal_rcc.o(.constdata)
    aPredivFactorTable                       0x08004c1c   Data           2  stm32f1xx_hal_rcc.o(.constdata)
    aPLLMULFactorTable                       0x08004c1e   Data          16  stm32f1xx_hal_rcc.o(.constdata)
    .constdata                               0x08004c2e   Section       16  system_stm32f1xx.o(.constdata)
    .constdata                               0x08004c3e   Section        8  system_stm32f1xx.o(.constdata)
    .constdata                               0x08004c48   Section       48  cos_i.o(.constdata)
    C                                        0x08004c48   Data          48  cos_i.o(.constdata)
    .constdata                               0x08004c78   Section      200  rred.o(.constdata)
    pio2s                                    0x08004c78   Data          48  rred.o(.constdata)
    twooverpi                                0x08004ca8   Data         152  rred.o(.constdata)
    .constdata                               0x08004d40   Section       40  sin_i.o(.constdata)
    S                                        0x08004d40   Data          40  sin_i.o(.constdata)
    .conststring                             0x08004d68   Section       51  freertos.o(.conststring)
    .data                                    0x20000000   Section        6  esp8266.o(.data)
    .data                                    0x20000008   Section       32  freertos.o(.data)
    .data                                    0x20000028   Section       12  stm32f1xx_hal.o(.data)
    .data                                    0x20000034   Section        4  system_stm32f1xx.o(.data)
    .data                                    0x20000038   Section       60  tasks.o(.data)
    pxDelayedTaskList                        0x2000003c   Data           4  tasks.o(.data)
    pxOverflowDelayedTaskList                0x20000040   Data           4  tasks.o(.data)
    uxDeletedTasksWaitingCleanUp             0x20000044   Data           4  tasks.o(.data)
    uxCurrentNumberOfTasks                   0x20000048   Data           4  tasks.o(.data)
    xTickCount                               0x2000004c   Data           4  tasks.o(.data)
    uxTopReadyPriority                       0x20000050   Data           4  tasks.o(.data)
    xSchedulerRunning                        0x20000054   Data           4  tasks.o(.data)
    uxPendedTicks                            0x20000058   Data           4  tasks.o(.data)
    xYieldPending                            0x2000005c   Data           4  tasks.o(.data)
    xNumOfOverflows                          0x20000060   Data           4  tasks.o(.data)
    uxTaskNumber                             0x20000064   Data           4  tasks.o(.data)
    xNextTaskUnblockTime                     0x20000068   Data           4  tasks.o(.data)
    xIdleTaskHandle                          0x2000006c   Data           4  tasks.o(.data)
    uxSchedulerSuspended                     0x20000070   Data           4  tasks.o(.data)
    .data                                    0x20000074   Section       20  timers.o(.data)
    pxCurrentTimerList                       0x20000074   Data           4  timers.o(.data)
    pxOverflowTimerList                      0x20000078   Data           4  timers.o(.data)
    xTimerQueue                              0x2000007c   Data           4  timers.o(.data)
    xTimerTaskHandle                         0x20000080   Data           4  timers.o(.data)
    xLastTime                                0x20000084   Data           4  timers.o(.data)
    .data                                    0x20000088   Section        4  cmsis_os2.o(.data)
    KernelState                              0x20000088   Data           4  cmsis_os2.o(.data)
    .data                                    0x2000008c   Section       24  heap_4.o(.data)
    pxEnd                                    0x2000008c   Data           4  heap_4.o(.data)
    xFreeBytesRemaining                      0x20000090   Data           4  heap_4.o(.data)
    xMinimumEverFreeBytesRemaining           0x20000094   Data           4  heap_4.o(.data)
    xBlockAllocatedBit                       0x20000098   Data           4  heap_4.o(.data)
    xStart                                   0x2000009c   Data           8  heap_4.o(.data)
    .data                                    0x200000a4   Section       12  port.o(.data)
    ucMaxSysCallPriority                     0x200000a4   Data           1  port.o(.data)
    uxCriticalNesting                        0x200000a8   Data           4  port.o(.data)
    ulMaxPRIGROUPValue                       0x200000ac   Data           4  port.o(.data)
    .bss                                     0x200000b0   Section      512  esp8266.o(.bss)
    .bss                                     0x200002b0   Section      144  usart.o(.bss)
    .bss                                     0x20000340   Section       72  stm32f1xx_hal_timebase_tim.o(.bss)
    .bss                                     0x20000388   Section       64  queue.o(.bss)
    .bss                                     0x200003c8   Section     1220  tasks.o(.bss)
    pxReadyTasksLists                        0x200003c8   Data        1120  tasks.o(.bss)
    xDelayedTaskList1                        0x20000828   Data          20  tasks.o(.bss)
    xDelayedTaskList2                        0x2000083c   Data          20  tasks.o(.bss)
    xPendingReadyList                        0x20000850   Data          20  tasks.o(.bss)
    xTasksWaitingTermination                 0x20000864   Data          20  tasks.o(.bss)
    xSuspendedTaskList                       0x20000878   Data          20  tasks.o(.bss)
    .bss                                     0x2000088c   Section      280  timers.o(.bss)
    xActiveTimerList1                        0x2000088c   Data          20  timers.o(.bss)
    xActiveTimerList2                        0x200008a0   Data          20  timers.o(.bss)
    xStaticTimerQueue                        0x200008b4   Data          80  timers.o(.bss)
    ucStaticTimerQueueStorage                0x20000904   Data         160  timers.o(.bss)
    .bss                                     0x200009a4   Section     1720  cmsis_os2.o(.bss)
    Idle_TCB                                 0x200009a4   Data          92  cmsis_os2.o(.bss)
    Idle_Stack                               0x20000a00   Data         512  cmsis_os2.o(.bss)
    Timer_TCB                                0x20000c00   Data          92  cmsis_os2.o(.bss)
    Timer_Stack                              0x20000c5c   Data        1024  cmsis_os2.o(.bss)
    .bss                                     0x2000105c   Section    10000  heap_4.o(.bss)
    ucHeap                                   0x2000105c   Data       10000  heap_4.o(.bss)
    .bss                                     0x2000376c   Section       96  libspace.o(.bss)
    HEAP                                     0x200037d0   Section      512  startup_stm32f103xb.o(HEAP)
    Heap_Mem                                 0x200037d0   Data         512  startup_stm32f103xb.o(HEAP)
    STACK                                    0x200039d0   Section     1024  startup_stm32f103xb.o(STACK)
    Stack_Mem                                0x200039d0   Data        1024  startup_stm32f103xb.o(STACK)
    __initial_sp                             0x20003dd0   Data           0  startup_stm32f103xb.o(STACK)

    Global Symbols

    Symbol Name                              Value     Ov Type        Size  Object(Section)

    BuildAttributes$$THM_ISAv4$P$D$K$B$S$PE$A:L22UL41UL21$X:L11$S22US41US21$IEEE1$IW$USESV6$~STKCKD$USESV7$~SHL$OTIME$ROPI$IEEEX$EBA8$UX$STANDARDLIB$REQ8$PRES8$EABIv2 0x00000000   Number         0  anon$$obj.o ABSOLUTE
    __ARM_use_no_argv                        0x00000000   Number         0  main.o ABSOLUTE
    _printf_flags                            0x00000000   Number         0  printf_stubs.o ABSOLUTE
    _printf_return_value                     0x00000000   Number         0  printf_stubs.o ABSOLUTE
    _printf_sizespec                         0x00000000   Number         0  printf_stubs.o ABSOLUTE
    _printf_widthprec                        0x00000000   Number         0  printf_stubs.o ABSOLUTE
    __ARM_exceptions_init                     - Undefined Weak Reference
    __alloca_initialize                       - Undefined Weak Reference
    __arm_fini_                               - Undefined Weak Reference
    __arm_preinit_                            - Undefined Weak Reference
    __cpp_initialize__aeabi_                  - Undefined Weak Reference
    __cxa_finalize                            - Undefined Weak Reference
    __sigvec_lookup                           - Undefined Weak Reference
    __user_heap_extent                        - Undefined Weak Reference
    _atexit_init                              - Undefined Weak Reference
    _call_atexit_fns                          - Undefined Weak Reference
    _clock_init                               - Undefined Weak Reference
    _fp_trap_init                             - Undefined Weak Reference
    _fp_trap_shutdown                         - Undefined Weak Reference
    _get_lc_collate                           - Undefined Weak Reference
    _get_lc_monetary                          - Undefined Weak Reference
    _get_lc_time                              - Undefined Weak Reference
    _getenv_init                              - Undefined Weak Reference
    _handle_redirection                       - Undefined Weak Reference
    _initio                                   - Undefined Weak Reference
    _mutex_acquire                            - Undefined Weak Reference
    _mutex_free                               - Undefined Weak Reference
    _mutex_release                            - Undefined Weak Reference
    _printf_mbtowc                            - Undefined Weak Reference
    _printf_truncate_signed                   - Undefined Weak Reference
    _printf_truncate_unsigned                 - Undefined Weak Reference
    _rand_init                                - Undefined Weak Reference
    _signal_finish                            - Undefined Weak Reference
    _signal_init                              - Undefined Weak Reference
    _terminateio                              - Undefined Weak Reference
    __Vectors_Size                           0x000000ec   Number         0  startup_stm32f103xb.o ABSOLUTE
    __Vectors                                0x08000000   Data           4  startup_stm32f103xb.o(RESET)
    __Vectors_End                            0x080000ec   Data           0  startup_stm32f103xb.o(RESET)
    __main                                   0x080000ed   Thumb Code     8  __main.o(!!!main)
    __scatterload                            0x080000f5   Thumb Code     0  __scatter.o(!!!scatter)
    __scatterload_rt2                        0x080000f5   Thumb Code    44  __scatter.o(!!!scatter)
    __scatterload_rt2_thumb_only             0x080000f5   Thumb Code     0  __scatter.o(!!!scatter)
    __scatterload_null                       0x08000103   Thumb Code     0  __scatter.o(!!!scatter)
    __scatterload_copy                       0x08000129   Thumb Code    26  __scatter_copy.o(!!handler_copy)
    __scatterload_zeroinit                   0x08000145   Thumb Code    28  __scatter_zi.o(!!handler_zi)
    __rt_lib_init                            0x08000161   Thumb Code     0  libinit.o(.ARM.Collect$$libinit$$00000000)
    __rt_lib_init_alloca_1                   0x08000163   Thumb Code     0  libinit2.o(.ARM.Collect$$libinit$$0000002E)
    __rt_lib_init_argv_1                     0x08000163   Thumb Code     0  libinit2.o(.ARM.Collect$$libinit$$0000002C)
    __rt_lib_init_atexit_1                   0x08000163   Thumb Code     0  libinit2.o(.ARM.Collect$$libinit$$0000001B)
    __rt_lib_init_clock_1                    0x08000163   Thumb Code     0  libinit2.o(.ARM.Collect$$libinit$$00000021)
    __rt_lib_init_cpp_1                      0x08000163   Thumb Code     0  libinit2.o(.ARM.Collect$$libinit$$00000032)
    __rt_lib_init_exceptions_1               0x08000163   Thumb Code     0  libinit2.o(.ARM.Collect$$libinit$$00000030)
    __rt_lib_init_fp_1                       0x08000163   Thumb Code     0  libinit2.o(.ARM.Collect$$libinit$$00000002)
    __rt_lib_init_fp_trap_1                  0x08000163   Thumb Code     0  libinit2.o(.ARM.Collect$$libinit$$0000001F)
    __rt_lib_init_getenv_1                   0x08000163   Thumb Code     0  libinit2.o(.ARM.Collect$$libinit$$00000023)
    __rt_lib_init_heap_1                     0x08000163   Thumb Code     0  libinit2.o(.ARM.Collect$$libinit$$0000000A)
    __rt_lib_init_lc_collate_1               0x08000163   Thumb Code     0  libinit2.o(.ARM.Collect$$libinit$$00000011)
    __rt_lib_init_lc_ctype_1                 0x08000163   Thumb Code     0  libinit2.o(.ARM.Collect$$libinit$$00000013)
    __rt_lib_init_lc_monetary_1              0x08000163   Thumb Code     0  libinit2.o(.ARM.Collect$$libinit$$00000015)
    __rt_lib_init_lc_numeric_1               0x08000163   Thumb Code     0  libinit2.o(.ARM.Collect$$libinit$$00000017)
    __rt_lib_init_lc_time_1                  0x08000163   Thumb Code     0  libinit2.o(.ARM.Collect$$libinit$$00000019)
    __rt_lib_init_preinit_1                  0x08000163   Thumb Code     0  libinit2.o(.ARM.Collect$$libinit$$00000004)
    __rt_lib_init_rand_1                     0x08000163   Thumb Code     0  libinit2.o(.ARM.Collect$$libinit$$0000000E)
    __rt_lib_init_return                     0x08000163   Thumb Code     0  libinit2.o(.ARM.Collect$$libinit$$00000033)
    __rt_lib_init_signal_1                   0x08000163   Thumb Code     0  libinit2.o(.ARM.Collect$$libinit$$0000001D)
    __rt_lib_init_stdio_1                    0x08000163   Thumb Code     0  libinit2.o(.ARM.Collect$$libinit$$00000025)
    __rt_lib_init_user_alloc_1               0x08000163   Thumb Code     0  libinit2.o(.ARM.Collect$$libinit$$0000000C)
    __rt_lib_shutdown                        0x08000165   Thumb Code     0  libshutdown.o(.ARM.Collect$$libshutdown$$00000000)
    __rt_lib_shutdown_cpp_1                  0x08000167   Thumb Code     0  libshutdown2.o(.ARM.Collect$$libshutdown$$00000004)
    __rt_lib_shutdown_fini_1                 0x08000167   Thumb Code     0  libshutdown2.o(.ARM.Collect$$libshutdown$$00000002)
    __rt_lib_shutdown_fp_trap_1              0x08000167   Thumb Code     0  libshutdown2.o(.ARM.Collect$$libshutdown$$00000009)
    __rt_lib_shutdown_heap_1                 0x08000167   Thumb Code     0  libshutdown2.o(.ARM.Collect$$libshutdown$$00000011)
    __rt_lib_shutdown_return                 0x08000167   Thumb Code     0  libshutdown2.o(.ARM.Collect$$libshutdown$$00000012)
    __rt_lib_shutdown_signal_1               0x08000167   Thumb Code     0  libshutdown2.o(.ARM.Collect$$libshutdown$$0000000C)
    __rt_lib_shutdown_stdio_1                0x08000167   Thumb Code     0  libshutdown2.o(.ARM.Collect$$libshutdown$$00000006)
    __rt_lib_shutdown_user_alloc_1           0x08000167   Thumb Code     0  libshutdown2.o(.ARM.Collect$$libshutdown$$0000000E)
    __rt_entry                               0x08000169   Thumb Code     0  __rtentry.o(.ARM.Collect$$rtentry$$00000000)
    __rt_entry_presh_1                       0x08000169   Thumb Code     0  __rtentry2.o(.ARM.Collect$$rtentry$$00000002)
    __rt_entry_sh                            0x08000169   Thumb Code     0  __rtentry4.o(.ARM.Collect$$rtentry$$00000004)
    __rt_entry_li                            0x0800016f   Thumb Code     0  __rtentry2.o(.ARM.Collect$$rtentry$$0000000A)
    __rt_entry_postsh_1                      0x0800016f   Thumb Code     0  __rtentry2.o(.ARM.Collect$$rtentry$$00000009)
    __rt_entry_main                          0x08000173   Thumb Code     0  __rtentry2.o(.ARM.Collect$$rtentry$$0000000D)
    __rt_entry_postli_1                      0x08000173   Thumb Code     0  __rtentry2.o(.ARM.Collect$$rtentry$$0000000C)
    __rt_exit                                0x0800017b   Thumb Code     0  rtexit.o(.ARM.Collect$$rtexit$$00000000)
    __rt_exit_ls                             0x0800017d   Thumb Code     0  rtexit2.o(.ARM.Collect$$rtexit$$00000003)
    __rt_exit_prels_1                        0x0800017d   Thumb Code     0  rtexit2.o(.ARM.Collect$$rtexit$$00000002)
    __rt_exit_exit                           0x08000181   Thumb Code     0  rtexit2.o(.ARM.Collect$$rtexit$$00000004)
    SVC_Handler                              0x08000189   Thumb Code    32  port.o(.emb_text)
    __asm___6_port_c_39a90d8d__prvStartFirstTask 0x080001ad   Thumb Code    28  port.o(.emb_text)
    PendSV_Handler                           0x080001cd   Thumb Code    72  port.o(.emb_text)
    vPortGetIPSR                             0x08000219   Thumb Code     6  port.o(.emb_text)
    Reset_Handler                            0x08000221   Thumb Code     8  startup_stm32f103xb.o(.text)
    ADC1_2_IRQHandler                        0x0800023b   Thumb Code     0  startup_stm32f103xb.o(.text)
    CAN1_RX1_IRQHandler                      0x0800023b   Thumb Code     0  startup_stm32f103xb.o(.text)
    CAN1_SCE_IRQHandler                      0x0800023b   Thumb Code     0  startup_stm32f103xb.o(.text)
    DMA1_Channel1_IRQHandler                 0x0800023b   Thumb Code     0  startup_stm32f103xb.o(.text)
    DMA1_Channel2_IRQHandler                 0x0800023b   Thumb Code     0  startup_stm32f103xb.o(.text)
    DMA1_Channel3_IRQHandler                 0x0800023b   Thumb Code     0  startup_stm32f103xb.o(.text)
    DMA1_Channel4_IRQHandler                 0x0800023b   Thumb Code     0  startup_stm32f103xb.o(.text)
    DMA1_Channel5_IRQHandler                 0x0800023b   Thumb Code     0  startup_stm32f103xb.o(.text)
    DMA1_Channel6_IRQHandler                 0x0800023b   Thumb Code     0  startup_stm32f103xb.o(.text)
    DMA1_Channel7_IRQHandler                 0x0800023b   Thumb Code     0  startup_stm32f103xb.o(.text)
    EXTI0_IRQHandler                         0x0800023b   Thumb Code     0  startup_stm32f103xb.o(.text)
    EXTI15_10_IRQHandler                     0x0800023b   Thumb Code     0  startup_stm32f103xb.o(.text)
    EXTI1_IRQHandler                         0x0800023b   Thumb Code     0  startup_stm32f103xb.o(.text)
    EXTI2_IRQHandler                         0x0800023b   Thumb Code     0  startup_stm32f103xb.o(.text)
    EXTI3_IRQHandler                         0x0800023b   Thumb Code     0  startup_stm32f103xb.o(.text)
    EXTI4_IRQHandler                         0x0800023b   Thumb Code     0  startup_stm32f103xb.o(.text)
    EXTI9_5_IRQHandler                       0x0800023b   Thumb Code     0  startup_stm32f103xb.o(.text)
    FLASH_IRQHandler                         0x0800023b   Thumb Code     0  startup_stm32f103xb.o(.text)
    I2C1_ER_IRQHandler                       0x0800023b   Thumb Code     0  startup_stm32f103xb.o(.text)
    I2C1_EV_IRQHandler                       0x0800023b   Thumb Code     0  startup_stm32f103xb.o(.text)
    I2C2_ER_IRQHandler                       0x0800023b   Thumb Code     0  startup_stm32f103xb.o(.text)
    I2C2_EV_IRQHandler                       0x0800023b   Thumb Code     0  startup_stm32f103xb.o(.text)
    PVD_IRQHandler                           0x0800023b   Thumb Code     0  startup_stm32f103xb.o(.text)
    RCC_IRQHandler                           0x0800023b   Thumb Code     0  startup_stm32f103xb.o(.text)
    RTC_Alarm_IRQHandler                     0x0800023b   Thumb Code     0  startup_stm32f103xb.o(.text)
    RTC_IRQHandler                           0x0800023b   Thumb Code     0  startup_stm32f103xb.o(.text)
    SPI1_IRQHandler                          0x0800023b   Thumb Code     0  startup_stm32f103xb.o(.text)
    SPI2_IRQHandler                          0x0800023b   Thumb Code     0  startup_stm32f103xb.o(.text)
    TAMPER_IRQHandler                        0x0800023b   Thumb Code     0  startup_stm32f103xb.o(.text)
    TIM1_BRK_IRQHandler                      0x0800023b   Thumb Code     0  startup_stm32f103xb.o(.text)
    TIM1_CC_IRQHandler                       0x0800023b   Thumb Code     0  startup_stm32f103xb.o(.text)
    TIM1_TRG_COM_IRQHandler                  0x0800023b   Thumb Code     0  startup_stm32f103xb.o(.text)
    TIM1_UP_IRQHandler                       0x0800023b   Thumb Code     0  startup_stm32f103xb.o(.text)
    TIM3_IRQHandler                          0x0800023b   Thumb Code     0  startup_stm32f103xb.o(.text)
    TIM4_IRQHandler                          0x0800023b   Thumb Code     0  startup_stm32f103xb.o(.text)
    USART1_IRQHandler                        0x0800023b   Thumb Code     0  startup_stm32f103xb.o(.text)
    USBWakeUp_IRQHandler                     0x0800023b   Thumb Code     0  startup_stm32f103xb.o(.text)
    USB_HP_CAN1_TX_IRQHandler                0x0800023b   Thumb Code     0  startup_stm32f103xb.o(.text)
    USB_LP_CAN1_RX0_IRQHandler               0x0800023b   Thumb Code     0  startup_stm32f103xb.o(.text)
    WWDG_IRQHandler                          0x0800023b   Thumb Code     0  startup_stm32f103xb.o(.text)
    __user_initial_stackheap                 0x0800023d   Thumb Code     0  startup_stm32f103xb.o(.text)
    strstr                                   0x08000261   Thumb Code    36  strstr.o(.text)
    strlen                                   0x08000285   Thumb Code    62  strlen.o(.text)
    __aeabi_memcpy                           0x080002c3   Thumb Code     0  rt_memcpy_v6.o(.text)
    __rt_memcpy                              0x080002c3   Thumb Code   138  rt_memcpy_v6.o(.text)
    _memcpy_lastbytes                        0x08000329   Thumb Code     0  rt_memcpy_v6.o(.text)
    __aeabi_memcpy4                          0x0800034d   Thumb Code     0  rt_memcpy_w.o(.text)
    __aeabi_memcpy8                          0x0800034d   Thumb Code     0  rt_memcpy_w.o(.text)
    __rt_memcpy_w                            0x0800034d   Thumb Code   100  rt_memcpy_w.o(.text)
    _memcpy_lastbytes_aligned                0x08000395   Thumb Code     0  rt_memcpy_w.o(.text)
    __aeabi_memset                           0x080003b1   Thumb Code    16  aeabi_memset.o(.text)
    __aeabi_memclr                           0x080003c1   Thumb Code     0  rt_memclr.o(.text)
    __rt_memclr                              0x080003c1   Thumb Code    68  rt_memclr.o(.text)
    _memset                                  0x080003c5   Thumb Code     0  rt_memclr.o(.text)
    __aeabi_memclr4                          0x08000405   Thumb Code     0  rt_memclr_w.o(.text)
    __aeabi_memclr8                          0x08000405   Thumb Code     0  rt_memclr_w.o(.text)
    __rt_memclr_w                            0x08000405   Thumb Code    78  rt_memclr_w.o(.text)
    _memset_w                                0x08000409   Thumb Code     0  rt_memclr_w.o(.text)
    __use_two_region_memory                  0x08000453   Thumb Code     2  heapauxi.o(.text)
    __rt_heap_escrow                         0x08000455   Thumb Code     2  heapauxi.o(.text)
    __rt_heap_expand                         0x08000457   Thumb Code     2  heapauxi.o(.text)
    __read_errno                             0x08000459   Thumb Code    10  _rserrno.o(.text)
    __set_errno                              0x08000463   Thumb Code    12  _rserrno.o(.text)
    __user_libspace                          0x08000471   Thumb Code     8  libspace.o(.text)
    __user_perproc_libspace                  0x08000471   Thumb Code     0  libspace.o(.text)
    __user_perthread_libspace                0x08000471   Thumb Code     0  libspace.o(.text)
    __aeabi_errno_addr                       0x08000479   Thumb Code     8  rt_errno_addr_intlibspace.o(.text)
    __errno$intlibspace                      0x08000479   Thumb Code     0  rt_errno_addr_intlibspace.o(.text)
    __rt_errno_addr$intlibspace              0x08000479   Thumb Code     0  rt_errno_addr_intlibspace.o(.text)
    __I$use$semihosting                      0x08000481   Thumb Code     0  use_no_semi.o(.text)
    __use_no_semihosting_swi                 0x08000481   Thumb Code     2  use_no_semi.o(.text)
    __semihosting_library_function           0x08000483   Thumb Code     0  indicate_semi.o(.text)
    __user_setup_stackheap                   0x08000483   Thumb Code    74  sys_stackheap_outer.o(.text)
    exit                                     0x080004cd   Thumb Code    18  exit.o(.text)
    _sys_exit                                0x080004e1   Thumb Code     8  sys_exit.o(.text)
    BusFault_Handler                         0x080004ed   Thumb Code     2  stm32f1xx_it.o(i.BusFault_Handler)
    DebugMon_Handler                         0x080004ef   Thumb Code     2  stm32f1xx_it.o(i.DebugMon_Handler)
    ESP8266_Clear                            0x080004f1   Thumb Code    20  esp8266.o(i.ESP8266_Clear)
    ESP8266_Init                             0x0800050d   Thumb Code   172  esp8266.o(i.ESP8266_Init)
    ESP8266_SendCmd                          0x080006b5   Thumb Code    56  esp8266.o(i.ESP8266_SendCmd)
    ESP8266_WaitRecive                       0x080006f5   Thumb Code    28  esp8266.o(i.ESP8266_WaitRecive)
    Error_Handler                            0x08000715   Thumb Code     4  main.o(i.Error_Handler)
    HAL_DMA_Abort                            0x08000719   Thumb Code    70  stm32f1xx_hal_dma.o(i.HAL_DMA_Abort)
    HAL_DMA_Abort_IT                         0x08000761   Thumb Code   148  stm32f1xx_hal_dma.o(i.HAL_DMA_Abort_IT)
    HAL_Delay                                0x080007f9   Thumb Code    32  stm32f1xx_hal.o(i.HAL_Delay)
    HAL_GPIO_Init                            0x0800081d   Thumb Code   446  stm32f1xx_hal_gpio.o(i.HAL_GPIO_Init)
    HAL_GPIO_ReadPin                         0x080009fd   Thumb Code    10  stm32f1xx_hal_gpio.o(i.HAL_GPIO_ReadPin)
    HAL_GPIO_WritePin                        0x08000a07   Thumb Code    10  stm32f1xx_hal_gpio.o(i.HAL_GPIO_WritePin)
    HAL_GetTick                              0x08000a11   Thumb Code     6  stm32f1xx_hal.o(i.HAL_GetTick)
    HAL_IncTick                              0x08000a1d   Thumb Code    12  stm32f1xx_hal.o(i.HAL_IncTick)
    HAL_Init                                 0x08000a2d   Thumb Code    32  stm32f1xx_hal.o(i.HAL_Init)
    HAL_InitTick                             0x08000a51   Thumb Code   134  stm32f1xx_hal_timebase_tim.o(i.HAL_InitTick)
    HAL_MspInit                              0x08000ae9   Thumb Code    62  stm32f1xx_hal_msp.o(i.HAL_MspInit)
    HAL_NVIC_EnableIRQ                       0x08000b31   Thumb Code    26  stm32f1xx_hal_cortex.o(i.HAL_NVIC_EnableIRQ)
    HAL_NVIC_SetPriority                     0x08000b4d   Thumb Code    60  stm32f1xx_hal_cortex.o(i.HAL_NVIC_SetPriority)
    HAL_NVIC_SetPriorityGrouping             0x08000b8d   Thumb Code    26  stm32f1xx_hal_cortex.o(i.HAL_NVIC_SetPriorityGrouping)
    HAL_RCC_ClockConfig                      0x08000bb1   Thumb Code   280  stm32f1xx_hal_rcc.o(i.HAL_RCC_ClockConfig)
    HAL_RCC_GetClockConfig                   0x08000cdd   Thumb Code    54  stm32f1xx_hal_rcc.o(i.HAL_RCC_GetClockConfig)
    HAL_RCC_GetPCLK1Freq                     0x08000d1d   Thumb Code    20  stm32f1xx_hal_rcc.o(i.HAL_RCC_GetPCLK1Freq)
    HAL_RCC_GetPCLK2Freq                     0x08000d3d   Thumb Code    20  stm32f1xx_hal_rcc.o(i.HAL_RCC_GetPCLK2Freq)
    HAL_RCC_GetSysClockFreq                  0x08000d5d   Thumb Code    58  stm32f1xx_hal_rcc.o(i.HAL_RCC_GetSysClockFreq)
    HAL_RCC_OscConfig                        0x08000da9   Thumb Code   778  stm32f1xx_hal_rcc.o(i.HAL_RCC_OscConfig)
    HAL_TIMEx_BreakCallback                  0x080010c9   Thumb Code     2  stm32f1xx_hal_tim_ex.o(i.HAL_TIMEx_BreakCallback)
    HAL_TIMEx_CommutCallback                 0x080010cb   Thumb Code     2  stm32f1xx_hal_tim_ex.o(i.HAL_TIMEx_CommutCallback)
    HAL_TIM_Base_Init                        0x080010cd   Thumb Code    90  stm32f1xx_hal_tim.o(i.HAL_TIM_Base_Init)
    HAL_TIM_Base_MspInit                     0x08001127   Thumb Code     2  stm32f1xx_hal_tim.o(i.HAL_TIM_Base_MspInit)
    HAL_TIM_Base_Start_IT                    0x08001129   Thumb Code    76  stm32f1xx_hal_tim.o(i.HAL_TIM_Base_Start_IT)
    HAL_TIM_IC_CaptureCallback               0x08001181   Thumb Code     2  stm32f1xx_hal_tim.o(i.HAL_TIM_IC_CaptureCallback)
    HAL_TIM_IRQHandler                       0x08001183   Thumb Code   358  stm32f1xx_hal_tim.o(i.HAL_TIM_IRQHandler)
    HAL_TIM_OC_DelayElapsedCallback          0x080012e9   Thumb Code     2  stm32f1xx_hal_tim.o(i.HAL_TIM_OC_DelayElapsedCallback)
    HAL_TIM_PWM_PulseFinishedCallback        0x080012eb   Thumb Code     2  stm32f1xx_hal_tim.o(i.HAL_TIM_PWM_PulseFinishedCallback)
    HAL_TIM_PeriodElapsedCallback            0x080012ed   Thumb Code    14  main.o(i.HAL_TIM_PeriodElapsedCallback)
    HAL_TIM_TriggerCallback                  0x080012fb   Thumb Code     2  stm32f1xx_hal_tim.o(i.HAL_TIM_TriggerCallback)
    HAL_UARTEx_RxEventCallback               0x080012fd   Thumb Code     2  stm32f1xx_hal_uart.o(i.HAL_UARTEx_RxEventCallback)
    HAL_UART_ErrorCallback                   0x080012ff   Thumb Code     2  stm32f1xx_hal_uart.o(i.HAL_UART_ErrorCallback)
    HAL_UART_IRQHandler                      0x08001301   Thumb Code   616  stm32f1xx_hal_uart.o(i.HAL_UART_IRQHandler)
    HAL_UART_Init                            0x0800156d   Thumb Code   100  stm32f1xx_hal_uart.o(i.HAL_UART_Init)
    HAL_UART_MspInit                         0x080015d1   Thumb Code   200  usart.o(i.HAL_UART_MspInit)
    HAL_UART_Receive_IT                      0x080016ad   Thumb Code    28  stm32f1xx_hal_uart.o(i.HAL_UART_Receive_IT)
    HAL_UART_RxCpltCallback                  0x080016c9   Thumb Code    44  esp8266.o(i.HAL_UART_RxCpltCallback)
    HAL_UART_Transmit                        0x08001701   Thumb Code   154  stm32f1xx_hal_uart.o(i.HAL_UART_Transmit)
    HAL_UART_TxCpltCallback                  0x0800179b   Thumb Code     2  stm32f1xx_hal_uart.o(i.HAL_UART_TxCpltCallback)
    HAL_usart_init                           0x0800179d   Thumb Code    14  hal_usart.o(i.HAL_usart_init)
    HAL_usart_send                           0x080017ab   Thumb Code    32  hal_usart.o(i.HAL_usart_send)
    HardFault_Handler                        0x080017cb   Thumb Code     2  stm32f1xx_it.o(i.HardFault_Handler)
    MX_FREERTOS_Init                         0x080017cd   Thumb Code    74  freertos.o(i.MX_FREERTOS_Init)
    MX_GPIO_Init                             0x08001831   Thumb Code   172  gpio.o(i.MX_GPIO_Init)
    MX_USART2_UART_Init                      0x080018ed   Thumb Code    48  usart.o(i.MX_USART2_UART_Init)
    MX_USART3_UART_Init                      0x08001925   Thumb Code    48  usart.o(i.MX_USART3_UART_Init)
    MemManage_Handler                        0x0800195d   Thumb Code     2  stm32f1xx_it.o(i.MemManage_Handler)
    NMI_Handler                              0x0800195f   Thumb Code     2  stm32f1xx_it.o(i.NMI_Handler)
    SysTick_Handler                          0x08001961   Thumb Code    38  port.o(i.SysTick_Handler)
    SystemClock_Config                       0x0800198d   Thumb Code    94  main.o(i.SystemClock_Config)
    SystemInit                               0x080019eb   Thumb Code     2  system_stm32f1xx.o(i.SystemInit)
    TIM2_IRQHandler                          0x080019ed   Thumb Code     6  stm32f1xx_it.o(i.TIM2_IRQHandler)
    TIM_Base_SetConfig                       0x080019f9   Thumb Code    94  stm32f1xx_hal_tim.o(i.TIM_Base_SetConfig)
    Task_main_start                          0x08001a65   Thumb Code    52  freertos.o(i.Task_main_start)
    UART_Start_Receive_IT                    0x08001c7d   Thumb Code    54  stm32f1xx_hal_uart.o(i.UART_Start_Receive_IT)
    USART2_IRQHandler                        0x08001d2d   Thumb Code     6  stm32f1xx_it.o(i.USART2_IRQHandler)
    USART3_IRQHandler                        0x08001d39   Thumb Code     6  stm32f1xx_it.o(i.USART3_IRQHandler)
    UsageFault_Handler                       0x08001d45   Thumb Code     2  stm32f1xx_it.o(i.UsageFault_Handler)
    __ARM_fpclassify                         0x08001d47   Thumb Code    40  fpclassify.o(i.__ARM_fpclassify)
    __ieee754_rem_pio2                       0x08001d91   Thumb Code   828  rred.o(i.__ieee754_rem_pio2)
    __kernel_cos                             0x08002119   Thumb Code   230  cos_i.o(i.__kernel_cos)
    __kernel_poly                            0x08002215   Thumb Code   170  poly.o(i.__kernel_poly)
    __kernel_sin                             0x080022c1   Thumb Code   224  sin_i.o(i.__kernel_sin)
    __mathlib_dbl_infnan                     0x080023ad   Thumb Code     6  dunder.o(i.__mathlib_dbl_infnan)
    __mathlib_dbl_invalid                    0x080023b3   Thumb Code    12  dunder.o(i.__mathlib_dbl_invalid)
    __mathlib_dbl_underflow                  0x080023c1   Thumb Code    10  dunder.o(i.__mathlib_dbl_underflow)
    main                                     0x080023d1   Thumb Code    34  main.o(i.main)
    osDelay                                  0x080023f5   Thumb Code    46  cmsis_os2.o(i.osDelay)
    osKernelInitialize                       0x08002429   Thumb Code    50  cmsis_os2.o(i.osKernelInitialize)
    osKernelStart                            0x08002461   Thumb Code    58  cmsis_os2.o(i.osKernelStart)
    osSemaphoreAcquire                       0x080024a1   Thumb Code   108  cmsis_os2.o(i.osSemaphoreAcquire)
    osSemaphoreNew                           0x08002515   Thumb Code   172  cmsis_os2.o(i.osSemaphoreNew)
    osThreadNew                              0x080025c5   Thumb Code   160  cmsis_os2.o(i.osThreadNew)
    pvPortMalloc                             0x08002da9   Thumb Code   210  heap_4.o(i.pvPortMalloc)
    pvTaskIncrementMutexHeldCount            0x08002e81   Thumb Code    18  tasks.o(i.pvTaskIncrementMutexHeldCount)
    pxPortInitialiseStack                    0x08002e99   Thumb Code    32  port.o(i.pxPortInitialiseStack)
    sin                                      0x08002ebd   Thumb Code   150  sin.o(i.sin)
    uxListRemove                             0x08002f5d   Thumb Code    38  list.o(i.uxListRemove)
    vApplicationGetIdleTaskMemory            0x08002f85   Thumb Code    16  cmsis_os2.o(i.vApplicationGetIdleTaskMemory)
    vApplicationGetTimerTaskMemory           0x08002f99   Thumb Code    18  cmsis_os2.o(i.vApplicationGetTimerTaskMemory)
    vListInitialise                          0x08002fb1   Thumb Code    22  list.o(i.vListInitialise)
    vListInitialiseItem                      0x08002fc7   Thumb Code     6  list.o(i.vListInitialiseItem)
    vListInsert                              0x08002fcd   Thumb Code    48  list.o(i.vListInsert)
    vListInsertEnd                           0x08002ffd   Thumb Code    24  list.o(i.vListInsertEnd)
    vPortEnterCritical                       0x08003015   Thumb Code    54  port.o(i.vPortEnterCritical)
    vPortExitCritical                        0x08003055   Thumb Code    34  port.o(i.vPortExitCritical)
    vPortFree                                0x0800307d   Thumb Code    88  heap_4.o(i.vPortFree)
    vPortSetupTimerInterrupt                 0x080030d9   Thumb Code    32  port.o(i.vPortSetupTimerInterrupt)
    vPortValidateInterruptPriority           0x080030fd   Thumb Code    74  port.o(i.vPortValidateInterruptPriority)
    vQueueAddToRegistry                      0x08003151   Thumb Code    34  queue.o(i.vQueueAddToRegistry)
    vQueueDelete                             0x08003179   Thumb Code    46  queue.o(i.vQueueDelete)
    vQueueUnregisterQueue                    0x080031a9   Thumb Code    36  queue.o(i.vQueueUnregisterQueue)
    vQueueWaitForMessageRestricted           0x080031d1   Thumb Code    68  queue.o(i.vQueueWaitForMessageRestricted)
    vTaskDelay                               0x08003215   Thumb Code    66  tasks.o(i.vTaskDelay)
    vTaskInternalSetTimeOutState             0x08003261   Thumb Code    12  tasks.o(i.vTaskInternalSetTimeOutState)
    vTaskMissedYield                         0x08003271   Thumb Code     8  tasks.o(i.vTaskMissedYield)
    vTaskOnenet                              0x0800327d   Thumb Code    26  freertos.o(i.vTaskOnenet)
    vTaskPlaceOnEventList                    0x080032ad   Thumb Code    44  tasks.o(i.vTaskPlaceOnEventList)
    vTaskPlaceOnEventListRestricted          0x080032dd   Thumb Code    52  tasks.o(i.vTaskPlaceOnEventListRestricted)
    vTaskPriorityDisinheritAfterTimeout      0x08003315   Thumb Code   134  tasks.o(i.vTaskPriorityDisinheritAfterTimeout)
    vTaskScan                                0x080033a5   Thumb Code    54  freertos.o(i.vTaskScan)
    vTaskStartScheduler                      0x080033e9   Thumb Code   118  tasks.o(i.vTaskStartScheduler)
    vTaskSuspendAll                          0x08003471   Thumb Code    10  tasks.o(i.vTaskSuspendAll)
    vTaskSwitchContext                       0x08003481   Thumb Code    90  tasks.o(i.vTaskSwitchContext)
    vTaskusartTask                           0x080034e5   Thumb Code    26  freertos.o(i.vTaskusartTask)
    xPortStartScheduler                      0x08003519   Thumb Code   154  port.o(i.xPortStartScheduler)
    xQueueCreateCountingSemaphore            0x080035c1   Thumb Code    58  queue.o(i.xQueueCreateCountingSemaphore)
    xQueueCreateCountingSemaphoreStatic      0x080035fb   Thumb Code    64  queue.o(i.xQueueCreateCountingSemaphoreStatic)
    xQueueGenericCreate                      0x0800363b   Thumb Code    72  queue.o(i.xQueueGenericCreate)
    xQueueGenericCreateStatic                0x08003683   Thumb Code   102  queue.o(i.xQueueGenericCreateStatic)
    xQueueGenericReset                       0x080036e9   Thumb Code   132  queue.o(i.xQueueGenericReset)
    xQueueGenericSend                        0x08003771   Thumb Code   346  queue.o(i.xQueueGenericSend)
    xQueueGenericSendFromISR                 0x080038d1   Thumb Code   188  queue.o(i.xQueueGenericSendFromISR)
    xQueueReceive                            0x0800398d   Thumb Code   308  queue.o(i.xQueueReceive)
    xQueueReceiveFromISR                     0x08003ac5   Thumb Code   154  queue.o(i.xQueueReceiveFromISR)
    xQueueSemaphoreTake                      0x08003b61   Thumb Code   372  queue.o(i.xQueueSemaphoreTake)
    xTaskCheckForTimeOut                     0x08003cd9   Thumb Code   112  tasks.o(i.xTaskCheckForTimeOut)
    xTaskCreate                              0x08003d4d   Thumb Code    90  tasks.o(i.xTaskCreate)
    xTaskCreateStatic                        0x08003da7   Thumb Code    86  tasks.o(i.xTaskCreateStatic)
    xTaskGetSchedulerState                   0x08003dfd   Thumb Code    22  tasks.o(i.xTaskGetSchedulerState)
    xTaskGetTickCount                        0x08003e19   Thumb Code     6  tasks.o(i.xTaskGetTickCount)
    xTaskIncrementTick                       0x08003e25   Thumb Code   190  tasks.o(i.xTaskIncrementTick)
    xTaskPriorityDisinherit                  0x08003eed   Thumb Code   118  tasks.o(i.xTaskPriorityDisinherit)
    xTaskPriorityInherit                     0x08003f6d   Thumb Code   112  tasks.o(i.xTaskPriorityInherit)
    xTaskRemoveFromEventList                 0x08003fe5   Thumb Code    98  tasks.o(i.xTaskRemoveFromEventList)
    xTaskResumeAll                           0x08004055   Thumb Code   182  tasks.o(i.xTaskResumeAll)
    xTimerCreateTimerTask                    0x08004119   Thumb Code    78  timers.o(i.xTimerCreateTimerTask)
    xTimerGenericCommand                     0x08004179   Thumb Code    98  timers.o(i.xTimerGenericCommand)
    __aeabi_dadd                             0x080041e1   Thumb Code     0  daddsub_clz.o(x$fpl$dadd)
    _dadd                                    0x080041e1   Thumb Code   332  daddsub_clz.o(x$fpl$dadd)
    __fpl_dcheck_NaN1                        0x08004331   Thumb Code    10  dcheck1.o(x$fpl$dcheck1)
    __aeabi_ddiv                             0x08004341   Thumb Code     0  ddiv.o(x$fpl$ddiv)
    _ddiv                                    0x08004341   Thumb Code   552  ddiv.o(x$fpl$ddiv)
    __aeabi_d2iz                             0x080045f1   Thumb Code     0  dfix.o(x$fpl$dfix)
    _dfix                                    0x080045f1   Thumb Code    94  dfix.o(x$fpl$dfix)
    __aeabi_i2d                              0x0800464f   Thumb Code     0  dflt_clz.o(x$fpl$dflt)
    _dflt                                    0x0800464f   Thumb Code    46  dflt_clz.o(x$fpl$dflt)
    __aeabi_ui2d                             0x0800467d   Thumb Code     0  dflt_clz.o(x$fpl$dfltu)
    _dfltu                                   0x0800467d   Thumb Code    38  dflt_clz.o(x$fpl$dfltu)
    __aeabi_dmul                             0x080046a5   Thumb Code     0  dmul.o(x$fpl$dmul)
    _dmul                                    0x080046a5   Thumb Code   332  dmul.o(x$fpl$dmul)
    __fpl_dnaninf                            0x080047f9   Thumb Code   156  dnaninf.o(x$fpl$dnaninf)
    __fpl_dretinf                            0x08004895   Thumb Code    12  dretinf.o(x$fpl$dretinf)
    __aeabi_drsub                            0x080048a1   Thumb Code     0  daddsub_clz.o(x$fpl$drsb)
    _drsb                                    0x080048a1   Thumb Code    22  daddsub_clz.o(x$fpl$drsb)
    __aeabi_dsub                             0x080048b9   Thumb Code     0  daddsub_clz.o(x$fpl$dsub)
    _dsub                                    0x080048b9   Thumb Code   464  daddsub_clz.o(x$fpl$dsub)
    __fpl_return_NaN                         0x08004a8d   Thumb Code   100  retnan.o(x$fpl$retnan)
    __ARM_scalbn                             0x08004af1   Thumb Code    92  scalbn.o(x$fpl$scalbn)
    __fpl_cmpreturn                          0x08004b4d   Thumb Code    48  trapv.o(x$fpl$trapveneer)
    Task_main_attributes                     0x08004b7c   Data          36  freertos.o(.constdata)
    __I$use$fp                               0x08004b7c   Number         0  usenofp.o(x$fpl$usenofp)
    Scan_attributes                          0x08004ba0   Data          36  freertos.o(.constdata)
    usartTask_attributes                     0x08004bc4   Data          36  freertos.o(.constdata)
    Onenet_attributes                        0x08004be8   Data          36  freertos.o(.constdata)
    binarySem_attributes                     0x08004c0c   Data          16  freertos.o(.constdata)
    AHBPrescTable                            0x08004c2e   Data          16  system_stm32f1xx.o(.constdata)
    APBPrescTable                            0x08004c3e   Data           8  system_stm32f1xx.o(.constdata)
    Region$$Table$$Base                      0x08004d9c   Number         0  anon$$obj.o(Region$$Table)
    Region$$Table$$Limit                     0x08004dbc   Number         0  anon$$obj.o(Region$$Table)
    aRxBuffer                                0x20000000   Data           1  esp8266.o(.data)
    esp8266_cnt                              0x20000002   Data           2  esp8266.o(.data)
    esp8266_cntPre                           0x20000004   Data           2  esp8266.o(.data)
    Task_mainHandle                          0x20000008   Data           4  freertos.o(.data)
    ScanHandle                               0x2000000c   Data           4  freertos.o(.data)
    usartTaskHandle                          0x20000010   Data           4  freertos.o(.data)
    OnenetHandle                             0x20000014   Data           4  freertos.o(.data)
    binarySemHandle                          0x20000018   Data           4  freertos.o(.data)
    brightNess                               0x20000020   Data           8  freertos.o(.data)
    uwTickFreq                               0x20000028   Data           1  stm32f1xx_hal.o(.data)
    uwTickPrio                               0x2000002c   Data           4  stm32f1xx_hal.o(.data)
    uwTick                                   0x20000030   Data           4  stm32f1xx_hal.o(.data)
    SystemCoreClock                          0x20000034   Data           4  system_stm32f1xx.o(.data)
    pxCurrentTCB                             0x20000038   Data           4  tasks.o(.data)
    esp8266_buf                              0x200000b0   Data         512  esp8266.o(.bss)
    huart2                                   0x200002b0   Data          72  usart.o(.bss)
    huart3                                   0x200002f8   Data          72  usart.o(.bss)
    htim2                                    0x20000340   Data          72  stm32f1xx_hal_timebase_tim.o(.bss)
    xQueueRegistry                           0x20000388   Data          64  queue.o(.bss)
    __libspace_start                         0x2000376c   Data          96  libspace.o(.bss)
    __temporary_stack_top$libspace           0x200037cc   Data           0  libspace.o(.bss)



==============================================================================

Memory Map of the image

  Image Entry point : 0x080000ed

  Load Region LR_IROM1 (Base: 0x08000000, Size: 0x00004e6c, Max: 0x00010000, ABSOLUTE)

    Execution Region ER_IROM1 (Exec base: 0x08000000, Load base: 0x08000000, Size: 0x00004dbc, Max: 0x00010000, ABSOLUTE)

    Exec Addr    Load Addr    Size         Type   Attr      Idx    E Section Name        Object

    0x08000000   0x08000000   0x000000ec   Data   RO            3    RESET               startup_stm32f103xb.o
    0x080000ec   0x080000ec   0x00000008   Code   RO         5455  * !!!main             c_w.l(__main.o)
    0x080000f4   0x080000f4   0x00000034   Code   RO         5840    !!!scatter          c_w.l(__scatter.o)
    0x08000128   0x08000128   0x0000001a   Code   RO         5842    !!handler_copy      c_w.l(__scatter_copy.o)
    0x08000142   0x08000142   0x00000002   PAD
    0x08000144   0x08000144   0x0000001c   Code   RO         5844    !!handler_zi        c_w.l(__scatter_zi.o)
    0x08000160   0x08000160   0x00000002   Code   RO         5773    .ARM.Collect$$libinit$$00000000  c_w.l(libinit.o)
    0x08000162   0x08000162   0x00000000   Code   RO         5555    .ARM.Collect$$libinit$$00000002  c_w.l(libinit2.o)
    0x08000162   0x08000162   0x00000000   Code   RO         5557    .ARM.Collect$$libinit$$00000004  c_w.l(libinit2.o)
    0x08000162   0x08000162   0x00000000   Code   RO         5560    .ARM.Collect$$libinit$$0000000A  c_w.l(libinit2.o)
    0x08000162   0x08000162   0x00000000   Code   RO         5562    .ARM.Collect$$libinit$$0000000C  c_w.l(libinit2.o)
    0x08000162   0x08000162   0x00000000   Code   RO         5564    .ARM.Collect$$libinit$$0000000E  c_w.l(libinit2.o)
    0x08000162   0x08000162   0x00000000   Code   RO         5567    .ARM.Collect$$libinit$$00000011  c_w.l(libinit2.o)
    0x08000162   0x08000162   0x00000000   Code   RO         5569    .ARM.Collect$$libinit$$00000013  c_w.l(libinit2.o)
    0x08000162   0x08000162   0x00000000   Code   RO         5571    .ARM.Collect$$libinit$$00000015  c_w.l(libinit2.o)
    0x08000162   0x08000162   0x00000000   Code   RO         5573    .ARM.Collect$$libinit$$00000017  c_w.l(libinit2.o)
    0x08000162   0x08000162   0x00000000   Code   RO         5575    .ARM.Collect$$libinit$$00000019  c_w.l(libinit2.o)
    0x08000162   0x08000162   0x00000000   Code   RO         5577    .ARM.Collect$$libinit$$0000001B  c_w.l(libinit2.o)
    0x08000162   0x08000162   0x00000000   Code   RO         5579    .ARM.Collect$$libinit$$0000001D  c_w.l(libinit2.o)
    0x08000162   0x08000162   0x00000000   Code   RO         5581    .ARM.Collect$$libinit$$0000001F  c_w.l(libinit2.o)
    0x08000162   0x08000162   0x00000000   Code   RO         5583    .ARM.Collect$$libinit$$00000021  c_w.l(libinit2.o)
    0x08000162   0x08000162   0x00000000   Code   RO         5585    .ARM.Collect$$libinit$$00000023  c_w.l(libinit2.o)
    0x08000162   0x08000162   0x00000000   Code   RO         5587    .ARM.Collect$$libinit$$00000025  c_w.l(libinit2.o)
    0x08000162   0x08000162   0x00000000   Code   RO         5591    .ARM.Collect$$libinit$$0000002C  c_w.l(libinit2.o)
    0x08000162   0x08000162   0x00000000   Code   RO         5593    .ARM.Collect$$libinit$$0000002E  c_w.l(libinit2.o)
    0x08000162   0x08000162   0x00000000   Code   RO         5595    .ARM.Collect$$libinit$$00000030  c_w.l(libinit2.o)
    0x08000162   0x08000162   0x00000000   Code   RO         5597    .ARM.Collect$$libinit$$00000032  c_w.l(libinit2.o)
    0x08000162   0x08000162   0x00000002   Code   RO         5598    .ARM.Collect$$libinit$$00000033  c_w.l(libinit2.o)
    0x08000164   0x08000164   0x00000002   Code   RO         5837    .ARM.Collect$$libshutdown$$00000000  c_w.l(libshutdown.o)
    0x08000166   0x08000166   0x00000000   Code   RO         5789    .ARM.Collect$$libshutdown$$00000002  c_w.l(libshutdown2.o)
    0x08000166   0x08000166   0x00000000   Code   RO         5791    .ARM.Collect$$libshutdown$$00000004  c_w.l(libshutdown2.o)
    0x08000166   0x08000166   0x00000000   Code   RO         5793    .ARM.Collect$$libshutdown$$00000006  c_w.l(libshutdown2.o)
    0x08000166   0x08000166   0x00000000   Code   RO         5796    .ARM.Collect$$libshutdown$$00000009  c_w.l(libshutdown2.o)
    0x08000166   0x08000166   0x00000000   Code   RO         5799    .ARM.Collect$$libshutdown$$0000000C  c_w.l(libshutdown2.o)
    0x08000166   0x08000166   0x00000000   Code   RO         5801    .ARM.Collect$$libshutdown$$0000000E  c_w.l(libshutdown2.o)
    0x08000166   0x08000166   0x00000000   Code   RO         5804    .ARM.Collect$$libshutdown$$00000011  c_w.l(libshutdown2.o)
    0x08000166   0x08000166   0x00000002   Code   RO         5805    .ARM.Collect$$libshutdown$$00000012  c_w.l(libshutdown2.o)
    0x08000168   0x08000168   0x00000000   Code   RO         5509    .ARM.Collect$$rtentry$$00000000  c_w.l(__rtentry.o)
    0x08000168   0x08000168   0x00000000   Code   RO         5661    .ARM.Collect$$rtentry$$00000002  c_w.l(__rtentry2.o)
    0x08000168   0x08000168   0x00000006   Code   RO         5673    .ARM.Collect$$rtentry$$00000004  c_w.l(__rtentry4.o)
    0x0800016e   0x0800016e   0x00000000   Code   RO         5663    .ARM.Collect$$rtentry$$00000009  c_w.l(__rtentry2.o)
    0x0800016e   0x0800016e   0x00000004   Code   RO         5664    .ARM.Collect$$rtentry$$0000000A  c_w.l(__rtentry2.o)
    0x08000172   0x08000172   0x00000000   Code   RO         5666    .ARM.Collect$$rtentry$$0000000C  c_w.l(__rtentry2.o)
    0x08000172   0x08000172   0x00000008   Code   RO         5667    .ARM.Collect$$rtentry$$0000000D  c_w.l(__rtentry2.o)
    0x0800017a   0x0800017a   0x00000002   Code   RO         5778    .ARM.Collect$$rtexit$$00000000  c_w.l(rtexit.o)
    0x0800017c   0x0800017c   0x00000000   Code   RO         5811    .ARM.Collect$$rtexit$$00000002  c_w.l(rtexit2.o)
    0x0800017c   0x0800017c   0x00000004   Code   RO         5812    .ARM.Collect$$rtexit$$00000003  c_w.l(rtexit2.o)
    0x08000180   0x08000180   0x00000006   Code   RO         5813    .ARM.Collect$$rtexit$$00000004  c_w.l(rtexit2.o)
    0x08000186   0x08000186   0x00000002   PAD
    0x08000188   0x08000188   0x00000096   Code   RO         5221    .emb_text           port.o
    0x0800021e   0x0800021e   0x00000002   PAD
    0x08000220   0x08000220   0x00000040   Code   RO            4    .text               startup_stm32f103xb.o
    0x08000260   0x08000260   0x00000024   Code   RO         5433    .text               c_w.l(strstr.o)
    0x08000284   0x08000284   0x0000003e   Code   RO         5437    .text               c_w.l(strlen.o)
    0x080002c2   0x080002c2   0x0000008a   Code   RO         5441    .text               c_w.l(rt_memcpy_v6.o)
    0x0800034c   0x0800034c   0x00000064   Code   RO         5443    .text               c_w.l(rt_memcpy_w.o)
    0x080003b0   0x080003b0   0x00000010   Code   RO         5447    .text               c_w.l(aeabi_memset.o)
    0x080003c0   0x080003c0   0x00000044   Code   RO         5449    .text               c_w.l(rt_memclr.o)
    0x08000404   0x08000404   0x0000004e   Code   RO         5451    .text               c_w.l(rt_memclr_w.o)
    0x08000452   0x08000452   0x00000006   Code   RO         5453    .text               c_w.l(heapauxi.o)
    0x08000458   0x08000458   0x00000016   Code   RO         5537    .text               c_w.l(_rserrno.o)
    0x0800046e   0x0800046e   0x00000002   PAD
    0x08000470   0x08000470   0x00000008   Code   RO         5657    .text               c_w.l(libspace.o)
    0x08000478   0x08000478   0x00000008   Code   RO         5683    .text               c_w.l(rt_errno_addr_intlibspace.o)
    0x08000480   0x08000480   0x00000002   Code   RO         5747    .text               c_w.l(use_no_semi.o)
    0x08000482   0x08000482   0x00000000   Code   RO         5749    .text               c_w.l(indicate_semi.o)
    0x08000482   0x08000482   0x0000004a   Code   RO         5750    .text               c_w.l(sys_stackheap_outer.o)
    0x080004cc   0x080004cc   0x00000012   Code   RO         5756    .text               c_w.l(exit.o)
    0x080004de   0x080004de   0x00000002   PAD
    0x080004e0   0x080004e0   0x0000000c   Code   RO         5776    .text               c_w.l(sys_exit.o)
    0x080004ec   0x080004ec   0x00000002   Code   RO          803    i.BusFault_Handler  stm32f1xx_it.o
    0x080004ee   0x080004ee   0x00000002   Code   RO          804    i.DebugMon_Handler  stm32f1xx_it.o
    0x080004f0   0x080004f0   0x0000001c   Code   RO          169    i.ESP8266_Clear     esp8266.o
    0x0800050c   0x0800050c   0x000001a8   Code   RO          171    i.ESP8266_Init      esp8266.o
    0x080006b4   0x080006b4   0x00000040   Code   RO          172    i.ESP8266_SendCmd   esp8266.o
    0x080006f4   0x080006f4   0x00000020   Code   RO          174    i.ESP8266_WaitRecive  esp8266.o
    0x08000714   0x08000714   0x00000004   Code   RO          609    i.Error_Handler     main.o
    0x08000718   0x08000718   0x00000046   Code   RO         1705    i.HAL_DMA_Abort     stm32f1xx_hal_dma.o
    0x0800075e   0x0800075e   0x00000002   PAD
    0x08000760   0x08000760   0x00000098   Code   RO         1706    i.HAL_DMA_Abort_IT  stm32f1xx_hal_dma.o
    0x080007f8   0x080007f8   0x00000024   Code   RO         1331    i.HAL_Delay         stm32f1xx_hal.o
    0x0800081c   0x0800081c   0x000001e0   Code   RO         1641    i.HAL_GPIO_Init     stm32f1xx_hal_gpio.o
    0x080009fc   0x080009fc   0x0000000a   Code   RO         1643    i.HAL_GPIO_ReadPin  stm32f1xx_hal_gpio.o
    0x08000a06   0x08000a06   0x0000000a   Code   RO         1645    i.HAL_GPIO_WritePin  stm32f1xx_hal_gpio.o
    0x08000a10   0x08000a10   0x0000000c   Code   RO         1335    i.HAL_GetTick       stm32f1xx_hal.o
    0x08000a1c   0x08000a1c   0x00000010   Code   RO         1341    i.HAL_IncTick       stm32f1xx_hal.o
    0x08000a2c   0x08000a2c   0x00000024   Code   RO         1342    i.HAL_Init          stm32f1xx_hal.o
    0x08000a50   0x08000a50   0x00000098   Code   RO          903    i.HAL_InitTick      stm32f1xx_hal_timebase_tim.o
    0x08000ae8   0x08000ae8   0x00000048   Code   RO          879    i.HAL_MspInit       stm32f1xx_hal_msp.o
    0x08000b30   0x08000b30   0x0000001a   Code   RO         1801    i.HAL_NVIC_EnableIRQ  stm32f1xx_hal_cortex.o
    0x08000b4a   0x08000b4a   0x00000002   PAD
    0x08000b4c   0x08000b4c   0x00000040   Code   RO         1807    i.HAL_NVIC_SetPriority  stm32f1xx_hal_cortex.o
    0x08000b8c   0x08000b8c   0x00000024   Code   RO         1808    i.HAL_NVIC_SetPriorityGrouping  stm32f1xx_hal_cortex.o
    0x08000bb0   0x08000bb0   0x0000012c   Code   RO         1499    i.HAL_RCC_ClockConfig  stm32f1xx_hal_rcc.o
    0x08000cdc   0x08000cdc   0x00000040   Code   RO         1503    i.HAL_RCC_GetClockConfig  stm32f1xx_hal_rcc.o
    0x08000d1c   0x08000d1c   0x00000020   Code   RO         1506    i.HAL_RCC_GetPCLK1Freq  stm32f1xx_hal_rcc.o
    0x08000d3c   0x08000d3c   0x00000020   Code   RO         1507    i.HAL_RCC_GetPCLK2Freq  stm32f1xx_hal_rcc.o
    0x08000d5c   0x08000d5c   0x0000004c   Code   RO         1508    i.HAL_RCC_GetSysClockFreq  stm32f1xx_hal_rcc.o
    0x08000da8   0x08000da8   0x00000320   Code   RO         1511    i.HAL_RCC_OscConfig  stm32f1xx_hal_rcc.o
    0x080010c8   0x080010c8   0x00000002   Code   RO         3007    i.HAL_TIMEx_BreakCallback  stm32f1xx_hal_tim_ex.o
    0x080010ca   0x080010ca   0x00000002   Code   RO         3008    i.HAL_TIMEx_CommutCallback  stm32f1xx_hal_tim_ex.o
    0x080010cc   0x080010cc   0x0000005a   Code   RO         2303    i.HAL_TIM_Base_Init  stm32f1xx_hal_tim.o
    0x08001126   0x08001126   0x00000002   Code   RO         2305    i.HAL_TIM_Base_MspInit  stm32f1xx_hal_tim.o
    0x08001128   0x08001128   0x00000058   Code   RO         2308    i.HAL_TIM_Base_Start_IT  stm32f1xx_hal_tim.o
    0x08001180   0x08001180   0x00000002   Code   RO         2337    i.HAL_TIM_IC_CaptureCallback  stm32f1xx_hal_tim.o
    0x08001182   0x08001182   0x00000166   Code   RO         2351    i.HAL_TIM_IRQHandler  stm32f1xx_hal_tim.o
    0x080012e8   0x080012e8   0x00000002   Code   RO         2354    i.HAL_TIM_OC_DelayElapsedCallback  stm32f1xx_hal_tim.o
    0x080012ea   0x080012ea   0x00000002   Code   RO         2381    i.HAL_TIM_PWM_PulseFinishedCallback  stm32f1xx_hal_tim.o
    0x080012ec   0x080012ec   0x0000000e   Code   RO          610    i.HAL_TIM_PeriodElapsedCallback  main.o
    0x080012fa   0x080012fa   0x00000002   Code   RO         2394    i.HAL_TIM_TriggerCallback  stm32f1xx_hal_tim.o
    0x080012fc   0x080012fc   0x00000002   Code   RO         3286    i.HAL_UARTEx_RxEventCallback  stm32f1xx_hal_uart.o
    0x080012fe   0x080012fe   0x00000002   Code   RO         3300    i.HAL_UART_ErrorCallback  stm32f1xx_hal_uart.o
    0x08001300   0x08001300   0x0000026c   Code   RO         3303    i.HAL_UART_IRQHandler  stm32f1xx_hal_uart.o
    0x0800156c   0x0800156c   0x00000064   Code   RO         3304    i.HAL_UART_Init     stm32f1xx_hal_uart.o
    0x080015d0   0x080015d0   0x000000dc   Code   RO          756    i.HAL_UART_MspInit  usart.o
    0x080016ac   0x080016ac   0x0000001c   Code   RO         3309    i.HAL_UART_Receive_IT  stm32f1xx_hal_uart.o
    0x080016c8   0x080016c8   0x00000038   Code   RO          175    i.HAL_UART_RxCpltCallback  esp8266.o
    0x08001700   0x08001700   0x0000009a   Code   RO         3312    i.HAL_UART_Transmit  stm32f1xx_hal_uart.o
    0x0800179a   0x0800179a   0x00000002   Code   RO         3315    i.HAL_UART_TxCpltCallback  stm32f1xx_hal_uart.o
    0x0800179c   0x0800179c   0x0000000e   Code   RO           13    i.HAL_usart_init    hal_usart.o
    0x080017aa   0x080017aa   0x00000020   Code   RO           14    i.HAL_usart_send    hal_usart.o
    0x080017ca   0x080017ca   0x00000002   Code   RO          805    i.HardFault_Handler  stm32f1xx_it.o
    0x080017cc   0x080017cc   0x00000064   Code   RO          682    i.MX_FREERTOS_Init  freertos.o
    0x08001830   0x08001830   0x000000bc   Code   RO          658    i.MX_GPIO_Init      gpio.o
    0x080018ec   0x080018ec   0x00000038   Code   RO          757    i.MX_USART2_UART_Init  usart.o
    0x08001924   0x08001924   0x00000038   Code   RO          758    i.MX_USART3_UART_Init  usart.o
    0x0800195c   0x0800195c   0x00000002   Code   RO          806    i.MemManage_Handler  stm32f1xx_it.o
    0x0800195e   0x0800195e   0x00000002   Code   RO          807    i.NMI_Handler       stm32f1xx_it.o
    0x08001960   0x08001960   0x0000002c   Code   RO         5222    i.SysTick_Handler   port.o
    0x0800198c   0x0800198c   0x0000005e   Code   RO          611    i.SystemClock_Config  main.o
    0x080019ea   0x080019ea   0x00000002   Code   RO         3638    i.SystemInit        system_stm32f1xx.o
    0x080019ec   0x080019ec   0x0000000c   Code   RO          808    i.TIM2_IRQHandler   stm32f1xx_it.o
    0x080019f8   0x080019f8   0x0000006c   Code   RO         2396    i.TIM_Base_SetConfig  stm32f1xx_hal_tim.o
    0x08001a64   0x08001a64   0x00000040   Code   RO          683    i.Task_main_start   freertos.o
    0x08001aa4   0x08001aa4   0x00000010   Code   RO         3317    i.UART_DMAAbortOnError  stm32f1xx_hal_uart.o
    0x08001ab4   0x08001ab4   0x0000004e   Code   RO         3327    i.UART_EndRxTransfer  stm32f1xx_hal_uart.o
    0x08001b02   0x08001b02   0x000000c2   Code   RO         3329    i.UART_Receive_IT   stm32f1xx_hal_uart.o
    0x08001bc4   0x08001bc4   0x000000b8   Code   RO         3330    i.UART_SetConfig    stm32f1xx_hal_uart.o
    0x08001c7c   0x08001c7c   0x00000036   Code   RO         3332    i.UART_Start_Receive_IT  stm32f1xx_hal_uart.o
    0x08001cb2   0x08001cb2   0x00000078   Code   RO         3333    i.UART_WaitOnFlagUntilTimeout  stm32f1xx_hal_uart.o
    0x08001d2a   0x08001d2a   0x00000002   PAD
    0x08001d2c   0x08001d2c   0x0000000c   Code   RO          809    i.USART2_IRQHandler  stm32f1xx_it.o
    0x08001d38   0x08001d38   0x0000000c   Code   RO          810    i.USART3_IRQHandler  stm32f1xx_it.o
    0x08001d44   0x08001d44   0x00000002   Code   RO          811    i.UsageFault_Handler  stm32f1xx_it.o
    0x08001d46   0x08001d46   0x00000028   Code   RO         5631    i.__ARM_fpclassify  m_ws.l(fpclassify.o)
    0x08001d6e   0x08001d6e   0x00000020   Code   RO         1814    i.__NVIC_SetPriority  stm32f1xx_hal_cortex.o
    0x08001d8e   0x08001d8e   0x00000002   PAD
    0x08001d90   0x08001d90   0x00000388   Code   RO         5636    i.__ieee754_rem_pio2  m_ws.l(rred.o)
    0x08002118   0x08002118   0x000000fc   Code   RO         5614    i.__kernel_cos      m_ws.l(cos_i.o)
    0x08002214   0x08002214   0x000000aa   Code   RO         5633    i.__kernel_poly     m_ws.l(poly.o)
    0x080022be   0x080022be   0x00000002   PAD
    0x080022c0   0x080022c0   0x000000ec   Code   RO         5641    i.__kernel_sin      m_ws.l(sin_i.o)
    0x080023ac   0x080023ac   0x00000006   Code   RO         5618    i.__mathlib_dbl_infnan  m_ws.l(dunder.o)
    0x080023b2   0x080023b2   0x0000000c   Code   RO         5620    i.__mathlib_dbl_invalid  m_ws.l(dunder.o)
    0x080023be   0x080023be   0x00000002   PAD
    0x080023c0   0x080023c0   0x00000010   Code   RO         5623    i.__mathlib_dbl_underflow  m_ws.l(dunder.o)
    0x080023d0   0x080023d0   0x00000022   Code   RO          612    i.main              main.o
    0x080023f2   0x080023f2   0x00000002   PAD
    0x080023f4   0x080023f4   0x00000034   Code   RO         4751    i.osDelay           cmsis_os2.o
    0x08002428   0x08002428   0x00000038   Code   RO         4765    i.osKernelInitialize  cmsis_os2.o
    0x08002460   0x08002460   0x00000040   Code   RO         4768    i.osKernelStart     cmsis_os2.o
    0x080024a0   0x080024a0   0x00000074   Code   RO         4784    i.osSemaphoreAcquire  cmsis_os2.o
    0x08002514   0x08002514   0x000000b0   Code   RO         4787    i.osSemaphoreNew    cmsis_os2.o
    0x080025c4   0x080025c4   0x000000a4   Code   RO         4802    i.osThreadNew       cmsis_os2.o
    0x08002668   0x08002668   0x0000005c   Code   RO         4247    i.prvAddCurrentTaskToDelayedList  tasks.o
    0x080026c4   0x080026c4   0x000000d0   Code   RO         4248    i.prvAddNewTaskToReadyList  tasks.o
    0x08002794   0x08002794   0x00000058   Code   RO         4597    i.prvCheckForValidListAndQueue  timers.o
    0x080027ec   0x080027ec   0x00000026   Code   RO         3853    i.prvCopyDataFromQueue  queue.o
    0x08002812   0x08002812   0x0000006c   Code   RO         3854    i.prvCopyDataToQueue  queue.o
    0x0800287e   0x0800287e   0x00000034   Code   RO         4249    i.prvDeleteTCB      tasks.o
    0x080028b2   0x080028b2   0x00000002   PAD
    0x080028b4   0x080028b4   0x00000048   Code   RO         5172    i.prvHeapInit       heap_4.o
    0x080028fc   0x080028fc   0x00000060   Code   RO         4250    i.prvIdleTask       tasks.o
    0x0800295c   0x0800295c   0x00000022   Code   RO         3856    i.prvInitialiseNewQueue  queue.o
    0x0800297e   0x0800297e   0x0000009c   Code   RO         4251    i.prvInitialiseNewTask  tasks.o
    0x08002a1a   0x08002a1a   0x00000002   PAD
    0x08002a1c   0x08002a1c   0x0000004c   Code   RO         5173    i.prvInsertBlockIntoFreeList  heap_4.o
    0x08002a68   0x08002a68   0x00000038   Code   RO         4599    i.prvInsertTimerInActiveList  timers.o
    0x08002aa0   0x08002aa0   0x0000001c   Code   RO         3857    i.prvIsQueueEmpty   queue.o
    0x08002abc   0x08002abc   0x000000cc   Code   RO         4600    i.prvProcessReceivedCommands  timers.o
    0x08002b88   0x08002b88   0x000000b4   Code   RO         4601    i.prvProcessTimerOrBlockTask  timers.o
    0x08002c3c   0x08002c3c   0x00000020   Code   RO         4253    i.prvResetNextTaskUnblockTime  tasks.o
    0x08002c5c   0x08002c5c   0x00000028   Code   RO         4602    i.prvSampleTimeNow  timers.o
    0x08002c84   0x08002c84   0x0000006c   Code   RO         4603    i.prvSwitchTimerLists  timers.o
    0x08002cf0   0x08002cf0   0x00000028   Code   RO         5223    i.prvTaskExitError  port.o
    0x08002d18   0x08002d18   0x00000024   Code   RO         4604    i.prvTimerTask      timers.o
    0x08002d3c   0x08002d3c   0x0000006a   Code   RO         3858    i.prvUnlockQueue    queue.o
    0x08002da6   0x08002da6   0x00000002   PAD
    0x08002da8   0x08002da8   0x000000d8   Code   RO         5174    i.pvPortMalloc      heap_4.o
    0x08002e80   0x08002e80   0x00000018   Code   RO         4256    i.pvTaskIncrementMutexHeldCount  tasks.o
    0x08002e98   0x08002e98   0x00000024   Code   RO         5224    i.pxPortInitialiseStack  port.o
    0x08002ebc   0x08002ebc   0x000000a0   Code   RO         5500    i.sin               m_ws.l(sin.o)
    0x08002f5c   0x08002f5c   0x00000026   Code   RO         3813    i.uxListRemove      list.o
    0x08002f82   0x08002f82   0x00000002   PAD
    0x08002f84   0x08002f84   0x00000014   Code   RO         4814    i.vApplicationGetIdleTaskMemory  cmsis_os2.o
    0x08002f98   0x08002f98   0x00000018   Code   RO         4815    i.vApplicationGetTimerTaskMemory  cmsis_os2.o
    0x08002fb0   0x08002fb0   0x00000016   Code   RO         3814    i.vListInitialise   list.o
    0x08002fc6   0x08002fc6   0x00000006   Code   RO         3815    i.vListInitialiseItem  list.o
    0x08002fcc   0x08002fcc   0x00000030   Code   RO         3816    i.vListInsert       list.o
    0x08002ffc   0x08002ffc   0x00000018   Code   RO         3817    i.vListInsertEnd    list.o
    0x08003014   0x08003014   0x00000040   Code   RO         5226    i.vPortEnterCritical  port.o
    0x08003054   0x08003054   0x00000028   Code   RO         5227    i.vPortExitCritical  port.o
    0x0800307c   0x0800307c   0x0000005c   Code   RO         5175    i.vPortFree         heap_4.o
    0x080030d8   0x080030d8   0x00000024   Code   RO         5228    i.vPortSetupTimerInterrupt  port.o
    0x080030fc   0x080030fc   0x00000054   Code   RO         5229    i.vPortValidateInterruptPriority  port.o
    0x08003150   0x08003150   0x00000028   Code   RO         3864    i.vQueueAddToRegistry  queue.o
    0x08003178   0x08003178   0x0000002e   Code   RO         3865    i.vQueueDelete      queue.o
    0x080031a6   0x080031a6   0x00000002   PAD
    0x080031a8   0x080031a8   0x00000028   Code   RO         3867    i.vQueueUnregisterQueue  queue.o
    0x080031d0   0x080031d0   0x00000044   Code   RO         3868    i.vQueueWaitForMessageRestricted  queue.o
    0x08003214   0x08003214   0x0000004c   Code   RO         4265    i.vTaskDelay        tasks.o
    0x08003260   0x08003260   0x00000010   Code   RO         4270    i.vTaskInternalSetTimeOutState  tasks.o
    0x08003270   0x08003270   0x0000000c   Code   RO         4271    i.vTaskMissedYield  tasks.o
    0x0800327c   0x0800327c   0x00000030   Code   RO          684    i.vTaskOnenet       freertos.o
    0x080032ac   0x080032ac   0x00000030   Code   RO         4273    i.vTaskPlaceOnEventList  tasks.o
    0x080032dc   0x080032dc   0x00000038   Code   RO         4274    i.vTaskPlaceOnEventListRestricted  tasks.o
    0x08003314   0x08003314   0x00000090   Code   RO         4276    i.vTaskPriorityDisinheritAfterTimeout  tasks.o
    0x080033a4   0x080033a4   0x00000044   Code   RO          685    i.vTaskScan         freertos.o
    0x080033e8   0x080033e8   0x00000088   Code   RO         4282    i.vTaskStartScheduler  tasks.o
    0x08003470   0x08003470   0x00000010   Code   RO         4284    i.vTaskSuspendAll   tasks.o
    0x08003480   0x08003480   0x00000064   Code   RO         4285    i.vTaskSwitchContext  tasks.o
    0x080034e4   0x080034e4   0x00000034   Code   RO          686    i.vTaskusartTask    freertos.o
    0x08003518   0x08003518   0x000000a8   Code   RO         5230    i.xPortStartScheduler  port.o
    0x080035c0   0x080035c0   0x0000003a   Code   RO         3869    i.xQueueCreateCountingSemaphore  queue.o
    0x080035fa   0x080035fa   0x00000040   Code   RO         3870    i.xQueueCreateCountingSemaphoreStatic  queue.o
    0x0800363a   0x0800363a   0x00000048   Code   RO         3873    i.xQueueGenericCreate  queue.o
    0x08003682   0x08003682   0x00000066   Code   RO         3874    i.xQueueGenericCreateStatic  queue.o
    0x080036e8   0x080036e8   0x00000088   Code   RO         3875    i.xQueueGenericReset  queue.o
    0x08003770   0x08003770   0x00000160   Code   RO         3876    i.xQueueGenericSend  queue.o
    0x080038d0   0x080038d0   0x000000bc   Code   RO         3877    i.xQueueGenericSendFromISR  queue.o
    0x0800398c   0x0800398c   0x00000138   Code   RO         3886    i.xQueueReceive     queue.o
    0x08003ac4   0x08003ac4   0x0000009a   Code   RO         3887    i.xQueueReceiveFromISR  queue.o
    0x08003b5e   0x08003b5e   0x00000002   PAD
    0x08003b60   0x08003b60   0x00000178   Code   RO         3888    i.xQueueSemaphoreTake  queue.o
    0x08003cd8   0x08003cd8   0x00000074   Code   RO         4286    i.xTaskCheckForTimeOut  tasks.o
    0x08003d4c   0x08003d4c   0x0000005a   Code   RO         4287    i.xTaskCreate       tasks.o
    0x08003da6   0x08003da6   0x00000056   Code   RO         4288    i.xTaskCreateStatic  tasks.o
    0x08003dfc   0x08003dfc   0x0000001c   Code   RO         4292    i.xTaskGetSchedulerState  tasks.o
    0x08003e18   0x08003e18   0x0000000c   Code   RO         4293    i.xTaskGetTickCount  tasks.o
    0x08003e24   0x08003e24   0x000000c8   Code   RO         4295    i.xTaskIncrementTick  tasks.o
    0x08003eec   0x08003eec   0x00000080   Code   RO         4298    i.xTaskPriorityDisinherit  tasks.o
    0x08003f6c   0x08003f6c   0x00000078   Code   RO         4299    i.xTaskPriorityInherit  tasks.o
    0x08003fe4   0x08003fe4   0x00000070   Code   RO         4300    i.xTaskRemoveFromEventList  tasks.o
    0x08004054   0x08004054   0x000000c4   Code   RO         4301    i.xTaskResumeAll    tasks.o
    0x08004118   0x08004118   0x00000060   Code   RO         4611    i.xTimerCreateTimerTask  timers.o
    0x08004178   0x08004178   0x00000068   Code   RO         4612    i.xTimerGenericCommand  timers.o
    0x080041e0   0x080041e0   0x00000150   Code   RO         5457    x$fpl$dadd          fz_ws.l(daddsub_clz.o)
    0x08004330   0x08004330   0x00000010   Code   RO         5739    x$fpl$dcheck1       fz_ws.l(dcheck1.o)
    0x08004340   0x08004340   0x000002b0   Code   RO         5602    x$fpl$ddiv          fz_ws.l(ddiv.o)
    0x080045f0   0x080045f0   0x0000005e   Code   RO         5465    x$fpl$dfix          fz_ws.l(dfix.o)
    0x0800464e   0x0800464e   0x0000002e   Code   RO         5470    x$fpl$dflt          fz_ws.l(dflt_clz.o)
    0x0800467c   0x0800467c   0x00000026   Code   RO         5469    x$fpl$dfltu         fz_ws.l(dflt_clz.o)
    0x080046a2   0x080046a2   0x00000002   PAD
    0x080046a4   0x080046a4   0x00000154   Code   RO         5477    x$fpl$dmul          fz_ws.l(dmul.o)
    0x080047f8   0x080047f8   0x0000009c   Code   RO         5605    x$fpl$dnaninf       fz_ws.l(dnaninf.o)
    0x08004894   0x08004894   0x0000000c   Code   RO         5607    x$fpl$dretinf       fz_ws.l(dretinf.o)
    0x080048a0   0x080048a0   0x00000016   Code   RO         5458    x$fpl$drsb          fz_ws.l(daddsub_clz.o)
    0x080048b6   0x080048b6   0x00000002   PAD
    0x080048b8   0x080048b8   0x000001d4   Code   RO         5459    x$fpl$dsub          fz_ws.l(daddsub_clz.o)
    0x08004a8c   0x08004a8c   0x00000064   Code   RO         5774    x$fpl$retnan        fz_ws.l(retnan.o)
    0x08004af0   0x08004af0   0x0000005c   Code   RO         5611    x$fpl$scalbn        fz_ws.l(scalbn.o)
    0x08004b4c   0x08004b4c   0x00000030   Code   RO         5806    x$fpl$trapveneer    fz_ws.l(trapv.o)
    0x08004b7c   0x08004b7c   0x00000000   Code   RO         5613    x$fpl$usenofp       fz_ws.l(usenofp.o)
    0x08004b7c   0x08004b7c   0x000000a0   Data   RO          687    .constdata          freertos.o
    0x08004c1c   0x08004c1c   0x00000012   Data   RO         1512    .constdata          stm32f1xx_hal_rcc.o
    0x08004c2e   0x08004c2e   0x00000010   Data   RO         3639    .constdata          system_stm32f1xx.o
    0x08004c3e   0x08004c3e   0x00000008   Data   RO         3640    .constdata          system_stm32f1xx.o
    0x08004c46   0x08004c46   0x00000002   PAD
    0x08004c48   0x08004c48   0x00000030   Data   RO         5615    .constdata          m_ws.l(cos_i.o)
    0x08004c78   0x08004c78   0x000000c8   Data   RO         5638    .constdata          m_ws.l(rred.o)
    0x08004d40   0x08004d40   0x00000028   Data   RO         5642    .constdata          m_ws.l(sin_i.o)
    0x08004d68   0x08004d68   0x00000033   Data   RO          688    .conststring        freertos.o
    0x08004d9b   0x08004d9b   0x00000001   PAD
    0x08004d9c   0x08004d9c   0x00000020   Data   RO         5838    Region$$Table       anon$$obj.o


    Execution Region RW_IRAM1 (Exec base: 0x20000000, Load base: 0x08004dbc, Size: 0x00003dd0, Max: 0x00005000, ABSOLUTE)

    Exec Addr    Load Addr    Size         Type   Attr      Idx    E Section Name        Object

    0x20000000   0x08004dbc   0x00000006   Data   RW          177    .data               esp8266.o
    0x20000006   0x08004dc2   0x00000002   PAD
    0x20000008   0x08004dc4   0x00000020   Data   RW          689    .data               freertos.o
    0x20000028   0x08004de4   0x0000000c   Data   RW         1349    .data               stm32f1xx_hal.o
    0x20000034   0x08004df0   0x00000004   Data   RW         3641    .data               system_stm32f1xx.o
    0x20000038   0x08004df4   0x0000003c   Data   RW         4304    .data               tasks.o
    0x20000074   0x08004e30   0x00000014   Data   RW         4620    .data               timers.o
    0x20000088   0x08004e44   0x00000004   Data   RW         4817    .data               cmsis_os2.o
    0x2000008c   0x08004e48   0x00000018   Data   RW         5180    .data               heap_4.o
    0x200000a4   0x08004e60   0x0000000c   Data   RW         5231    .data               port.o
    0x200000b0        -       0x00000200   Zero   RW          176    .bss                esp8266.o
    0x200002b0        -       0x00000090   Zero   RW          759    .bss                usart.o
    0x20000340        -       0x00000048   Zero   RW          906    .bss                stm32f1xx_hal_timebase_tim.o
    0x20000388        -       0x00000040   Zero   RW         3890    .bss                queue.o
    0x200003c8        -       0x000004c4   Zero   RW         4303    .bss                tasks.o
    0x2000088c        -       0x00000118   Zero   RW         4619    .bss                timers.o
    0x200009a4        -       0x000006b8   Zero   RW         4816    .bss                cmsis_os2.o
    0x2000105c        -       0x00002710   Zero   RW         5179    .bss                heap_4.o
    0x2000376c        -       0x00000060   Zero   RW         5658    .bss                c_w.l(libspace.o)
    0x200037cc   0x08004e6c   0x00000004   PAD
    0x200037d0        -       0x00000200   Zero   RW            2    HEAP                startup_stm32f103xb.o
    0x200039d0        -       0x00000400   Zero   RW            1    STACK               startup_stm32f103xb.o


==============================================================================

Image component sizes


      Code (inc. data)   RO Data    RW Data    ZI Data      Debug   Object Name

         0          0          0          0          0        392   cjson.o
       672         44          0          4       1720      19112   cmsis_os2.o
         0          0          0          0          0       2624   croutine.o
       604        284          0          6        512       3663   esp8266.o
         0          0          0          0          0      20072   event_groups.o
       332        100        211         32          0       3566   freertos.o
       188         16          0          0          0        927   gpio.o
        46          0          0          0          0     431298   hal_usart.o
       456         22          0         24      10000       4543   heap_4.o
       138          0          0          0          0       3270   list.o
       146          0          0          0          0       2420   main.o
         0          0          0          0          0       3684   onenet.o
       662         70          0         12          0      10557   port.o
      2322         28          0          0         64      23864   queue.o
        64         26        236          0       1536        788   startup_stm32f103xb.o
       100         18          0         12          0       5094   stm32f1xx_hal.o
       158         14          0          0          0      28082   stm32f1xx_hal_cortex.o
       222          4          0          0          0       1707   stm32f1xx_hal_dma.o
       500         34          0          0          0       3431   stm32f1xx_hal_gpio.o
        72         10          0          0          0        826   stm32f1xx_hal_msp.o
      1304         94         18          0          0       5597   stm32f1xx_hal_rcc.o
       654         26          0          0          0       6860   stm32f1xx_hal_tim.o
         4          0          0          0          0       1521   stm32f1xx_hal_tim_ex.o
       152         18          0          0         72       1419   stm32f1xx_hal_timebase_tim.o
      1554         10          0          0          0      10584   stm32f1xx_hal_uart.o
        48         18          0          0          0       3699   stm32f1xx_it.o
         0          0          0          0          0       8484   stream_buffer.o
         2          0         24          4          0       1055   system_stm32f1xx.o
      2352        194          0         60       1220      25109   tasks.o
       912         82          0         20        280      25679   timers.o
       332         36          0          0        144       2259   usart.o

    ----------------------------------------------------------------------
     14020       1148        524        176      15548     662186   Object Totals
         0          0         32          0          0          0   (incl. Generated)
        24          0          3          2          0          0   (incl. Padding)

    ----------------------------------------------------------------------

      Code (inc. data)   RO Data    RW Data    ZI Data      Debug   Library Member Name

         8          0          0          0          0         68   __main.o
         0          0          0          0          0          0   __rtentry.o
        12          0          0          0          0          0   __rtentry2.o
         6          0          0          0          0          0   __rtentry4.o
        52          8          0          0          0          0   __scatter.o
        26          0          0          0          0          0   __scatter_copy.o
        28          0          0          0          0          0   __scatter_zi.o
        22          0          0          0          0        100   _rserrno.o
        16          0          0          0          0         68   aeabi_memset.o
        18          0          0          0          0         80   exit.o
         6          0          0          0          0        152   heapauxi.o
         0          0          0          0          0          0   indicate_semi.o
         2          0          0          0          0          0   libinit.o
         2          0          0          0          0          0   libinit2.o
         2          0          0          0          0          0   libshutdown.o
         2          0          0          0          0          0   libshutdown2.o
         8          4          0          0         96         68   libspace.o
         8          4          0          0          0         68   rt_errno_addr_intlibspace.o
        68          0          0          0          0         68   rt_memclr.o
        78          0          0          0          0         80   rt_memclr_w.o
       138          0          0          0          0         68   rt_memcpy_v6.o
       100          0          0          0          0         80   rt_memcpy_w.o
         2          0          0          0          0          0   rtexit.o
        10          0          0          0          0          0   rtexit2.o
        62          0          0          0          0         76   strlen.o
        36          0          0          0          0         80   strstr.o
        12          4          0          0          0         68   sys_exit.o
        74          0          0          0          0         80   sys_stackheap_outer.o
         2          0          0          0          0         68   use_no_semi.o
       826         16          0          0          0        348   daddsub_clz.o
        16          4          0          0          0         68   dcheck1.o
       688        140          0          0          0        208   ddiv.o
        94          4          0          0          0         92   dfix.o
        84          0          0          0          0        136   dflt_clz.o
       340         12          0          0          0        104   dmul.o
       156          4          0          0          0         92   dnaninf.o
        12          0          0          0          0         68   dretinf.o
       100          0          0          0          0         68   retnan.o
        92          0          0          0          0         68   scalbn.o
        48          0          0          0          0         68   trapv.o
         0          0          0          0          0          0   usenofp.o
       252         22         48          0          0        124   cos_i.o
        34          6          0          0          0        204   dunder.o
        40          0          0          0          0         68   fpclassify.o
       170          0          0          0          0         96   poly.o
       904         76        200          0          0        140   rred.o
       160         10          0          0          0        108   sin.o
       236         12         40          0          0        128   sin_i.o

    ----------------------------------------------------------------------
      5068        326        288          0        100       3460   Library Totals
        16          0          0          0          4          0   (incl. Padding)

    ----------------------------------------------------------------------

      Code (inc. data)   RO Data    RW Data    ZI Data      Debug   Library Name

       800         20          0          0         96       1272   c_w.l
      2456        180          0          0          0       1320   fz_ws.l
      1796        126        288          0          0        868   m_ws.l

    ----------------------------------------------------------------------
      5068        326        288          0        100       3460   Library Totals

    ----------------------------------------------------------------------

==============================================================================


      Code (inc. data)   RO Data    RW Data    ZI Data      Debug   

     19088       1474        812        176      15648     656022   Grand Totals
     19088       1474        812        176      15648     656022   ELF Image Totals
     19088       1474        812        176          0          0   ROM Totals

==============================================================================

    Total RO  Size (Code + RO Data)                19900 (  19.43kB)
    Total RW  Size (RW Data + ZI Data)             15824 (  15.45kB)
    Total ROM Size (Code + RO Data + RW Data)      20076 (  19.61kB)

==============================================================================

